2026-07-19 15:43:42,215 - INFO - Building image sweb.env.py.x86_64.f617e966d4d042fa0c98a8:latest
Using dockerfile:
FROM --platform=linux/x86_64 sweb.base.py.x86_64:latest

COPY ./setup_env.sh /root/
RUN sed -i -e 's/\r$//' /root/setup_env.sh
RUN chmod +x /root/setup_env.sh
RUN /bin/bash -c "source ~/.bashrc && /root/setup_env.sh"

WORKDIR /testbed/

# Automatically activate the testbed environment
RUN echo "source /opt/miniconda3/etc/profile.d/conda.sh && conda activate testbed" > /root/.bashrc

Adding (1) setup scripts to image build repo
2026-07-19 15:43:42,269 - INFO - [SETUP SCRIPT] setup_env.sh:
#!/bin/bash
set -euxo pipefail
source /opt/miniconda3/bin/activate
cat <<'EOF_59812759871' > /root/environment.yml
name: testbed
channels:
  - defaults
  - conda-forge
dependencies:
  - _libgcc_mutex=0.1=main
  - _openmp_mutex=5.1=1_gnu
  - attrs=21.4.0=pyhd3eb1b0_0
  - blas=1.0=openblas
  - ca-certificates=2024.9.24=h06a4308_0
  - certifi=2021.5.30=py36h06a4308_0
  - cycler=0.11.0=pyhd3eb1b0_0
  - cython=0.29.24=py36h295c915_0
  - dbus=1.13.18=hb2f20db_0
  - expat=2.6.3=h6a678d5_0
  - fontconfig=2.14.1=h52c9d5c_1
  - freetype=2.12.1=h4a9f257_0
  - giflib=5.2.1=h5eee18b_3
  - glib=2.69.1=h4ff587b_1
  - gst-plugins-base=1.14.1=h6a678d5_1
  - gstreamer=1.14.1=h5eee18b_1
  - icu=58.2=he6710b0_3
  - importlib-metadata=4.8.1=py36h06a4308_0
  - importlib_metadata=4.8.1=hd3eb1b0_0
  - iniconfig=1.1.1=pyhd3eb1b0_0
  - jpeg=9e=h5eee18b_3
  - kiwisolver=1.3.1=py36h2531618_0
  - lcms2=2.12=h3be6417_0
  - ld_impl_linux-64=2.40=h12ee557_0
  - lerc=3.0=h295c915_0
  - libdeflate=1.17=h5eee18b_1
  - libffi=3.3=he6710b0_2
  - libgcc-ng=11.2.0=h1234567_1
  - libgfortran-ng=7.5.0=ha8ba4b0_17
  - libgfortran4=7.5.0=ha8ba4b0_17
  - libgomp=11.2.0=h1234567_1
  - libopenblas=0.3.18=hf726d26_0
  - libpng=1.6.39=h5eee18b_0
  - libstdcxx-ng=11.2.0=h1234567_1
  - libtiff=4.5.1=h6a678d5_0
  - libuuid=1.41.5=h5eee18b_0
  - libwebp=1.2.4=h11a3e52_1
  - libwebp-base=1.2.4=h5eee18b_1
  - libxcb=1.15=h7f8727e_0
  - libxml2=2.9.14=h74e7548_0
  - lz4-c=1.9.4=h6a678d5_1
  - matplotlib=3.3.4=py36h06a4308_0
  - matplotlib-base=3.3.4=py36h62a2d02_0
  - more-itertools=8.12.0=pyhd3eb1b0_0
  - ncurses=6.4=h6a678d5_0
  - numpy=1.19.2=py36h6163131_0
  - numpy-base=1.19.2=py36h75fe3a5_0
  - olefile=0.46=pyhd3eb1b0_0
  - openssl=1.1.1w=h7f8727e_0
  - packaging=21.3=pyhd3eb1b0_0
  - pandas=1.1.5=py36ha9443f7_0
  - pcre=8.45=h295c915_0
  - pillow=8.3.1=py36h5aabda8_0
  - pip=21.2.2=py36h06a4308_0
  - pluggy=0.13.1=py36h06a4308_0
  - py=1.11.0=pyhd3eb1b0_0
  - pyparsing=3.0.4=pyhd3eb1b0_0
  - pyqt=5.9.2=py36h05f1152_2
  - pytest=6.2.4=py36h06a4308_2
  - python=3.6.13=h12debd9_1
  - python-dateutil=2.8.2=pyhd3eb1b0_0
  - pytz=2021.3=pyhd3eb1b0_0
  - qt=5.9.7=h5867ecd_1
  - readline=8.2=h5eee18b_0
  - scipy=1.5.2=py36habc2bb6_0
  - setuptools=58.0.4=py36h06a4308_0
  - sip=4.19.8=py36hf484d3e_0
  - six=1.16.0=pyhd3eb1b0_1
  - sqlite=3.45.3=h5eee18b_0
  - tk=8.6.14=h39e8969_0
  - toml=0.10.2=pyhd3eb1b0_0
  - tornado=6.1=py36h27cfd23_0
  - typing_extensions=4.1.1=pyh06a4308_0
  - wheel=0.37.1=pyhd3eb1b0_0
  - xz=5.4.6=h5eee18b_1
  - zipp=3.6.0=pyhd3eb1b0_0
  - zlib=1.2.13=h5eee18b_1
  - zstd=1.5.6=hc292b87_0
  - pip:
      - joblib==1.1.1
prefix: /opt/miniconda3/envs/testbed

EOF_59812759871
conda env create -f /root/environment.yml
conda activate testbed

2026-07-19 15:43:42,269 - INFO - Building docker image sweb.env.py.x86_64.f617e966d4d042fa0c98a8:latest in logs/build_images/env/sweb.env.py.x86_64.f617e966d4d042fa0c98a8__latest with platform linux/x86_64
2026-07-19 15:43:43,012 - INFO - Step 1/7 : FROM --platform=linux/x86_64 sweb.base.py.x86_64:latest
2026-07-19 15:43:43,012 - INFO - 
2026-07-19 15:43:43,022 - INFO - ---> 50d1a44eed7e
2026-07-19 15:43:43,022 - INFO - Step 2/7 : COPY ./setup_env.sh /root/
2026-07-19 15:43:43,022 - INFO - 
2026-07-19 15:43:44,674 - INFO - ---> a7b48f4a069f
2026-07-19 15:43:44,674 - INFO - Step 3/7 : RUN sed -i -e 's/\r$//' /root/setup_env.sh
2026-07-19 15:43:44,674 - INFO - 
2026-07-19 15:43:44,701 - INFO - ---> [Warning] The requested image's platform (linux/amd64) does not match the detected host platform (linux/arm64/v8) and no specific platform was requested
2026-07-19 15:43:44,702 - INFO - ---> Running in e4d80927e7ec
2026-07-19 15:43:46,118 - INFO - ---> Removed intermediate container e4d80927e7ec
2026-07-19 15:43:46,118 - INFO - ---> e97d92cac96d
2026-07-19 15:43:46,118 - INFO - Step 4/7 : RUN chmod +x /root/setup_env.sh
2026-07-19 15:43:46,118 - INFO - 
2026-07-19 15:43:46,140 - INFO - ---> [Warning] The requested image's platform (linux/amd64) does not match the detected host platform (linux/arm64/v8) and no specific platform was requested
2026-07-19 15:43:46,140 - INFO - ---> Running in ff9f4f27bd40
2026-07-19 15:43:47,412 - INFO - ---> Removed intermediate container ff9f4f27bd40
2026-07-19 15:43:47,412 - INFO - ---> 6180fd65f7ab
2026-07-19 15:43:47,412 - INFO - Step 5/7 : RUN /bin/bash -c "source ~/.bashrc && /root/setup_env.sh"
2026-07-19 15:43:47,412 - INFO - 
2026-07-19 15:43:47,442 - INFO - ---> [Warning] The requested image's platform (linux/amd64) does not match the detected host platform (linux/arm64/v8) and no specific platform was requested
2026-07-19 15:43:47,442 - INFO - ---> Running in 0412e9dc21ff
2026-07-19 15:43:47,550 - INFO - + source /opt/miniconda3/bin/activate
2026-07-19 15:43:47,551 - INFO - ++ _CONDA_ROOT=/opt/miniconda3
2026-07-19 15:43:47,552 - INFO - ++ . /opt/miniconda3/etc/profile.d/conda.sh
2026-07-19 15:43:47,552 - INFO - +++ export CONDA_EXE=/opt/miniconda3/bin/conda
2026-07-19 15:43:47,552 - INFO - +++ CONDA_EXE=/opt/miniconda3/bin/conda
2026-07-19 15:43:47,552 - INFO - +++ export _CE_M=
+++ _CE_M=
+++ export _CE_CONDA=
+++ _CE_CONDA=
+++ export CONDA_PYTHON_EXE=/opt/miniconda3/bin/python
+++ CONDA_PYTHON_EXE=/opt/miniconda3/bin/python
2026-07-19 15:43:47,555 - INFO - +++ '[' -z '' ']'
2026-07-19 15:43:47,555 - INFO - +++ export CONDA_SHLVL=0
+++ CONDA_SHLVL=0
2026-07-19 15:43:47,555 - INFO - +++ '[' -n '' ']'
2026-07-19 15:43:47,556 - INFO - +++++ dirname /opt/miniconda3/bin/conda
2026-07-19 15:43:47,566 - INFO - ++++ dirname /opt/miniconda3/bin
2026-07-19 15:43:47,577 - INFO - +++ PATH=/opt/miniconda3/condabin:/opt/miniconda3/bin:/usr/local/sbin:/usr/local/bin:/usr/sbin:/usr/bin:/sbin:/bin
2026-07-19 15:43:47,577 - INFO - +++ export PATH
2026-07-19 15:43:47,577 - INFO - +++ '[' -z '' ']'
+++ PS1=
2026-07-19 15:43:47,577 - INFO - ++ conda activate
2026-07-19 15:43:47,577 - INFO - ++ local cmd=activate
2026-07-19 15:43:47,578 - INFO - ++ case "$cmd" in
2026-07-19 15:43:47,578 - INFO - ++ __conda_activate activate
2026-07-19 15:43:47,578 - INFO - ++ '[' -n '' ']'
++ local ask_conda
2026-07-19 15:43:47,579 - INFO - +++ PS1=
+++ __conda_exe shell.posix activate
2026-07-19 15:43:47,579 - INFO - +++ /opt/miniconda3/bin/conda shell.posix activate
2026-07-19 15:43:47,740 - INFO - ++ ask_conda='PS1='\''(base) '\''
export PATH='\''/opt/miniconda3/bin:/opt/miniconda3/condabin:/opt/miniconda3/bin:/usr/local/sbin:/usr/local/bin:/usr/sbin:/usr/bin:/sbin:/bin'\''
export CONDA_PREFIX='\''/opt/miniconda3'\''
export CONDA_SHLVL='\''1'\''
export CONDA_DEFAULT_ENV='\''base'\''
export CONDA_PROMPT_MODIFIER='\''(base) '\''
export CONDA_EXE='\''/opt/miniconda3/bin/conda'\''
export _CE_M='\'''\''
export _CE_CONDA='\'''\''
export CONDA_PYTHON_EXE='\''/opt/miniconda3/bin/python'\'''
++ eval 'PS1='\''(base) '\''
export PATH='\''/opt/miniconda3/bin:/opt/miniconda3/condabin:/opt/miniconda3/bin:/usr/local/sbin:/usr/local/bin:/usr/sbin:/usr/bin:/sbin:/bin'\''
export CONDA_PREFIX='\''/opt/miniconda3'\''
export CONDA_SHLVL='\''1'\''
export CONDA_DEFAULT_ENV='\''base'\''
export CONDA_PROMPT_MODIFIER='\''(base) '\''
export CONDA_EXE='\''/opt/miniconda3/bin/conda'\''
export _CE_M='\'''\''
export _CE_CONDA='\'''\''
export CONDA_PYTHON_EXE='\''/opt/miniconda3/bin/python'\'''
2026-07-19 15:43:47,740 - INFO - +++ PS1='(base) '
+++ export PATH=/opt/miniconda3/bin:/opt/miniconda3/condabin:/opt/miniconda3/bin:/usr/local/sbin:/usr/local/bin:/usr/sbin:/usr/bin:/sbin:/bin
+++ PATH=/opt/miniconda3/bin:/opt/miniconda3/condabin:/opt/miniconda3/bin:/usr/local/sbin:/usr/local/bin:/usr/sbin:/usr/bin:/sbin:/bin
+++ export CONDA_PREFIX=/opt/miniconda3
+++ CONDA_PREFIX=/opt/miniconda3
2026-07-19 15:43:47,740 - INFO - +++ export CONDA_SHLVL=1
+++ CONDA_SHLVL=1
+++ export CONDA_DEFAULT_ENV=base
+++ CONDA_DEFAULT_ENV=base
+++ export 'CONDA_PROMPT_MODIFIER=(base) '
+++ CONDA_PROMPT_MODIFIER='(base) '
+++ export CONDA_EXE=/opt/miniconda3/bin/conda
+++ CONDA_EXE=/opt/miniconda3/bin/conda
+++ export _CE_M=
+++ _CE_M=
+++ export _CE_CONDA=
+++ _CE_CONDA=
2026-07-19 15:43:47,740 - INFO - +++ export CONDA_PYTHON_EXE=/opt/miniconda3/bin/python
+++ CONDA_PYTHON_EXE=/opt/miniconda3/bin/python
++ __conda_hashr
2026-07-19 15:43:47,740 - INFO - ++ '[' -n '' ']'
++ '[' -n '' ']'
++ hash -r
2026-07-19 15:43:47,740 - INFO - + cat
2026-07-19 15:43:47,752 - INFO - + conda env create -f /root/environment.yml
+ local cmd=env
2026-07-19 15:43:47,752 - INFO - + case "$cmd" in
2026-07-19 15:43:47,752 - INFO - + __conda_exe env create -f /root/environment.yml
2026-07-19 15:43:47,753 - INFO - + /opt/miniconda3/bin/conda env create -f /root/environment.yml
2026-07-19 15:43:48,729 - INFO - Channels:
 - defaults
 - conda-forge
Platform: linux-64
Collecting package metadata (repodata.json): ...working...
2026-07-19 15:44:53,235 - INFO - done
2026-07-19 15:44:53,238 - INFO - Solving environment: ...working...
2026-07-19 15:44:56,477 - INFO - done
2026-07-19 15:45:14,089 - INFO - Downloading and Extracting Packages: ...working... done
Preparing transaction: ...working...
2026-07-19 15:45:14,803 - INFO - done
2026-07-19 15:45:14,803 - INFO - Verifying transaction: ...working...
2026-07-19 15:45:16,317 - INFO - done
2026-07-19 15:45:16,318 - INFO - Executing transaction: ...working...
2026-07-19 15:45:19,284 - INFO - done
2026-07-19 15:45:19,319 - INFO - Installing pip dependencies: ...working...
2026-07-19 15:45:20,571 - INFO - Ran pip subprocess with arguments:
['/opt/miniconda3/envs/testbed/bin/python', '-m', 'pip', 'install', '-U', '-r', '/root/condaenv.l2dook41.requirements.txt', '--exists-action=b']
Pip subprocess output:
Collecting joblib==1.1.1
  Downloading joblib-1.1.1-py2.py3-none-any.whl (309 kB)
Installing collected packages: joblib
Successfully installed joblib-1.1.1

done
2026-07-19 15:45:20,572 - INFO - #
# To activate this environment, use
#
#     $ conda activate testbed
#
# To deactivate an active environment, use
#
#     $ conda deactivate
2026-07-19 15:45:20,669 - INFO - + conda activate testbed
+ local cmd=activate
2026-07-19 15:45:20,669 - INFO - + case "$cmd" in
+ __conda_activate activate testbed
2026-07-19 15:45:20,669 - INFO - + '[' -n '' ']'
+ local ask_conda
2026-07-19 15:45:20,670 - INFO - ++ PS1='(base) '
++ __conda_exe shell.posix activate testbed
2026-07-19 15:45:20,671 - INFO - ++ /opt/miniconda3/bin/conda shell.posix activate testbed
2026-07-19 15:45:20,813 - INFO - + ask_conda='PS1='\''(testbed) '\''
export PATH='\''/opt/miniconda3/envs/testbed/bin:/opt/miniconda3/condabin:/opt/miniconda3/bin:/usr/local/sbin:/usr/local/bin:/usr/sbin:/usr/bin:/sbin:/bin'\''
export CONDA_PREFIX='\''/opt/miniconda3/envs/testbed'\''
export CONDA_SHLVL='\''2'\''
export CONDA_DEFAULT_ENV='\''testbed'\''
export CONDA_PROMPT_MODIFIER='\''(testbed) '\''
export CONDA_PREFIX_1='\''/opt/miniconda3'\''
export CONDA_EXE='\''/opt/miniconda3/bin/conda'\''
export _CE_M='\'''\''
export _CE_CONDA='\'''\''
export CONDA_PYTHON_EXE='\''/opt/miniconda3/bin/python'\'''
+ eval 'PS1='\''(testbed) '\''
export PATH='\''/opt/miniconda3/envs/testbed/bin:/opt/miniconda3/condabin:/opt/miniconda3/bin:/usr/local/sbin:/usr/local/bin:/usr/sbin:/usr/bin:/sbin:/bin'\''
export CONDA_PREFIX='\''/opt/miniconda3/envs/testbed'\''
export CONDA_SHLVL='\''2'\''
export CONDA_DEFAULT_ENV='\''testbed'\''
export CONDA_PROMPT_MODIFIER='\''(testbed) '\''
export CONDA_PREFIX_1='\''/opt/miniconda3'\''
export CONDA_EXE='\''/opt/miniconda3/bin/conda'\''
export _CE_M='\'''\''
export _CE_CONDA='\'''\''
export CONDA_PYTHON_EXE='\''/opt/miniconda3/bin/python'\'''
++ PS1='(testbed) '
++ export PATH=/opt/miniconda3/envs/testbed/bin:/opt/miniconda3/condabin:/opt/miniconda3/bin:/usr/local/sbin:/usr/local/bin:/usr/sbin:/usr/bin:/sbin:/bin
++ PATH=/opt/miniconda3/envs/testbed/bin:/opt/miniconda3/condabin:/opt/miniconda3/bin:/usr/local/sbin:/usr/local/bin:/usr/sbin:/usr/bin:/sbin:/bin
2026-07-19 15:45:20,813 - INFO - ++ export CONDA_PREFIX=/opt/miniconda3/envs/testbed
++ CONDA_PREFIX=/opt/miniconda3/envs/testbed
++ export CONDA_SHLVL=2
++ CONDA_SHLVL=2
++ export CONDA_DEFAULT_ENV=testbed
++ CONDA_DEFAULT_ENV=testbed
++ export 'CONDA_PROMPT_MODIFIER=(testbed) '
++ CONDA_PROMPT_MODIFIER='(testbed) '
++ export CONDA_PREFIX_1=/opt/miniconda3
++ CONDA_PREFIX_1=/opt/miniconda3
++ export CONDA_EXE=/opt/miniconda3/bin/conda
++ CONDA_EXE=/opt/miniconda3/bin/conda
++ export _CE_M=
++ _CE_M=
++ export _CE_CONDA=
++ _CE_CONDA=
++ export CONDA_PYTHON_EXE=/opt/miniconda3/bin/python
++ CONDA_PYTHON_EXE=/opt/miniconda3/bin/python
+ __conda_hashr
+ '[' -n '' ']'
+ '[' -n '' ']'
+ hash -r
2026-07-19 15:46:02,674 - INFO - ---> Removed intermediate container 0412e9dc21ff
2026-07-19 15:46:02,675 - INFO - ---> baac9e81a20e
2026-07-19 15:46:02,675 - INFO - Step 6/7 : WORKDIR /testbed/
2026-07-19 15:46:02,675 - INFO - 
2026-07-19 15:46:03,123 - INFO - ---> [Warning] The requested image's platform (linux/amd64) does not match the detected host platform (linux/arm64/v8) and no specific platform was requested
2026-07-19 15:46:03,123 - INFO - ---> Running in c928e3629661
2026-07-19 15:46:06,673 - INFO - ---> Removed intermediate container c928e3629661
2026-07-19 15:46:06,673 - INFO - ---> 6c200c696706
2026-07-19 15:46:06,673 - INFO - Step 7/7 : RUN echo "source /opt/miniconda3/etc/profile.d/conda.sh && conda activate testbed" > /root/.bashrc
2026-07-19 15:46:06,673 - INFO - 
2026-07-19 15:46:06,693 - INFO - ---> [Warning] The requested image's platform (linux/amd64) does not match the detected host platform (linux/arm64/v8) and no specific platform was requested
2026-07-19 15:46:06,696 - INFO - ---> Running in f7a9e88e0084
2026-07-19 15:46:09,859 - INFO - ---> Removed intermediate container f7a9e88e0084
2026-07-19 15:46:09,860 - INFO - ---> f6a420d8ba26
2026-07-19 15:46:09,863 - INFO - Successfully built f6a420d8ba26
2026-07-19 15:46:09,868 - INFO - Successfully tagged sweb.env.py.x86_64.f617e966d4d042fa0c98a8:latest
2026-07-19 15:46:09,869 - INFO - Image built successfully!
