2026-07-19 17:55:39,012 - INFO - Building image sweb.env.py.x86_64.08de7b949eab978b5a23ad:latest
Using dockerfile:
FROM --platform=linux/x86_64 sweb.base.py.x86_64:latest

COPY ./setup_env.sh /root/
RUN sed -i -e 's/\r$//' /root/setup_env.sh
RUN chmod +x /root/setup_env.sh
RUN /bin/bash -c "source ~/.bashrc && /root/setup_env.sh"

WORKDIR /testbed/

# Automatically activate the testbed environment
RUN echo "source /opt/miniconda3/etc/profile.d/conda.sh && conda activate testbed" > /root/.bashrc

Adding (1) setup scripts to image build repo
2026-07-19 17:55:39,012 - INFO - [SETUP SCRIPT] setup_env.sh:
#!/bin/bash
set -euxo pipefail
source /opt/miniconda3/bin/activate
cat <<'EOF_59812759871' > /root/environment.yml
name: testbed
channels:
  - defaults
  - conda-forge
dependencies:
  - _libgcc_mutex=0.1=main
  - _openmp_mutex=5.1=1_gnu
  - ca-certificates=2024.9.24=h06a4308_0
  - ld_impl_linux-64=2.40=h12ee557_0
  - libffi=3.4.4=h6a678d5_1
  - libgcc-ng=11.2.0=h1234567_1
  - libgomp=11.2.0=h1234567_1
  - libstdcxx-ng=11.2.0=h1234567_1
  - ncurses=6.4=h6a678d5_0
  - openssl=3.0.15=h5eee18b_0
  - pip=24.2=py39h06a4308_0
  - python=3.9.20=he870216_1
  - readline=8.2=h5eee18b_0
  - sqlite=3.45.3=h5eee18b_0
  - tk=8.6.14=h39e8969_0
  - tzdata=2024b=h04d1e81_0
  - wheel=0.44.0=py39h06a4308_0
  - xz=5.4.6=h5eee18b_1
  - zlib=1.2.13=h5eee18b_1
  - pip:
      - astroid==3.0.3
      - cachetools==5.5.0
      - certifi==2024.8.30
      - chardet==5.2.0
      - charset-normalizer==3.4.0
      - cli-ui==0.17.2
      - click==8.1.7
      - colorama==0.4.6
      - contributors-txt==1.0.0
      - coverage==7.6.4
      - dill==0.3.9
      - distlib==0.3.9
      - docopt==0.6.2
      - exceptiongroup==1.2.2
      - execnet==2.1.1
      - filelock==3.16.1
      - gprof2dot==2024.6.6
      - idna==3.10
      - importlib-resources==6.4.5
      - incremental==22.10.0
      - iniconfig==2.0.0
      - isort==5.13.2
      - jinja2==3.1.4
      - markupsafe==3.0.2
      - mccabe==0.7.0
      - packaging==24.1
      - platformdirs==4.3.6
      - pluggy==1.5.0
      - py==1.11.0
      - py-cpuinfo==9.0.0
      - pyproject-api==1.8.0
      - pytest==7.4.4
      - pytest-benchmark==4.0.0
      - pytest-cov==4.1.0
      - pytest-profiling==1.7.0
      - pytest-timeout==2.3.1
      - pytest-xdist==3.6.1
      - requests==2.32.3
      - schema==0.7.7
      - setuptools==41.6.0
      - six==1.16.0
      - tabulate==0.8.10
      - tbump==6.10.0
      - tomli==2.0.2
      - tomlkit==0.11.8
      - towncrier==23.11.0
      - tox==4.23.2
      - types-pkg-resources==0.1.3
      - typing-extensions==4.12.2
      - unidecode==1.3.8
      - urllib3==2.2.3
      - virtualenv==20.27.0
      - zipp==3.20.2
prefix: /opt/miniconda3/envs/testbed

EOF_59812759871
conda env create -f /root/environment.yml
conda activate testbed

2026-07-19 17:55:39,013 - INFO - Building docker image sweb.env.py.x86_64.08de7b949eab978b5a23ad:latest in logs/build_images/env/sweb.env.py.x86_64.08de7b949eab978b5a23ad__latest with platform linux/x86_64
2026-07-19 17:55:39,842 - INFO - Step 1/7 : FROM --platform=linux/x86_64 sweb.base.py.x86_64:latest
2026-07-19 17:55:39,842 - INFO - 
2026-07-19 17:55:39,848 - INFO - ---> 50d1a44eed7e
2026-07-19 17:55:39,848 - INFO - Step 2/7 : COPY ./setup_env.sh /root/
2026-07-19 17:55:39,848 - INFO - 
2026-07-19 17:55:43,130 - INFO - ---> 1986f3761741
2026-07-19 17:55:43,130 - INFO - Step 3/7 : RUN sed -i -e 's/\r$//' /root/setup_env.sh
2026-07-19 17:55:43,130 - INFO - 
2026-07-19 17:55:43,145 - INFO - ---> [Warning] The requested image's platform (linux/amd64) does not match the detected host platform (linux/arm64/v8) and no specific platform was requested
2026-07-19 17:55:43,145 - INFO - ---> Running in 61445d7321d1
2026-07-19 17:55:44,309 - INFO - ---> Removed intermediate container 61445d7321d1
2026-07-19 17:55:44,310 - INFO - ---> 100aa6840137
2026-07-19 17:55:44,310 - INFO - Step 4/7 : RUN chmod +x /root/setup_env.sh
2026-07-19 17:55:44,310 - INFO - 
2026-07-19 17:55:44,326 - INFO - ---> [Warning] The requested image's platform (linux/amd64) does not match the detected host platform (linux/arm64/v8) and no specific platform was requested
2026-07-19 17:55:44,326 - INFO - ---> Running in c33298ef9fca
2026-07-19 17:55:45,400 - INFO - ---> Removed intermediate container c33298ef9fca
2026-07-19 17:55:45,400 - INFO - ---> dff39cf014d3
2026-07-19 17:55:45,400 - INFO - Step 5/7 : RUN /bin/bash -c "source ~/.bashrc && /root/setup_env.sh"
2026-07-19 17:55:45,400 - INFO - 
2026-07-19 17:55:45,416 - INFO - ---> [Warning] The requested image's platform (linux/amd64) does not match the detected host platform (linux/arm64/v8) and no specific platform was requested
2026-07-19 17:55:45,416 - INFO - ---> Running in f2409eba6db9
2026-07-19 17:55:45,508 - INFO - + source /opt/miniconda3/bin/activate
2026-07-19 17:55:45,509 - INFO - ++ _CONDA_ROOT=/opt/miniconda3
2026-07-19 17:55:45,509 - INFO - ++ . /opt/miniconda3/etc/profile.d/conda.sh
2026-07-19 17:55:45,509 - INFO - +++ export CONDA_EXE=/opt/miniconda3/bin/conda
2026-07-19 17:55:45,510 - INFO - +++ CONDA_EXE=/opt/miniconda3/bin/conda
2026-07-19 17:55:45,510 - INFO - +++ export _CE_M=
+++ _CE_M=
+++ export _CE_CONDA=
+++ _CE_CONDA=
+++ export CONDA_PYTHON_EXE=/opt/miniconda3/bin/python
+++ CONDA_PYTHON_EXE=/opt/miniconda3/bin/python
2026-07-19 17:55:45,512 - INFO - +++ '[' -z '' ']'
2026-07-19 17:55:45,512 - INFO - +++ export CONDA_SHLVL=0
+++ CONDA_SHLVL=0
2026-07-19 17:55:45,512 - INFO - +++ '[' -n '' ']'
2026-07-19 17:55:45,514 - INFO - +++++ dirname /opt/miniconda3/bin/conda
2026-07-19 17:55:45,524 - INFO - ++++ dirname /opt/miniconda3/bin
2026-07-19 17:55:45,533 - INFO - +++ PATH=/opt/miniconda3/condabin:/opt/miniconda3/bin:/usr/local/sbin:/usr/local/bin:/usr/sbin:/usr/bin:/sbin:/bin
+++ export PATH
2026-07-19 17:55:45,534 - INFO - +++ '[' -z '' ']'
+++ PS1=
2026-07-19 17:55:45,534 - INFO - ++ conda activate
2026-07-19 17:55:45,534 - INFO - ++ local cmd=activate
2026-07-19 17:55:45,535 - INFO - ++ case "$cmd" in
2026-07-19 17:55:45,535 - INFO - ++ __conda_activate activate
2026-07-19 17:55:45,535 - INFO - ++ '[' -n '' ']'
++ local ask_conda
2026-07-19 17:55:45,535 - INFO - +++ PS1=
+++ __conda_exe shell.posix activate
2026-07-19 17:55:45,536 - INFO - +++ /opt/miniconda3/bin/conda shell.posix activate
2026-07-19 17:55:45,674 - INFO - ++ ask_conda='PS1='\''(base) '\''
export PATH='\''/opt/miniconda3/bin:/opt/miniconda3/condabin:/opt/miniconda3/bin:/usr/local/sbin:/usr/local/bin:/usr/sbin:/usr/bin:/sbin:/bin'\''
export CONDA_PREFIX='\''/opt/miniconda3'\''
export CONDA_SHLVL='\''1'\''
export CONDA_DEFAULT_ENV='\''base'\''
export CONDA_PROMPT_MODIFIER='\''(base) '\''
export CONDA_EXE='\''/opt/miniconda3/bin/conda'\''
export _CE_M='\'''\''
export _CE_CONDA='\'''\''
export CONDA_PYTHON_EXE='\''/opt/miniconda3/bin/python'\'''
++ eval 'PS1='\''(base) '\''
export PATH='\''/opt/miniconda3/bin:/opt/miniconda3/condabin:/opt/miniconda3/bin:/usr/local/sbin:/usr/local/bin:/usr/sbin:/usr/bin:/sbin:/bin'\''
export CONDA_PREFIX='\''/opt/miniconda3'\''
export CONDA_SHLVL='\''1'\''
export CONDA_DEFAULT_ENV='\''base'\''
export CONDA_PROMPT_MODIFIER='\''(base) '\''
export CONDA_EXE='\''/opt/miniconda3/bin/conda'\''
export _CE_M='\'''\''
export _CE_CONDA='\'''\''
export CONDA_PYTHON_EXE='\''/opt/miniconda3/bin/python'\'''
2026-07-19 17:55:45,674 - INFO - +++ PS1='(base) '
+++ export PATH=/opt/miniconda3/bin:/opt/miniconda3/condabin:/opt/miniconda3/bin:/usr/local/sbin:/usr/local/bin:/usr/sbin:/usr/bin:/sbin:/bin
+++ PATH=/opt/miniconda3/bin:/opt/miniconda3/condabin:/opt/miniconda3/bin:/usr/local/sbin:/usr/local/bin:/usr/sbin:/usr/bin:/sbin:/bin
+++ export CONDA_PREFIX=/opt/miniconda3
+++ CONDA_PREFIX=/opt/miniconda3
+++ export CONDA_SHLVL=1
+++ CONDA_SHLVL=1
+++ export CONDA_DEFAULT_ENV=base
+++ CONDA_DEFAULT_ENV=base
+++ export 'CONDA_PROMPT_MODIFIER=(base) '
+++ CONDA_PROMPT_MODIFIER='(base) '
+++ export CONDA_EXE=/opt/miniconda3/bin/conda
+++ CONDA_EXE=/opt/miniconda3/bin/conda
+++ export _CE_M=
+++ _CE_M=
+++ export _CE_CONDA=
+++ _CE_CONDA=
+++ export CONDA_PYTHON_EXE=/opt/miniconda3/bin/python
+++ CONDA_PYTHON_EXE=/opt/miniconda3/bin/python
++ __conda_hashr
2026-07-19 17:55:45,674 - INFO - ++ '[' -n '' ']'
++ '[' -n '' ']'
++ hash -r
2026-07-19 17:55:45,675 - INFO - + cat
2026-07-19 17:55:45,686 - INFO - + conda env create -f /root/environment.yml
+ local cmd=env
2026-07-19 17:55:45,686 - INFO - + case "$cmd" in
2026-07-19 17:55:45,686 - INFO - + __conda_exe env create -f /root/environment.yml
2026-07-19 17:55:45,686 - INFO - + /opt/miniconda3/bin/conda env create -f /root/environment.yml
2026-07-19 17:55:46,436 - INFO - Channels:
 - defaults
 - conda-forge
Platform: linux-64
Collecting package metadata (repodata.json): ...working...
2026-07-19 17:56:32,459 - INFO - done
Solving environment: ...working...
2026-07-19 17:56:33,276 - INFO - done
2026-07-19 17:56:37,362 - INFO - Downloading and Extracting Packages: ...working... done
Preparing transaction: ...working...
2026-07-19 17:56:37,628 - INFO - done
2026-07-19 17:56:37,628 - INFO - Verifying transaction: ...working...
2026-07-19 17:56:38,286 - INFO - done
2026-07-19 17:56:38,287 - INFO - Executing transaction: ...working...
2026-07-19 17:56:39,301 - INFO - done
2026-07-19 17:56:39,313 - INFO - Installing pip dependencies: ...working...
2026-07-19 17:56:47,764 - INFO - Ran pip subprocess with arguments:
['/opt/miniconda3/envs/testbed/bin/python', '-m', 'pip', 'install', '-U', '-r', '/root/condaenv.0_y1yroo.requirements.txt', '--exists-action=b']
Pip subprocess output:
Collecting astroid==3.0.3 (from -r /root/condaenv.0_y1yroo.requirements.txt (line 1))
  Downloading astroid-3.0.3-py3-none-any.whl.metadata (4.5 kB)
Collecting cachetools==5.5.0 (from -r /root/condaenv.0_y1yroo.requirements.txt (line 2))
  Downloading cachetools-5.5.0-py3-none-any.whl.metadata (5.3 kB)
Collecting certifi==2024.8.30 (from -r /root/condaenv.0_y1yroo.requirements.txt (line 3))
  Downloading certifi-2024.8.30-py3-none-any.whl.metadata (2.2 kB)
Collecting chardet==5.2.0 (from -r /root/condaenv.0_y1yroo.requirements.txt (line 4))
  Downloading chardet-5.2.0-py3-none-any.whl.metadata (3.4 kB)
Collecting charset-normalizer==3.4.0 (from -r /root/condaenv.0_y1yroo.requirements.txt (line 5))
  Downloading charset_normalizer-3.4.0-cp39-cp39-manylinux_2_17_x86_64.manylinux2014_x86_64.whl.metadata (34 kB)
Collecting cli-ui==0.17.2 (from -r /root/condaenv.0_y1yroo.requirements.txt (line 6))
  Downloading cli_ui-0.17.2-py3-none-any.whl.metadata (3.2 kB)
Collecting click==8.1.7 (from -r /root/condaenv.0_y1yroo.requirements.txt (line 7))
  Downloading click-8.1.7-py3-none-any.whl.metadata (3.0 kB)
Collecting colorama==0.4.6 (from -r /root/condaenv.0_y1yroo.requirements.txt (line 8))
  Downloading colorama-0.4.6-py2.py3-none-any.whl.metadata (17 kB)
Collecting contributors-txt==1.0.0 (from -r /root/condaenv.0_y1yroo.requirements.txt (line 9))
  Downloading contributors_txt-1.0.0-py3-none-any.whl.metadata (1.0 kB)
Collecting coverage==7.6.4 (from -r /root/condaenv.0_y1yroo.requirements.txt (line 10))
  Downloading coverage-7.6.4-cp39-cp39-manylinux_2_5_x86_64.manylinux1_x86_64.manylinux_2_17_x86_64.manylinux2014_x86_64.whl.metadata (8.2 kB)
Collecting dill==0.3.9 (from -r /root/condaenv.0_y1yroo.requirements.txt (line 11))
  Downloading dill-0.3.9-py3-none-any.whl.metadata (10 kB)
Collecting distlib==0.3.9 (from -r /root/condaenv.0_y1yroo.requirements.txt (line 12))
  Downloading distlib-0.3.9-py2.py3-none-any.whl.metadata (5.2 kB)
Collecting docopt==0.6.2 (from -r /root/condaenv.0_y1yroo.requirements.txt (line 13))
  Downloading docopt-0.6.2.tar.gz (25 kB)
  Preparing metadata (setup.py): started
  Preparing metadata (setup.py): finished with status 'done'
Collecting exceptiongroup==1.2.2 (from -r /root/condaenv.0_y1yroo.requirements.txt (line 14))
  Downloading exceptiongroup-1.2.2-py3-none-any.whl.metadata (6.6 kB)
Collecting execnet==2.1.1 (from -r /root/condaenv.0_y1yroo.requirements.txt (line 15))
  Downloading execnet-2.1.1-py3-none-any.whl.metadata (2.9 kB)
Collecting filelock==3.16.1 (from -r /root/condaenv.0_y1yroo.requirements.txt (line 16))
  Downloading filelock-3.16.1-py3-none-any.whl.metadata (2.9 kB)
Collecting gprof2dot==2024.6.6 (from -r /root/condaenv.0_y1yroo.requirements.txt (line 17))
  Downloading gprof2dot-2024.6.6-py2.py3-none-any.whl.metadata (16 kB)
Collecting idna==3.10 (from -r /root/condaenv.0_y1yroo.requirements.txt (line 18))
  Downloading idna-3.10-py3-none-any.whl.metadata (10 kB)
Collecting importlib-resources==6.4.5 (from -r /root/condaenv.0_y1yroo.requirements.txt (line 19))
  Downloading importlib_resources-6.4.5-py3-none-any.whl.metadata (4.0 kB)
Collecting incremental==22.10.0 (from -r /root/condaenv.0_y1yroo.requirements.txt (line 20))
  Downloading incremental-22.10.0-py2.py3-none-any.whl.metadata (6.0 kB)
Collecting iniconfig==2.0.0 (from -r /root/condaenv.0_y1yroo.requirements.txt (line 21))
  Downloading iniconfig-2.0.0-py3-none-any.whl.metadata (2.6 kB)
Collecting isort==5.13.2 (from -r /root/condaenv.0_y1yroo.requirements.txt (line 22))
  Downloading isort-5.13.2-py3-none-any.whl.metadata (12 kB)
Collecting jinja2==3.1.4 (from -r /root/condaenv.0_y1yroo.requirements.txt (line 23))
  Downloading jinja2-3.1.4-py3-none-any.whl.metadata (2.6 kB)
Collecting markupsafe==3.0.2 (from -r /root/condaenv.0_y1yroo.requirements.txt (line 24))
  Downloading MarkupSafe-3.0.2-cp39-cp39-manylinux_2_17_x86_64.manylinux2014_x86_64.whl.metadata (4.0 kB)
Collecting mccabe==0.7.0 (from -r /root/condaenv.0_y1yroo.requirements.txt (line 25))
  Downloading mccabe-0.7.0-py2.py3-none-any.whl.metadata (5.0 kB)
Collecting packaging==24.1 (from -r /root/condaenv.0_y1yroo.requirements.txt (line 26))
  Downloading packaging-24.1-py3-none-any.whl.metadata (3.2 kB)
Collecting platformdirs==4.3.6 (from -r /root/condaenv.0_y1yroo.requirements.txt (line 27))
  Downloading platformdirs-4.3.6-py3-none-any.whl.metadata (11 kB)
Collecting pluggy==1.5.0 (from -r /root/condaenv.0_y1yroo.requirements.txt (line 28))
  Downloading pluggy-1.5.0-py3-none-any.whl.metadata (4.8 kB)
Collecting py==1.11.0 (from -r /root/condaenv.0_y1yroo.requirements.txt (line 29))
  Downloading py-1.11.0-py2.py3-none-any.whl.metadata (2.8 kB)
Collecting py-cpuinfo==9.0.0 (from -r /root/condaenv.0_y1yroo.requirements.txt (line 30))
  Downloading py_cpuinfo-9.0.0-py3-none-any.whl.metadata (794 bytes)
Collecting pyproject-api==1.8.0 (from -r /root/condaenv.0_y1yroo.requirements.txt (line 31))
  Downloading pyproject_api-1.8.0-py3-none-any.whl.metadata (2.7 kB)
Collecting pytest==7.4.4 (from -r /root/condaenv.0_y1yroo.requirements.txt (line 32))
  Downloading pytest-7.4.4-py3-none-any.whl.metadata (7.9 kB)
Collecting pytest-benchmark==4.0.0 (from -r /root/condaenv.0_y1yroo.requirements.txt (line 33))
  Downloading pytest_benchmark-4.0.0-py3-none-any.whl.metadata (23 kB)
Collecting pytest-cov==4.1.0 (from -r /root/condaenv.0_y1yroo.requirements.txt (line 34))
  Downloading pytest_cov-4.1.0-py3-none-any.whl.metadata (26 kB)
Collecting pytest-profiling==1.7.0 (from -r /root/condaenv.0_y1yroo.requirements.txt (line 35))
  Downloading pytest_profiling-1.7.0-py2.py3-none-any.whl.metadata (12 kB)
Collecting pytest-timeout==2.3.1 (from -r /root/condaenv.0_y1yroo.requirements.txt (line 36))
  Downloading pytest_timeout-2.3.1-py3-none-any.whl.metadata (20 kB)
Collecting pytest-xdist==3.6.1 (from -r /root/condaenv.0_y1yroo.requirements.txt (line 37))
  Downloading pytest_xdist-3.6.1-py3-none-any.whl.metadata (4.3 kB)
Collecting requests==2.32.3 (from -r /root/condaenv.0_y1yroo.requirements.txt (line 38))
  Downloading requests-2.32.3-py3-none-any.whl.metadata (4.6 kB)
Collecting schema==0.7.7 (from -r /root/condaenv.0_y1yroo.requirements.txt (line 39))
  Downloading schema-0.7.7-py2.py3-none-any.whl.metadata (34 kB)
Collecting setuptools==41.6.0 (from -r /root/condaenv.0_y1yroo.requirements.txt (line 40))
  Downloading setuptools-41.6.0-py2.py3-none-any.whl.metadata (3.4 kB)
Collecting six==1.16.0 (from -r /root/condaenv.0_y1yroo.requirements.txt (line 41))
  Downloading six-1.16.0-py2.py3-none-any.whl.metadata (1.8 kB)
Collecting tabulate==0.8.10 (from -r /root/condaenv.0_y1yroo.requirements.txt (line 42))
  Downloading tabulate-0.8.10-py3-none-any.whl.metadata (25 kB)
Collecting tbump==6.10.0 (from -r /root/condaenv.0_y1yroo.requirements.txt (line 43))
  Downloading tbump-6.10.0-py3-none-any.whl.metadata (10 kB)
Collecting tomli==2.0.2 (from -r /root/condaenv.0_y1yroo.requirements.txt (line 44))
  Downloading tomli-2.0.2-py3-none-any.whl.metadata (10.0 kB)
Collecting tomlkit==0.11.8 (from -r /root/condaenv.0_y1yroo.requirements.txt (line 45))
  Downloading tomlkit-0.11.8-py3-none-any.whl.metadata (2.7 kB)
Collecting towncrier==23.11.0 (from -r /root/condaenv.0_y1yroo.requirements.txt (line 46))
  Downloading towncrier-23.11.0-py3-none-any.whl.metadata (4.2 kB)
Collecting tox==4.23.2 (from -r /root/condaenv.0_y1yroo.requirements.txt (line 47))
  Downloading tox-4.23.2-py3-none-any.whl.metadata (3.7 kB)
Collecting types-pkg-resources==0.1.3 (from -r /root/condaenv.0_y1yroo.requirements.txt (line 48))
  Downloading types_pkg_resources-0.1.3-py2.py3-none-any.whl.metadata (902 bytes)
Collecting typing-extensions==4.12.2 (from -r /root/condaenv.0_y1yroo.requirements.txt (line 49))
  Downloading typing_extensions-4.12.2-py3-none-any.whl.metadata (3.0 kB)
Collecting unidecode==1.3.8 (from -r /root/condaenv.0_y1yroo.requirements.txt (line 50))
  Downloading Unidecode-1.3.8-py3-none-any.whl.metadata (13 kB)
Collecting urllib3==2.2.3 (from -r /root/condaenv.0_y1yroo.requirements.txt (line 51))
  Downloading urllib3-2.2.3-py3-none-any.whl.metadata (6.5 kB)
Collecting virtualenv==20.27.0 (from -r /root/condaenv.0_y1yroo.requirements.txt (line 52))
  Downloading virtualenv-20.27.0-py3-none-any.whl.metadata (4.5 kB)
Collecting zipp==3.20.2 (from -r /root/condaenv.0_y1yroo.requirements.txt (line 53))
  Downloading zipp-3.20.2-py3-none-any.whl.metadata (3.7 kB)
Downloading astroid-3.0.3-py3-none-any.whl (275 kB)
Downloading cachetools-5.5.0-py3-none-any.whl (9.5 kB)
Downloading certifi-2024.8.30-py3-none-any.whl (167 kB)
Downloading chardet-5.2.0-py3-none-any.whl (199 kB)
Downloading charset_normalizer-3.4.0-cp39-cp39-manylinux_2_17_x86_64.manylinux2014_x86_64.whl (144 kB)
Downloading cli_ui-0.17.2-py3-none-any.whl (13 kB)
Downloading click-8.1.7-py3-none-any.whl (97 kB)
Downloading colorama-0.4.6-py2.py3-none-any.whl (25 kB)
Downloading contributors_txt-1.0.0-py3-none-any.whl (11 kB)
Downloading coverage-7.6.4-cp39-cp39-manylinux_2_5_x86_64.manylinux1_x86_64.manylinux_2_17_x86_64.manylinux2014_x86_64.whl (234 kB)
Downloading dill-0.3.9-py3-none-any.whl (119 kB)
Downloading distlib-0.3.9-py2.py3-none-any.whl (468 kB)
Downloading exceptiongroup-1.2.2-py3-none-any.whl (16 kB)
Downloading execnet-2.1.1-py3-none-any.whl (40 kB)
Downloading filelock-3.16.1-py3-none-any.whl (16 kB)
Downloading gprof2dot-2024.6.6-py2.py3-none-any.whl (34 kB)
Downloading idna-3.10-py3-none-any.whl (70 kB)
Downloading importlib_resources-6.4.5-py3-none-any.whl (36 kB)
Downloading incremental-22.10.0-py2.py3-none-any.whl (16 kB)
Downloading iniconfig-2.0.0-py3-none-any.whl (5.9 kB)
Downloading isort-5.13.2-py3-none-any.whl (92 kB)
Downloading jinja2-3.1.4-py3-none-any.whl (133 kB)
Downloading MarkupSafe-3.0.2-cp39-cp39-manylinux_2_17_x86_64.manylinux2014_x86_64.whl (20 kB)
Downloading mccabe-0.7.0-py2.py3-none-any.whl (7.3 kB)
Downloading packaging-24.1-py3-none-any.whl (53 kB)
Downloading platformdirs-4.3.6-py3-none-any.whl (18 kB)
Downloading pluggy-1.5.0-py3-none-any.whl (20 kB)
Downloading py-1.11.0-py2.py3-none-any.whl (98 kB)
Downloading py_cpuinfo-9.0.0-py3-none-any.whl (22 kB)
Downloading pyproject_api-1.8.0-py3-none-any.whl (13 kB)
Downloading pytest-7.4.4-py3-none-any.whl (325 kB)
Downloading pytest_benchmark-4.0.0-py3-none-any.whl (43 kB)
Downloading pytest_cov-4.1.0-py3-none-any.whl (21 kB)
Downloading pytest_profiling-1.7.0-py2.py3-none-any.whl (8.3 kB)
Downloading pytest_timeout-2.3.1-py3-none-any.whl (14 kB)
Downloading pytest_xdist-3.6.1-py3-none-any.whl (46 kB)
Downloading requests-2.32.3-py3-none-any.whl (64 kB)
Downloading schema-0.7.7-py2.py3-none-any.whl (18 kB)
Downloading setuptools-41.6.0-py2.py3-none-any.whl (582 kB)
   ━━━━━━━━━━━━━━━━━━━━━━━━━━━━━━━━━━━━━━━━ 582.9/582.9 kB 11.7 MB/s eta 0:00:00
Downloading six-1.16.0-py2.py3-none-any.whl (11 kB)
Downloading tabulate-0.8.10-py3-none-any.whl (29 kB)
Downloading tbump-6.10.0-py3-none-any.whl (35 kB)
Downloading tomli-2.0.2-py3-none-any.whl (13 kB)
Downloading tomlkit-0.11.8-py3-none-any.whl (35 kB)
Downloading towncrier-23.11.0-py3-none-any.whl (49 kB)
Downloading tox-4.23.2-py3-none-any.whl (166 kB)
Downloading types_pkg_resources-0.1.3-py2.py3-none-any.whl (4.8 kB)
Downloading typing_extensions-4.12.2-py3-none-any.whl (37 kB)
Downloading Unidecode-1.3.8-py3-none-any.whl (235 kB)
Downloading urllib3-2.2.3-py3-none-any.whl (126 kB)
Downloading virtualenv-20.27.0-py3-none-any.whl (3.1 MB)
   ━━━━━━━━━━━━━━━━━━━━━━━━━━━━━━━━━━━━━━━━ 3.1/3.1 MB 11.5 MB/s eta 0:00:00
Downloading zipp-3.20.2-py3-none-any.whl (9.2 kB)
Building wheels for collected packages: docopt
  Building wheel for docopt (setup.py): started
  Building wheel for docopt (setup.py): finished with status 'done'
  Created wheel for docopt: filename=docopt-0.6.2-py2.py3-none-any.whl size=13783 sha256=a225ba1e19133fea1f9e5fa0b3cf000d06530af70432b119e366e3087dfd1f5a
  Stored in directory: /root/.cache/pip/wheels/70/4a/46/1309fc853b8d395e60bafaf1b6df7845bdd82c95fd59dd8d2b
Successfully built docopt
Installing collected packages: types-pkg-resources, schema, py-cpuinfo, incremental, docopt, distlib, contributors-txt, zipp, urllib3, unidecode, typing-extensions, tomlkit, tomli, tabulate, six, setuptools, py, pluggy, platformdirs, packaging, mccabe, markupsafe, isort, iniconfig, idna, gprof2dot, filelock, execnet, exceptiongroup, dill, coverage, colorama, click, charset-normalizer, chardet, certifi, cachetools, virtualenv, requests, pytest, pyproject-api, jinja2, importlib-resources, cli-ui, astroid, tox, towncrier, tbump, pytest-xdist, pytest-timeout, pytest-profiling, pytest-cov, pytest-benchmark
  Attempting uninstall: setuptools
    Found existing installation: setuptools 80.9.0
    Uninstalling setuptools-80.9.0:
      Successfully uninstalled setuptools-80.9.0
Successfully installed astroid-3.0.3 cachetools-5.5.0 certifi-2024.8.30 chardet-5.2.0 charset-normalizer-3.4.0 cli-ui-0.17.2 click-8.1.7 colorama-0.4.6 contributors-txt-1.0.0 coverage-7.6.4 dill-0.3.9 distlib-0.3.9 docopt-0.6.2 exceptiongroup-1.2.2 execnet-2.1.1 filelock-3.16.1 gprof2dot-2024.6.6 idna-3.10 importlib-resources-6.4.5 incremental-22.10.0 iniconfig-2.0.0 isort-5.13.2 jinja2-3.1.4 markupsafe-3.0.2 mccabe-0.7.0 packaging-24.1 platformdirs-4.3.6 pluggy-1.5.0 py-1.11.0 py-cpuinfo-9.0.0 pyproject-api-1.8.0 pytest-7.4.4 pytest-benchmark-4.0.0 pytest-cov-4.1.0 pytest-profiling-1.7.0 pytest-timeout-2.3.1 pytest-xdist-3.6.1 requests-2.32.3 schema-0.7.7 setuptools-41.6.0 six-1.16.0 tabulate-0.8.10 tbump-6.10.0 tomli-2.0.2 tomlkit-0.11.8 towncrier-23.11.0 tox-4.23.2 types-pkg-resources-0.1.3 typing-extensions-4.12.2 unidecode-1.3.8 urllib3-2.2.3 virtualenv-20.27.0 zipp-3.20.2
2026-07-19 17:56:47,765 - INFO - done
2026-07-19 17:56:47,765 - INFO - #
# To activate this environment, use
#
#     $ conda activate testbed
#
# To deactivate an active environment, use
#
#     $ conda deactivate
2026-07-19 17:56:47,820 - INFO - + conda activate testbed
+ local cmd=activate
+ case "$cmd" in
+ __conda_activate activate testbed
+ '[' -n '' ']'
+ local ask_conda
2026-07-19 17:56:47,821 - INFO - ++ PS1='(base) '
++ __conda_exe shell.posix activate testbed
2026-07-19 17:56:47,822 - INFO - ++ /opt/miniconda3/bin/conda shell.posix activate testbed
2026-07-19 17:56:47,957 - INFO - + ask_conda='PS1='\''(testbed) '\''
export PATH='\''/opt/miniconda3/envs/testbed/bin:/opt/miniconda3/condabin:/opt/miniconda3/bin:/usr/local/sbin:/usr/local/bin:/usr/sbin:/usr/bin:/sbin:/bin'\''
export CONDA_PREFIX='\''/opt/miniconda3/envs/testbed'\''
export CONDA_SHLVL='\''2'\''
export CONDA_DEFAULT_ENV='\''testbed'\''
export CONDA_PROMPT_MODIFIER='\''(testbed) '\''
export CONDA_PREFIX_1='\''/opt/miniconda3'\''
export CONDA_EXE='\''/opt/miniconda3/bin/conda'\''
export _CE_M='\'''\''
export _CE_CONDA='\'''\''
export CONDA_PYTHON_EXE='\''/opt/miniconda3/bin/python'\'''
+ eval 'PS1='\''(testbed) '\''
export PATH='\''/opt/miniconda3/envs/testbed/bin:/opt/miniconda3/condabin:/opt/miniconda3/bin:/usr/local/sbin:/usr/local/bin:/usr/sbin:/usr/bin:/sbin:/bin'\''
export CONDA_PREFIX='\''/opt/miniconda3/envs/testbed'\''
export CONDA_SHLVL='\''2'\''
export CONDA_DEFAULT_ENV='\''testbed'\''
export CONDA_PROMPT_MODIFIER='\''(testbed) '\''
export CONDA_PREFIX_1='\''/opt/miniconda3'\''
export CONDA_EXE='\''/opt/miniconda3/bin/conda'\''
export _CE_M='\'''\''
export _CE_CONDA='\'''\''
export CONDA_PYTHON_EXE='\''/opt/miniconda3/bin/python'\'''
++ PS1='(testbed) '
++ export PATH=/opt/miniconda3/envs/testbed/bin:/opt/miniconda3/condabin:/opt/miniconda3/bin:/usr/local/sbin:/usr/local/bin:/usr/sbin:/usr/bin:/sbin:/bin
++ PATH=/opt/miniconda3/envs/testbed/bin:/opt/miniconda3/condabin:/opt/miniconda3/bin:/usr/local/sbin:/usr/local/bin:/usr/sbin:/usr/bin:/sbin:/bin
2026-07-19 17:56:47,957 - INFO - ++ export CONDA_PREFIX=/opt/miniconda3/envs/testbed
++ CONDA_PREFIX=/opt/miniconda3/envs/testbed
++ export CONDA_SHLVL=2
++ CONDA_SHLVL=2
++ export CONDA_DEFAULT_ENV=testbed
++ CONDA_DEFAULT_ENV=testbed
2026-07-19 17:56:47,957 - INFO - ++ export 'CONDA_PROMPT_MODIFIER=(testbed) '
++ CONDA_PROMPT_MODIFIER='(testbed) '
++ export CONDA_PREFIX_1=/opt/miniconda3
++ CONDA_PREFIX_1=/opt/miniconda3
2026-07-19 17:56:47,957 - INFO - ++ export CONDA_EXE=/opt/miniconda3/bin/conda
++ CONDA_EXE=/opt/miniconda3/bin/conda
++ export _CE_M=
++ _CE_M=
++ export _CE_CONDA=
++ _CE_CONDA=
++ export CONDA_PYTHON_EXE=/opt/miniconda3/bin/python
++ CONDA_PYTHON_EXE=/opt/miniconda3/bin/python
+ __conda_hashr
2026-07-19 17:56:47,957 - INFO - + '[' -n '' ']'
+ '[' -n '' ']'
+ hash -r
2026-07-19 17:57:09,078 - INFO - ---> Removed intermediate container f2409eba6db9
2026-07-19 17:57:09,079 - INFO - ---> d4c171f3ddea
2026-07-19 17:57:09,079 - INFO - Step 6/7 : WORKDIR /testbed/
2026-07-19 17:57:09,079 - INFO - 
2026-07-19 17:57:09,547 - INFO - ---> [Warning] The requested image's platform (linux/amd64) does not match the detected host platform (linux/arm64/v8) and no specific platform was requested
2026-07-19 17:57:09,548 - INFO - ---> Running in c1ef6929d688
2026-07-19 17:57:11,337 - INFO - ---> Removed intermediate container c1ef6929d688
2026-07-19 17:57:11,337 - INFO - ---> a6ececbfe0c3
2026-07-19 17:57:11,337 - INFO - Step 7/7 : RUN echo "source /opt/miniconda3/etc/profile.d/conda.sh && conda activate testbed" > /root/.bashrc
2026-07-19 17:57:11,337 - INFO - 
2026-07-19 17:57:11,356 - INFO - ---> [Warning] The requested image's platform (linux/amd64) does not match the detected host platform (linux/arm64/v8) and no specific platform was requested
2026-07-19 17:57:11,356 - INFO - ---> Running in ee60189639a2
2026-07-19 17:57:13,031 - INFO - ---> Removed intermediate container ee60189639a2
2026-07-19 17:57:13,031 - INFO - ---> f07eb8b9ac49
2026-07-19 17:57:13,033 - INFO - Successfully built f07eb8b9ac49
2026-07-19 17:57:13,036 - INFO - Successfully tagged sweb.env.py.x86_64.08de7b949eab978b5a23ad:latest
2026-07-19 17:57:13,037 - INFO - Image built successfully!
