2026-07-19 17:06:45,604 - INFO - Building image sweb.env.py.x86_64.86f6fef385f3a36852fe03:latest
Using dockerfile:
FROM --platform=linux/x86_64 sweb.base.py.x86_64:latest

COPY ./setup_env.sh /root/
RUN sed -i -e 's/\r$//' /root/setup_env.sh
RUN chmod +x /root/setup_env.sh
RUN /bin/bash -c "source ~/.bashrc && /root/setup_env.sh"

WORKDIR /testbed/

# Automatically activate the testbed environment
RUN echo "source /opt/miniconda3/etc/profile.d/conda.sh && conda activate testbed" > /root/.bashrc

Adding (1) setup scripts to image build repo
2026-07-19 17:06:45,604 - INFO - [SETUP SCRIPT] setup_env.sh:
#!/bin/bash
set -euxo pipefail
source /opt/miniconda3/bin/activate
cat <<'EOF_59812759871' > /root/environment.yml
name: testbed
channels:
  - defaults
  - conda-forge
dependencies:
  - _libgcc_mutex=0.1=main
  - _openmp_mutex=5.1=1_gnu
  - ca-certificates=2024.9.24=h06a4308_0
  - ld_impl_linux-64=2.40=h12ee557_0
  - libffi=3.4.4=h6a678d5_1
  - libgcc-ng=11.2.0=h1234567_1
  - libgomp=11.2.0=h1234567_1
  - libstdcxx-ng=11.2.0=h1234567_1
  - ncurses=6.4=h6a678d5_0
  - openssl=3.0.15=h5eee18b_0
  - pip=24.2=py39h06a4308_0
  - python=3.9.20=he870216_1
  - readline=8.2=h5eee18b_0
  - setuptools=75.1.0=py39h06a4308_0
  - sqlite=3.45.3=h5eee18b_0
  - tk=8.6.14=h39e8969_0
  - wheel=0.44.0=py39h06a4308_0
  - xz=5.4.6=h5eee18b_1
  - zlib=1.2.13=h5eee18b_1
  - pip:
      - aiohappyeyeballs==2.4.3
      - aiohttp==3.10.9
      - aiosignal==1.3.1
      - aiosmtpd==1.4.6
      - argon2-cffi==23.1.0
      - argon2-cffi-bindings==21.2.0
      - asgiref==3.8.1
      - async-timeout==4.0.3
      - atpublic==5.0
      - attrs==24.2.0
      - bcrypt==4.2.0
      - black==24.10.0
      - certifi==2024.8.30
      - cffi==1.17.1
      - charset-normalizer==3.4.0
      - click==8.1.7
      - docutils==0.21.2
      - exceptiongroup==1.2.2
      - frozenlist==1.4.1
      - geoip2==4.8.0
      - h11==0.14.0
      - idna==3.10
      - jinja2==3.1.4
      - markupsafe==3.0.1
      - maxminddb==2.6.2
      - multidict==6.1.0
      - mypy-extensions==1.0.0
      - numpy==2.0.2
      - outcome==1.3.0.post0
      - packaging==24.1
      - pathspec==0.12.1
      - pillow==10.4.0
      - platformdirs==4.3.6
      - propcache==0.2.0
      - pycparser==2.22
      - pylibmc==1.6.3
      - pymemcache==4.0.0
      - pysocks==1.7.1
      - pytz==2024.2
      - pywatchman==2.0.0
      - pyyaml==6.0.2
      - redis==5.1.1
      - requests==2.32.3
      - selenium==4.25.0
      - sniffio==1.3.1
      - sortedcontainers==2.4.0
      - sqlparse==0.5.1
      - tblib==3.0.0
      - tomli==2.0.2
      - trio==0.26.2
      - trio-websocket==0.11.1
      - typing-extensions==4.12.2
      - tzdata==2024.2
      - urllib3==2.2.3
      - websocket-client==1.8.0
      - wsproto==1.2.0
      - yarl==1.14.0
prefix: /opt/miniconda3/envs/testbed

EOF_59812759871
conda env create -f /root/environment.yml
conda activate testbed

2026-07-19 17:06:45,605 - INFO - Building docker image sweb.env.py.x86_64.86f6fef385f3a36852fe03:latest in logs/build_images/env/sweb.env.py.x86_64.86f6fef385f3a36852fe03__latest with platform linux/x86_64
2026-07-19 17:06:46,255 - INFO - Step 1/7 : FROM --platform=linux/x86_64 sweb.base.py.x86_64:latest
2026-07-19 17:06:46,255 - INFO - 
2026-07-19 17:06:46,262 - INFO - ---> 50d1a44eed7e
2026-07-19 17:06:46,262 - INFO - Step 2/7 : COPY ./setup_env.sh /root/
2026-07-19 17:06:46,262 - INFO - 
2026-07-19 17:06:48,107 - INFO - ---> abb7aa1005ca
2026-07-19 17:06:48,107 - INFO - Step 3/7 : RUN sed -i -e 's/\r$//' /root/setup_env.sh
2026-07-19 17:06:48,107 - INFO - 
2026-07-19 17:06:48,124 - INFO - ---> [Warning] The requested image's platform (linux/amd64) does not match the detected host platform (linux/arm64/v8) and no specific platform was requested
2026-07-19 17:06:48,125 - INFO - ---> Running in 4b3a10711267
2026-07-19 17:06:49,432 - INFO - ---> Removed intermediate container 4b3a10711267
2026-07-19 17:06:49,432 - INFO - ---> 92809acf62ce
2026-07-19 17:06:49,432 - INFO - Step 4/7 : RUN chmod +x /root/setup_env.sh
2026-07-19 17:06:49,432 - INFO - 
2026-07-19 17:06:49,449 - INFO - ---> [Warning] The requested image's platform (linux/amd64) does not match the detected host platform (linux/arm64/v8) and no specific platform was requested
2026-07-19 17:06:49,449 - INFO - ---> Running in 482c3e17d86d
2026-07-19 17:06:50,718 - INFO - ---> Removed intermediate container 482c3e17d86d
2026-07-19 17:06:50,718 - INFO - ---> 8b2eca185306
2026-07-19 17:06:50,718 - INFO - Step 5/7 : RUN /bin/bash -c "source ~/.bashrc && /root/setup_env.sh"
2026-07-19 17:06:50,718 - INFO - 
2026-07-19 17:06:50,735 - INFO - ---> [Warning] The requested image's platform (linux/amd64) does not match the detected host platform (linux/arm64/v8) and no specific platform was requested
2026-07-19 17:06:50,735 - INFO - ---> Running in 91ebc7f43ce2
2026-07-19 17:06:50,839 - INFO - + source /opt/miniconda3/bin/activate
2026-07-19 17:06:50,840 - INFO - ++ _CONDA_ROOT=/opt/miniconda3
2026-07-19 17:06:50,841 - INFO - ++ . /opt/miniconda3/etc/profile.d/conda.sh
2026-07-19 17:06:50,841 - INFO - +++ export CONDA_EXE=/opt/miniconda3/bin/conda
2026-07-19 17:06:50,841 - INFO - +++ CONDA_EXE=/opt/miniconda3/bin/conda
2026-07-19 17:06:50,841 - INFO - +++ export _CE_M=
+++ _CE_M=
+++ export _CE_CONDA=
+++ _CE_CONDA=
+++ export CONDA_PYTHON_EXE=/opt/miniconda3/bin/python
+++ CONDA_PYTHON_EXE=/opt/miniconda3/bin/python
2026-07-19 17:06:50,844 - INFO - +++ '[' -z '' ']'
2026-07-19 17:06:50,844 - INFO - +++ export CONDA_SHLVL=0
+++ CONDA_SHLVL=0
2026-07-19 17:06:50,844 - INFO - +++ '[' -n '' ']'
2026-07-19 17:06:50,846 - INFO - +++++ dirname /opt/miniconda3/bin/conda
2026-07-19 17:06:50,857 - INFO - ++++ dirname /opt/miniconda3/bin
2026-07-19 17:06:50,867 - INFO - +++ PATH=/opt/miniconda3/condabin:/opt/miniconda3/bin:/usr/local/sbin:/usr/local/bin:/usr/sbin:/usr/bin:/sbin:/bin
+++ export PATH
2026-07-19 17:06:50,869 - INFO - +++ '[' -z '' ']'
+++ PS1=
2026-07-19 17:06:50,869 - INFO - ++ conda activate
2026-07-19 17:06:50,869 - INFO - ++ local cmd=activate
2026-07-19 17:06:50,870 - INFO - ++ case "$cmd" in
2026-07-19 17:06:50,870 - INFO - ++ __conda_activate activate
2026-07-19 17:06:50,870 - INFO - ++ '[' -n '' ']'
++ local ask_conda
2026-07-19 17:06:50,870 - INFO - +++ PS1=
+++ __conda_exe shell.posix activate
2026-07-19 17:06:50,871 - INFO - +++ /opt/miniconda3/bin/conda shell.posix activate
2026-07-19 17:06:51,035 - INFO - ++ ask_conda='PS1='\''(base) '\''
export PATH='\''/opt/miniconda3/bin:/opt/miniconda3/condabin:/opt/miniconda3/bin:/usr/local/sbin:/usr/local/bin:/usr/sbin:/usr/bin:/sbin:/bin'\''
export CONDA_PREFIX='\''/opt/miniconda3'\''
export CONDA_SHLVL='\''1'\''
export CONDA_DEFAULT_ENV='\''base'\''
export CONDA_PROMPT_MODIFIER='\''(base) '\''
export CONDA_EXE='\''/opt/miniconda3/bin/conda'\''
export _CE_M='\'''\''
export _CE_CONDA='\'''\''
export CONDA_PYTHON_EXE='\''/opt/miniconda3/bin/python'\'''
++ eval 'PS1='\''(base) '\''
export PATH='\''/opt/miniconda3/bin:/opt/miniconda3/condabin:/opt/miniconda3/bin:/usr/local/sbin:/usr/local/bin:/usr/sbin:/usr/bin:/sbin:/bin'\''
export CONDA_PREFIX='\''/opt/miniconda3'\''
export CONDA_SHLVL='\''1'\''
export CONDA_DEFAULT_ENV='\''base'\''
export CONDA_PROMPT_MODIFIER='\''(base) '\''
export CONDA_EXE='\''/opt/miniconda3/bin/conda'\''
export _CE_M='\'''\''
export _CE_CONDA='\'''\''
export CONDA_PYTHON_EXE='\''/opt/miniconda3/bin/python'\'''
2026-07-19 17:06:51,036 - INFO - +++ PS1='(base) '
+++ export PATH=/opt/miniconda3/bin:/opt/miniconda3/condabin:/opt/miniconda3/bin:/usr/local/sbin:/usr/local/bin:/usr/sbin:/usr/bin:/sbin:/bin
+++ PATH=/opt/miniconda3/bin:/opt/miniconda3/condabin:/opt/miniconda3/bin:/usr/local/sbin:/usr/local/bin:/usr/sbin:/usr/bin:/sbin:/bin
2026-07-19 17:06:51,036 - INFO - +++ export CONDA_PREFIX=/opt/miniconda3
+++ CONDA_PREFIX=/opt/miniconda3
+++ export CONDA_SHLVL=1
+++ CONDA_SHLVL=1
+++ export CONDA_DEFAULT_ENV=base
+++ CONDA_DEFAULT_ENV=base
+++ export 'CONDA_PROMPT_MODIFIER=(base) '
+++ CONDA_PROMPT_MODIFIER='(base) '
+++ export CONDA_EXE=/opt/miniconda3/bin/conda
+++ CONDA_EXE=/opt/miniconda3/bin/conda
+++ export _CE_M=
+++ _CE_M=
+++ export _CE_CONDA=
+++ _CE_CONDA=
+++ export CONDA_PYTHON_EXE=/opt/miniconda3/bin/python
+++ CONDA_PYTHON_EXE=/opt/miniconda3/bin/python
++ __conda_hashr
2026-07-19 17:06:51,036 - INFO - ++ '[' -n '' ']'
++ '[' -n '' ']'
++ hash -r
2026-07-19 17:06:51,036 - INFO - + cat
2026-07-19 17:06:51,048 - INFO - + conda env create -f /root/environment.yml
+ local cmd=env
+ case "$cmd" in
+ __conda_exe env create -f /root/environment.yml
2026-07-19 17:06:51,049 - INFO - + /opt/miniconda3/bin/conda env create -f /root/environment.yml
2026-07-19 17:06:51,889 - INFO - Channels:
 - defaults
 - conda-forge
Platform: linux-64
Collecting package metadata (repodata.json): ...working...
2026-07-19 17:07:38,065 - INFO - done
Solving environment: ...working...
2026-07-19 17:07:38,937 - INFO - done
2026-07-19 17:07:43,189 - INFO - Downloading and Extracting Packages: ...working... done
Preparing transaction: ...working...
2026-07-19 17:07:43,805 - INFO - done
2026-07-19 17:07:43,805 - INFO - Verifying transaction: ...working...
2026-07-19 17:07:44,823 - INFO - done
2026-07-19 17:07:44,823 - INFO - Executing transaction: ...working...
2026-07-19 17:07:46,922 - INFO - done
2026-07-19 17:07:46,936 - INFO - Installing pip dependencies: ...working...
2026-07-19 17:08:02,958 - INFO - Ran pip subprocess with arguments:
['/opt/miniconda3/envs/testbed/bin/python', '-m', 'pip', 'install', '-U', '-r', '/root/condaenv.jk5h8_kd.requirements.txt', '--exists-action=b']
Pip subprocess output:
Collecting aiohappyeyeballs==2.4.3 (from -r /root/condaenv.jk5h8_kd.requirements.txt (line 1))
  Downloading aiohappyeyeballs-2.4.3-py3-none-any.whl.metadata (6.1 kB)
Collecting aiohttp==3.10.9 (from -r /root/condaenv.jk5h8_kd.requirements.txt (line 2))
  Downloading aiohttp-3.10.9-cp39-cp39-manylinux_2_17_x86_64.manylinux2014_x86_64.whl.metadata (7.6 kB)
Collecting aiosignal==1.3.1 (from -r /root/condaenv.jk5h8_kd.requirements.txt (line 3))
  Downloading aiosignal-1.3.1-py3-none-any.whl.metadata (4.0 kB)
Collecting aiosmtpd==1.4.6 (from -r /root/condaenv.jk5h8_kd.requirements.txt (line 4))
  Downloading aiosmtpd-1.4.6-py3-none-any.whl.metadata (6.6 kB)
Collecting argon2-cffi==23.1.0 (from -r /root/condaenv.jk5h8_kd.requirements.txt (line 5))
  Downloading argon2_cffi-23.1.0-py3-none-any.whl.metadata (5.2 kB)
Collecting argon2-cffi-bindings==21.2.0 (from -r /root/condaenv.jk5h8_kd.requirements.txt (line 6))
  Downloading argon2_cffi_bindings-21.2.0-cp36-abi3-manylinux_2_17_x86_64.manylinux2014_x86_64.whl.metadata (6.7 kB)
Collecting asgiref==3.8.1 (from -r /root/condaenv.jk5h8_kd.requirements.txt (line 7))
  Downloading asgiref-3.8.1-py3-none-any.whl.metadata (9.3 kB)
Collecting async-timeout==4.0.3 (from -r /root/condaenv.jk5h8_kd.requirements.txt (line 8))
  Downloading async_timeout-4.0.3-py3-none-any.whl.metadata (4.2 kB)
Collecting atpublic==5.0 (from -r /root/condaenv.jk5h8_kd.requirements.txt (line 9))
  Downloading atpublic-5.0-py3-none-any.whl.metadata (1.8 kB)
Collecting attrs==24.2.0 (from -r /root/condaenv.jk5h8_kd.requirements.txt (line 10))
  Downloading attrs-24.2.0-py3-none-any.whl.metadata (11 kB)
Collecting bcrypt==4.2.0 (from -r /root/condaenv.jk5h8_kd.requirements.txt (line 11))
  Downloading bcrypt-4.2.0-cp39-abi3-manylinux_2_28_x86_64.whl.metadata (9.6 kB)
Collecting black==24.10.0 (from -r /root/condaenv.jk5h8_kd.requirements.txt (line 12))
  Downloading black-24.10.0-cp39-cp39-manylinux_2_17_x86_64.manylinux2014_x86_64.manylinux_2_28_x86_64.whl.metadata (79 kB)
Collecting certifi==2024.8.30 (from -r /root/condaenv.jk5h8_kd.requirements.txt (line 13))
  Downloading certifi-2024.8.30-py3-none-any.whl.metadata (2.2 kB)
Collecting cffi==1.17.1 (from -r /root/condaenv.jk5h8_kd.requirements.txt (line 14))
  Downloading cffi-1.17.1-cp39-cp39-manylinux_2_17_x86_64.manylinux2014_x86_64.whl.metadata (1.5 kB)
Collecting charset-normalizer==3.4.0 (from -r /root/condaenv.jk5h8_kd.requirements.txt (line 15))
  Downloading charset_normalizer-3.4.0-cp39-cp39-manylinux_2_17_x86_64.manylinux2014_x86_64.whl.metadata (34 kB)
Collecting click==8.1.7 (from -r /root/condaenv.jk5h8_kd.requirements.txt (line 16))
  Downloading click-8.1.7-py3-none-any.whl.metadata (3.0 kB)
Collecting docutils==0.21.2 (from -r /root/condaenv.jk5h8_kd.requirements.txt (line 17))
  Downloading docutils-0.21.2-py3-none-any.whl.metadata (2.8 kB)
Collecting exceptiongroup==1.2.2 (from -r /root/condaenv.jk5h8_kd.requirements.txt (line 18))
  Downloading exceptiongroup-1.2.2-py3-none-any.whl.metadata (6.6 kB)
Collecting frozenlist==1.4.1 (from -r /root/condaenv.jk5h8_kd.requirements.txt (line 19))
  Downloading frozenlist-1.4.1-cp39-cp39-manylinux_2_5_x86_64.manylinux1_x86_64.manylinux_2_17_x86_64.manylinux2014_x86_64.whl.metadata (12 kB)
Collecting geoip2==4.8.0 (from -r /root/condaenv.jk5h8_kd.requirements.txt (line 20))
  Downloading geoip2-4.8.0-py2.py3-none-any.whl.metadata (18 kB)
Collecting h11==0.14.0 (from -r /root/condaenv.jk5h8_kd.requirements.txt (line 21))
  Downloading h11-0.14.0-py3-none-any.whl.metadata (8.2 kB)
Collecting idna==3.10 (from -r /root/condaenv.jk5h8_kd.requirements.txt (line 22))
  Downloading idna-3.10-py3-none-any.whl.metadata (10 kB)
Collecting jinja2==3.1.4 (from -r /root/condaenv.jk5h8_kd.requirements.txt (line 23))
  Downloading jinja2-3.1.4-py3-none-any.whl.metadata (2.6 kB)
Collecting markupsafe==3.0.1 (from -r /root/condaenv.jk5h8_kd.requirements.txt (line 24))
  Downloading MarkupSafe-3.0.1-cp39-cp39-manylinux_2_17_x86_64.manylinux2014_x86_64.whl.metadata (4.0 kB)
Collecting maxminddb==2.6.2 (from -r /root/condaenv.jk5h8_kd.requirements.txt (line 25))
  Downloading maxminddb-2.6.2-cp39-cp39-manylinux_2_17_x86_64.manylinux2014_x86_64.whl.metadata (5.0 kB)
Collecting multidict==6.1.0 (from -r /root/condaenv.jk5h8_kd.requirements.txt (line 26))
  Downloading multidict-6.1.0-cp39-cp39-manylinux_2_17_x86_64.manylinux2014_x86_64.whl.metadata (5.0 kB)
Collecting mypy-extensions==1.0.0 (from -r /root/condaenv.jk5h8_kd.requirements.txt (line 27))
  Downloading mypy_extensions-1.0.0-py3-none-any.whl.metadata (1.1 kB)
Collecting numpy==2.0.2 (from -r /root/condaenv.jk5h8_kd.requirements.txt (line 28))
  Downloading numpy-2.0.2-cp39-cp39-manylinux_2_17_x86_64.manylinux2014_x86_64.whl.metadata (60 kB)
Collecting outcome==1.3.0.post0 (from -r /root/condaenv.jk5h8_kd.requirements.txt (line 29))
  Downloading outcome-1.3.0.post0-py2.py3-none-any.whl.metadata (2.6 kB)
Collecting packaging==24.1 (from -r /root/condaenv.jk5h8_kd.requirements.txt (line 30))
  Downloading packaging-24.1-py3-none-any.whl.metadata (3.2 kB)
Collecting pathspec==0.12.1 (from -r /root/condaenv.jk5h8_kd.requirements.txt (line 31))
  Downloading pathspec-0.12.1-py3-none-any.whl.metadata (21 kB)
Collecting pillow==10.4.0 (from -r /root/condaenv.jk5h8_kd.requirements.txt (line 32))
  Downloading pillow-10.4.0-cp39-cp39-manylinux_2_28_x86_64.whl.metadata (9.2 kB)
Collecting platformdirs==4.3.6 (from -r /root/condaenv.jk5h8_kd.requirements.txt (line 33))
  Downloading platformdirs-4.3.6-py3-none-any.whl.metadata (11 kB)
Collecting propcache==0.2.0 (from -r /root/condaenv.jk5h8_kd.requirements.txt (line 34))
  Downloading propcache-0.2.0-cp39-cp39-manylinux_2_17_x86_64.manylinux2014_x86_64.whl.metadata (7.7 kB)
Collecting pycparser==2.22 (from -r /root/condaenv.jk5h8_kd.requirements.txt (line 35))
  Downloading pycparser-2.22-py3-none-any.whl.metadata (943 bytes)
Collecting pylibmc==1.6.3 (from -r /root/condaenv.jk5h8_kd.requirements.txt (line 36))
  Downloading pylibmc-1.6.3-cp39-cp39-manylinux_2_17_x86_64.manylinux2014_x86_64.whl.metadata (4.0 kB)
Collecting pymemcache==4.0.0 (from -r /root/condaenv.jk5h8_kd.requirements.txt (line 37))
  Downloading pymemcache-4.0.0-py2.py3-none-any.whl.metadata (14 kB)
Collecting pysocks==1.7.1 (from -r /root/condaenv.jk5h8_kd.requirements.txt (line 38))
  Downloading PySocks-1.7.1-py3-none-any.whl.metadata (13 kB)
Collecting pytz==2024.2 (from -r /root/condaenv.jk5h8_kd.requirements.txt (line 39))
  Downloading pytz-2024.2-py2.py3-none-any.whl.metadata (22 kB)
Collecting pywatchman==2.0.0 (from -r /root/condaenv.jk5h8_kd.requirements.txt (line 40))
  Downloading pywatchman-2.0.0.tar.gz (40 kB)
  Installing build dependencies: started
  Installing build dependencies: finished with status 'done'
  Getting requirements to build wheel: started
  Getting requirements to build wheel: finished with status 'done'
  Preparing metadata (pyproject.toml): started
  Preparing metadata (pyproject.toml): finished with status 'done'
Collecting pyyaml==6.0.2 (from -r /root/condaenv.jk5h8_kd.requirements.txt (line 41))
  Downloading PyYAML-6.0.2-cp39-cp39-manylinux_2_17_x86_64.manylinux2014_x86_64.whl.metadata (2.1 kB)
Collecting redis==5.1.1 (from -r /root/condaenv.jk5h8_kd.requirements.txt (line 42))
  Downloading redis-5.1.1-py3-none-any.whl.metadata (9.1 kB)
Collecting requests==2.32.3 (from -r /root/condaenv.jk5h8_kd.requirements.txt (line 43))
  Downloading requests-2.32.3-py3-none-any.whl.metadata (4.6 kB)
Collecting selenium==4.25.0 (from -r /root/condaenv.jk5h8_kd.requirements.txt (line 44))
  Downloading selenium-4.25.0-py3-none-any.whl.metadata (7.1 kB)
Collecting sniffio==1.3.1 (from -r /root/condaenv.jk5h8_kd.requirements.txt (line 45))
  Downloading sniffio-1.3.1-py3-none-any.whl.metadata (3.9 kB)
Collecting sortedcontainers==2.4.0 (from -r /root/condaenv.jk5h8_kd.requirements.txt (line 46))
  Downloading sortedcontainers-2.4.0-py2.py3-none-any.whl.metadata (10 kB)
Collecting sqlparse==0.5.1 (from -r /root/condaenv.jk5h8_kd.requirements.txt (line 47))
  Downloading sqlparse-0.5.1-py3-none-any.whl.metadata (3.9 kB)
Collecting tblib==3.0.0 (from -r /root/condaenv.jk5h8_kd.requirements.txt (line 48))
  Downloading tblib-3.0.0-py3-none-any.whl.metadata (25 kB)
Collecting tomli==2.0.2 (from -r /root/condaenv.jk5h8_kd.requirements.txt (line 49))
  Downloading tomli-2.0.2-py3-none-any.whl.metadata (10.0 kB)
Collecting trio==0.26.2 (from -r /root/condaenv.jk5h8_kd.requirements.txt (line 50))
  Downloading trio-0.26.2-py3-none-any.whl.metadata (8.6 kB)
Collecting trio-websocket==0.11.1 (from -r /root/condaenv.jk5h8_kd.requirements.txt (line 51))
  Downloading trio_websocket-0.11.1-py3-none-any.whl.metadata (4.7 kB)
Collecting typing-extensions==4.12.2 (from -r /root/condaenv.jk5h8_kd.requirements.txt (line 52))
  Downloading typing_extensions-4.12.2-py3-none-any.whl.metadata (3.0 kB)
Collecting tzdata==2024.2 (from -r /root/condaenv.jk5h8_kd.requirements.txt (line 53))
  Downloading tzdata-2024.2-py2.py3-none-any.whl.metadata (1.4 kB)
Collecting urllib3==2.2.3 (from -r /root/condaenv.jk5h8_kd.requirements.txt (line 54))
  Downloading urllib3-2.2.3-py3-none-any.whl.metadata (6.5 kB)
Collecting websocket-client==1.8.0 (from -r /root/condaenv.jk5h8_kd.requirements.txt (line 55))
  Downloading websocket_client-1.8.0-py3-none-any.whl.metadata (8.0 kB)
Collecting wsproto==1.2.0 (from -r /root/condaenv.jk5h8_kd.requirements.txt (line 56))
  Downloading wsproto-1.2.0-py3-none-any.whl.metadata (5.6 kB)
Collecting yarl==1.14.0 (from -r /root/condaenv.jk5h8_kd.requirements.txt (line 57))
  Downloading yarl-1.14.0-cp39-cp39-manylinux_2_17_x86_64.manylinux2014_x86_64.whl.metadata (52 kB)
Requirement already satisfied: setuptools>=60.0.0 in /opt/miniconda3/envs/testbed/lib/python3.9/site-packages (from geoip2==4.8.0->-r /root/condaenv.jk5h8_kd.requirements.txt (line 20)) (75.1.0)
Downloading aiohappyeyeballs-2.4.3-py3-none-any.whl (14 kB)
Downloading aiohttp-3.10.9-cp39-cp39-manylinux_2_17_x86_64.manylinux2014_x86_64.whl (1.2 MB)
   ━━━━━━━━━━━━━━━━━━━━━━━━━━━━━━━━━━━━━━━━ 1.2/1.2 MB 11.7 MB/s eta 0:00:00
Downloading aiosignal-1.3.1-py3-none-any.whl (7.6 kB)
Downloading aiosmtpd-1.4.6-py3-none-any.whl (154 kB)
Downloading argon2_cffi-23.1.0-py3-none-any.whl (15 kB)
Downloading argon2_cffi_bindings-21.2.0-cp36-abi3-manylinux_2_17_x86_64.manylinux2014_x86_64.whl (86 kB)
Downloading asgiref-3.8.1-py3-none-any.whl (23 kB)
Downloading async_timeout-4.0.3-py3-none-any.whl (5.7 kB)
Downloading atpublic-5.0-py3-none-any.whl (5.2 kB)
Downloading attrs-24.2.0-py3-none-any.whl (63 kB)
Downloading bcrypt-4.2.0-cp39-abi3-manylinux_2_28_x86_64.whl (273 kB)
Downloading black-24.10.0-cp39-cp39-manylinux_2_17_x86_64.manylinux2014_x86_64.manylinux_2_28_x86_64.whl (1.8 MB)
   ━━━━━━━━━━━━━━━━━━━━━━━━━━━━━━━━━━━━━━━━ 1.8/1.8 MB 10.5 MB/s eta 0:00:00
Downloading certifi-2024.8.30-py3-none-any.whl (167 kB)
Downloading cffi-1.17.1-cp39-cp39-manylinux_2_17_x86_64.manylinux2014_x86_64.whl (445 kB)
Downloading charset_normalizer-3.4.0-cp39-cp39-manylinux_2_17_x86_64.manylinux2014_x86_64.whl (144 kB)
Downloading click-8.1.7-py3-none-any.whl (97 kB)
Downloading docutils-0.21.2-py3-none-any.whl (587 kB)
   ━━━━━━━━━━━━━━━━━━━━━━━━━━━━━━━━━━━━━━━━ 587.4/587.4 kB 11.3 MB/s eta 0:00:00
Downloading exceptiongroup-1.2.2-py3-none-any.whl (16 kB)
Downloading frozenlist-1.4.1-cp39-cp39-manylinux_2_5_x86_64.manylinux1_x86_64.manylinux_2_17_x86_64.manylinux2014_x86_64.whl (240 kB)
Downloading geoip2-4.8.0-py2.py3-none-any.whl (27 kB)
Downloading h11-0.14.0-py3-none-any.whl (58 kB)
Downloading idna-3.10-py3-none-any.whl (70 kB)
Downloading jinja2-3.1.4-py3-none-any.whl (133 kB)
Downloading MarkupSafe-3.0.1-cp39-cp39-manylinux_2_17_x86_64.manylinux2014_x86_64.whl (20 kB)
Downloading maxminddb-2.6.2-cp39-cp39-manylinux_2_17_x86_64.manylinux2014_x86_64.whl (87 kB)
Downloading multidict-6.1.0-cp39-cp39-manylinux_2_17_x86_64.manylinux2014_x86_64.whl (124 kB)
Downloading mypy_extensions-1.0.0-py3-none-any.whl (4.7 kB)
Downloading numpy-2.0.2-cp39-cp39-manylinux_2_17_x86_64.manylinux2014_x86_64.whl (19.5 MB)
   ━━━━━━━━━━━━━━━━━━━━━━━━━━━━━━━━━━━━━━━━ 19.5/19.5 MB 12.1 MB/s eta 0:00:00
Downloading outcome-1.3.0.post0-py2.py3-none-any.whl (10 kB)
Downloading packaging-24.1-py3-none-any.whl (53 kB)
Downloading pathspec-0.12.1-py3-none-any.whl (31 kB)
Downloading pillow-10.4.0-cp39-cp39-manylinux_2_28_x86_64.whl (4.5 MB)
   ━━━━━━━━━━━━━━━━━━━━━━━━━━━━━━━━━━━━━━━━ 4.5/4.5 MB 11.5 MB/s eta 0:00:00
Downloading platformdirs-4.3.6-py3-none-any.whl (18 kB)
Downloading propcache-0.2.0-cp39-cp39-manylinux_2_17_x86_64.manylinux2014_x86_64.whl (211 kB)
Downloading pycparser-2.22-py3-none-any.whl (117 kB)
Downloading pylibmc-1.6.3-cp39-cp39-manylinux_2_17_x86_64.manylinux2014_x86_64.whl (1.2 MB)
   ━━━━━━━━━━━━━━━━━━━━━━━━━━━━━━━━━━━━━━━━ 1.2/1.2 MB 3.3 MB/s eta 0:00:00
Downloading pymemcache-4.0.0-py2.py3-none-any.whl (60 kB)
Downloading PySocks-1.7.1-py3-none-any.whl (16 kB)
Downloading pytz-2024.2-py2.py3-none-any.whl (508 kB)
Downloading PyYAML-6.0.2-cp39-cp39-manylinux_2_17_x86_64.manylinux2014_x86_64.whl (737 kB)
   ━━━━━━━━━━━━━━━━━━━━━━━━━━━━━━━━━━━━━━━━ 737.4/737.4 kB 10.4 MB/s eta 0:00:00
Downloading redis-5.1.1-py3-none-any.whl (261 kB)
Downloading requests-2.32.3-py3-none-any.whl (64 kB)
Downloading selenium-4.25.0-py3-none-any.whl (9.7 MB)
   ━━━━━━━━━━━━━━━━━━━━━━━━━━━━━━━━━━━━━━━━ 9.7/9.7 MB 11.8 MB/s eta 0:00:00
Downloading sniffio-1.3.1-py3-none-any.whl (10 kB)
Downloading sortedcontainers-2.4.0-py2.py3-none-any.whl (29 kB)
Downloading sqlparse-0.5.1-py3-none-any.whl (44 kB)
Downloading tblib-3.0.0-py3-none-any.whl (12 kB)
Downloading tomli-2.0.2-py3-none-any.whl (13 kB)
Downloading trio-0.26.2-py3-none-any.whl (475 kB)
Downloading trio_websocket-0.11.1-py3-none-any.whl (17 kB)
Downloading typing_extensions-4.12.2-py3-none-any.whl (37 kB)
Downloading tzdata-2024.2-py2.py3-none-any.whl (346 kB)
Downloading urllib3-2.2.3-py3-none-any.whl (126 kB)
Downloading websocket_client-1.8.0-py3-none-any.whl (58 kB)
Downloading wsproto-1.2.0-py3-none-any.whl (24 kB)
Downloading yarl-1.14.0-cp39-cp39-manylinux_2_17_x86_64.manylinux2014_x86_64.whl (313 kB)
Building wheels for collected packages: pywatchman
  Building wheel for pywatchman (pyproject.toml): started
  Building wheel for pywatchman (pyproject.toml): finished with status 'done'
  Created wheel for pywatchman: filename=pywatchman-2.0.0-cp39-cp39-linux_x86_64.whl size=53944 sha256=4be2e85d2f4ca2f50774213ecbb336701e077707b316d6a3ac98c460e39a1bfc
  Stored in directory: /root/.cache/pip/wheels/f2/36/0a/31ce3cd2da93086c7c3ce8f8c9217505ff40a8204b1f02ea6d
Successfully built pywatchman
Installing collected packages: sortedcontainers, pytz, websocket-client, urllib3, tzdata, typing-extensions, tomli, tblib, sqlparse, sniffio, pyyaml, pywatchman, pysocks, pymemcache, pylibmc, pycparser, propcache, platformdirs, pillow, pathspec, packaging, numpy, mypy-extensions, maxminddb, markupsafe, idna, h11, frozenlist, exceptiongroup, docutils, click, charset-normalizer, certifi, bcrypt, attrs, atpublic, async-timeout, aiohappyeyeballs, wsproto, requests, redis, outcome, multidict, jinja2, cffi, black, asgiref, aiosmtpd, aiosignal, yarl, trio, argon2-cffi-bindings, trio-websocket, argon2-cffi, aiohttp, selenium, geoip2
Successfully installed aiohappyeyeballs-2.4.3 aiohttp-3.10.9 aiosignal-1.3.1 aiosmtpd-1.4.6 argon2-cffi-23.1.0 argon2-cffi-bindings-21.2.0 asgiref-3.8.1 async-timeout-4.0.3 atpublic-5.0 attrs-24.2.0 bcrypt-4.2.0 black-24.10.0 certifi-2024.8.30 cffi-1.17.1 charset-normalizer-3.4.0 click-8.1.7 docutils-0.21.2 exceptiongroup-1.2.2 frozenlist-1.4.1 geoip2-4.8.0 h11-0.14.0 idna-3.10 jinja2-3.1.4 markupsafe-3.0.1 maxminddb-2.6.2 multidict-6.1.0 mypy-extensions-1.0.0 numpy-2.0.2 outcome-1.3.0.post0 packaging-24.1 pathspec-0.12.1 pillow-10.4.0 platformdirs-4.3.6 propcache-0.2.0 pycparser-2.22 pylibmc-1.6.3 pymemcache-4.0.0 pysocks-1.7.1 pytz-2024.2 pywatchman-2.0.0 pyyaml-6.0.2 redis-5.1.1 requests-2.32.3 selenium-4.25.0 sniffio-1.3.1 sortedcontainers-2.4.0 sqlparse-0.5.1 tblib-3.0.0 tomli-2.0.2 trio-0.26.2 trio-websocket-0.11.1 typing-extensions-4.12.2 tzdata-2024.2 urllib3-2.2.3 websocket-client-1.8.0 wsproto-1.2.0 yarl-1.14.0
2026-07-19 17:08:02,959 - INFO - done
2026-07-19 17:08:02,960 - INFO - #
# To activate this environment, use
#
#     $ conda activate testbed
#
# To deactivate an active environment, use
#
#     $ conda deactivate
2026-07-19 17:08:03,074 - INFO - + conda activate testbed
+ local cmd=activate
2026-07-19 17:08:03,074 - INFO - + case "$cmd" in
+ __conda_activate activate testbed
2026-07-19 17:08:03,074 - INFO - + '[' -n '' ']'
+ local ask_conda
2026-07-19 17:08:03,076 - INFO - ++ PS1='(base) '
++ __conda_exe shell.posix activate testbed
2026-07-19 17:08:03,077 - INFO - ++ /opt/miniconda3/bin/conda shell.posix activate testbed
2026-07-19 17:08:03,228 - INFO - + ask_conda='PS1='\''(testbed) '\''
export PATH='\''/opt/miniconda3/envs/testbed/bin:/opt/miniconda3/condabin:/opt/miniconda3/bin:/usr/local/sbin:/usr/local/bin:/usr/sbin:/usr/bin:/sbin:/bin'\''
export CONDA_PREFIX='\''/opt/miniconda3/envs/testbed'\''
export CONDA_SHLVL='\''2'\''
export CONDA_DEFAULT_ENV='\''testbed'\''
export CONDA_PROMPT_MODIFIER='\''(testbed) '\''
export CONDA_PREFIX_1='\''/opt/miniconda3'\''
export CONDA_EXE='\''/opt/miniconda3/bin/conda'\''
export _CE_M='\'''\''
export _CE_CONDA='\'''\''
export CONDA_PYTHON_EXE='\''/opt/miniconda3/bin/python'\'''
+ eval 'PS1='\''(testbed) '\''
export PATH='\''/opt/miniconda3/envs/testbed/bin:/opt/miniconda3/condabin:/opt/miniconda3/bin:/usr/local/sbin:/usr/local/bin:/usr/sbin:/usr/bin:/sbin:/bin'\''
export CONDA_PREFIX='\''/opt/miniconda3/envs/testbed'\''
export CONDA_SHLVL='\''2'\''
export CONDA_DEFAULT_ENV='\''testbed'\''
export CONDA_PROMPT_MODIFIER='\''(testbed) '\''
export CONDA_PREFIX_1='\''/opt/miniconda3'\''
export CONDA_EXE='\''/opt/miniconda3/bin/conda'\''
export _CE_M='\'''\''
export _CE_CONDA='\'''\''
export CONDA_PYTHON_EXE='\''/opt/miniconda3/bin/python'\'''
++ PS1='(testbed) '
2026-07-19 17:08:03,228 - INFO - ++ export PATH=/opt/miniconda3/envs/testbed/bin:/opt/miniconda3/condabin:/opt/miniconda3/bin:/usr/local/sbin:/usr/local/bin:/usr/sbin:/usr/bin:/sbin:/bin
++ PATH=/opt/miniconda3/envs/testbed/bin:/opt/miniconda3/condabin:/opt/miniconda3/bin:/usr/local/sbin:/usr/local/bin:/usr/sbin:/usr/bin:/sbin:/bin
2026-07-19 17:08:03,228 - INFO - ++ export CONDA_PREFIX=/opt/miniconda3/envs/testbed
++ CONDA_PREFIX=/opt/miniconda3/envs/testbed
++ export CONDA_SHLVL=2
++ CONDA_SHLVL=2
++ export CONDA_DEFAULT_ENV=testbed
++ CONDA_DEFAULT_ENV=testbed
++ export 'CONDA_PROMPT_MODIFIER=(testbed) '
++ CONDA_PROMPT_MODIFIER='(testbed) '
++ export CONDA_PREFIX_1=/opt/miniconda3
++ CONDA_PREFIX_1=/opt/miniconda3
2026-07-19 17:08:03,228 - INFO - ++ export CONDA_EXE=/opt/miniconda3/bin/conda
++ CONDA_EXE=/opt/miniconda3/bin/conda
++ export _CE_M=
++ _CE_M=
++ export _CE_CONDA=
++ _CE_CONDA=
2026-07-19 17:08:03,228 - INFO - ++ export CONDA_PYTHON_EXE=/opt/miniconda3/bin/python
++ CONDA_PYTHON_EXE=/opt/miniconda3/bin/python
+ __conda_hashr
+ '[' -n '' ']'
+ '[' -n '' ']'
+ hash -r
2026-07-19 17:08:29,866 - INFO - ---> Removed intermediate container 91ebc7f43ce2
2026-07-19 17:08:29,867 - INFO - ---> 8381ab7d7330
2026-07-19 17:08:29,867 - INFO - Step 6/7 : WORKDIR /testbed/
2026-07-19 17:08:29,867 - INFO - 
2026-07-19 17:08:30,155 - INFO - ---> [Warning] The requested image's platform (linux/amd64) does not match the detected host platform (linux/arm64/v8) and no specific platform was requested
2026-07-19 17:08:30,156 - INFO - ---> Running in 0c00912685b4
2026-07-19 17:08:32,541 - INFO - ---> Removed intermediate container 0c00912685b4
2026-07-19 17:08:32,541 - INFO - ---> 049ba86b38a9
2026-07-19 17:08:32,541 - INFO - Step 7/7 : RUN echo "source /opt/miniconda3/etc/profile.d/conda.sh && conda activate testbed" > /root/.bashrc
2026-07-19 17:08:32,541 - INFO - 
2026-07-19 17:08:32,556 - INFO - ---> [Warning] The requested image's platform (linux/amd64) does not match the detected host platform (linux/arm64/v8) and no specific platform was requested
2026-07-19 17:08:32,556 - INFO - ---> Running in bffc80b1db22
2026-07-19 17:08:34,510 - INFO - ---> Removed intermediate container bffc80b1db22
2026-07-19 17:08:34,510 - INFO - ---> 7c5f175f1236
2026-07-19 17:08:34,512 - INFO - Successfully built 7c5f175f1236
2026-07-19 17:08:34,515 - INFO - Successfully tagged sweb.env.py.x86_64.86f6fef385f3a36852fe03:latest
2026-07-19 17:08:34,516 - INFO - Image built successfully!
