2026-07-19 15:21:51,418 - INFO - Building image sweb.env.py.x86_64.9896b0fd9d55ceb92d2606:latest
Using dockerfile:
FROM --platform=linux/x86_64 sweb.base.py.x86_64:latest

COPY ./setup_env.sh /root/
RUN sed -i -e 's/\r$//' /root/setup_env.sh
RUN chmod +x /root/setup_env.sh
RUN /bin/bash -c "source ~/.bashrc && /root/setup_env.sh"

WORKDIR /testbed/

# Automatically activate the testbed environment
RUN echo "source /opt/miniconda3/etc/profile.d/conda.sh && conda activate testbed" > /root/.bashrc

Adding (1) setup scripts to image build repo
2026-07-19 15:21:51,418 - INFO - [SETUP SCRIPT] setup_env.sh:
#!/bin/bash
set -euxo pipefail
source /opt/miniconda3/bin/activate
cat <<'EOF_59812759871' > /root/environment.yml
name: testbed
channels:
  - defaults
  - conda-forge
dependencies:
  - _libgcc_mutex=0.1=main
  - _openmp_mutex=5.1=1_gnu
  - ca-certificates=2024.9.24=h06a4308_0
  - exceptiongroup=1.2.0=py39h06a4308_0
  - iniconfig=1.1.1=pyhd3eb1b0_0
  - ld_impl_linux-64=2.40=h12ee557_0
  - libffi=3.4.4=h6a678d5_1
  - libgcc-ng=11.2.0=h1234567_1
  - libgomp=11.2.0=h1234567_1
  - libstdcxx-ng=11.2.0=h1234567_1
  - ncurses=6.4=h6a678d5_0
  - openssl=3.0.15=h5eee18b_0
  - packaging=24.1=py39h06a4308_0
  - pip=24.2=py39h06a4308_0
  - pluggy=1.0.0=py39h06a4308_1
  - pytest=7.4.4=py39h06a4308_0
  - python=3.9.20=he870216_1
  - readline=8.2=h5eee18b_0
  - setuptools=75.1.0=py39h06a4308_0
  - sqlite=3.45.3=h5eee18b_0
  - tk=8.6.14=h39e8969_0
  - tomli=2.0.1=py39h06a4308_0
  - tzdata=2024b=h04d1e81_0
  - wheel=0.44.0=py39h06a4308_0
  - xz=5.4.6=h5eee18b_1
  - zlib=1.2.13=h5eee18b_1
  - pip:
prefix: /opt/miniconda3/envs/testbed

EOF_59812759871
conda env create -f /root/environment.yml
conda activate testbed

2026-07-19 15:21:51,419 - INFO - Building docker image sweb.env.py.x86_64.9896b0fd9d55ceb92d2606:latest in logs/build_images/env/sweb.env.py.x86_64.9896b0fd9d55ceb92d2606__latest with platform linux/x86_64
2026-07-19 15:21:54,953 - INFO - Step 1/7 : FROM --platform=linux/x86_64 sweb.base.py.x86_64:latest
2026-07-19 15:21:54,953 - INFO - 
2026-07-19 15:21:54,962 - INFO - ---> 50d1a44eed7e
2026-07-19 15:21:54,962 - INFO - Step 2/7 : COPY ./setup_env.sh /root/
2026-07-19 15:21:54,962 - INFO - 
2026-07-19 15:21:56,696 - INFO - ---> b1cc91626d26
2026-07-19 15:21:56,696 - INFO - Step 3/7 : RUN sed -i -e 's/\r$//' /root/setup_env.sh
2026-07-19 15:21:56,696 - INFO - 
2026-07-19 15:21:56,713 - INFO - ---> [Warning] The requested image's platform (linux/amd64) does not match the detected host platform (linux/arm64/v8) and no specific platform was requested
2026-07-19 15:21:56,713 - INFO - ---> Running in f86df328a25e
2026-07-19 15:21:58,108 - INFO - ---> Removed intermediate container f86df328a25e
2026-07-19 15:21:58,108 - INFO - ---> 9eaaa13fa247
2026-07-19 15:21:58,108 - INFO - Step 4/7 : RUN chmod +x /root/setup_env.sh
2026-07-19 15:21:58,108 - INFO - 
2026-07-19 15:21:58,127 - INFO - ---> [Warning] The requested image's platform (linux/amd64) does not match the detected host platform (linux/arm64/v8) and no specific platform was requested
2026-07-19 15:21:58,127 - INFO - ---> Running in 40b4bc4e51bd
2026-07-19 15:21:59,425 - INFO - ---> Removed intermediate container 40b4bc4e51bd
2026-07-19 15:21:59,426 - INFO - ---> aff6e9e2b1d2
2026-07-19 15:21:59,426 - INFO - Step 5/7 : RUN /bin/bash -c "source ~/.bashrc && /root/setup_env.sh"
2026-07-19 15:21:59,426 - INFO - 
2026-07-19 15:21:59,442 - INFO - ---> [Warning] The requested image's platform (linux/amd64) does not match the detected host platform (linux/arm64/v8) and no specific platform was requested
2026-07-19 15:21:59,442 - INFO - ---> Running in 0b23262dc713
2026-07-19 15:21:59,536 - INFO - + source /opt/miniconda3/bin/activate
2026-07-19 15:21:59,537 - INFO - ++ _CONDA_ROOT=/opt/miniconda3
2026-07-19 15:21:59,537 - INFO - ++ . /opt/miniconda3/etc/profile.d/conda.sh
2026-07-19 15:21:59,538 - INFO - +++ export CONDA_EXE=/opt/miniconda3/bin/conda
2026-07-19 15:21:59,538 - INFO - +++ CONDA_EXE=/opt/miniconda3/bin/conda
2026-07-19 15:21:59,538 - INFO - +++ export _CE_M=
+++ _CE_M=
+++ export _CE_CONDA=
+++ _CE_CONDA=
+++ export CONDA_PYTHON_EXE=/opt/miniconda3/bin/python
+++ CONDA_PYTHON_EXE=/opt/miniconda3/bin/python
2026-07-19 15:21:59,540 - INFO - +++ '[' -z '' ']'
2026-07-19 15:21:59,540 - INFO - +++ export CONDA_SHLVL=0
+++ CONDA_SHLVL=0
2026-07-19 15:21:59,540 - INFO - +++ '[' -n '' ']'
2026-07-19 15:21:59,542 - INFO - +++++ dirname /opt/miniconda3/bin/conda
2026-07-19 15:21:59,552 - INFO - ++++ dirname /opt/miniconda3/bin
2026-07-19 15:21:59,562 - INFO - +++ PATH=/opt/miniconda3/condabin:/opt/miniconda3/bin:/usr/local/sbin:/usr/local/bin:/usr/sbin:/usr/bin:/sbin:/bin
+++ export PATH
2026-07-19 15:21:59,562 - INFO - +++ '[' -z '' ']'
+++ PS1=
2026-07-19 15:21:59,563 - INFO - ++ conda activate
2026-07-19 15:21:59,563 - INFO - ++ local cmd=activate
2026-07-19 15:21:59,563 - INFO - ++ case "$cmd" in
2026-07-19 15:21:59,564 - INFO - ++ __conda_activate activate
2026-07-19 15:21:59,564 - INFO - ++ '[' -n '' ']'
++ local ask_conda
2026-07-19 15:21:59,564 - INFO - +++ PS1=
+++ __conda_exe shell.posix activate
2026-07-19 15:21:59,565 - INFO - +++ /opt/miniconda3/bin/conda shell.posix activate
2026-07-19 15:21:59,707 - INFO - ++ ask_conda='PS1='\''(base) '\''
export PATH='\''/opt/miniconda3/bin:/opt/miniconda3/condabin:/opt/miniconda3/bin:/usr/local/sbin:/usr/local/bin:/usr/sbin:/usr/bin:/sbin:/bin'\''
export CONDA_PREFIX='\''/opt/miniconda3'\''
export CONDA_SHLVL='\''1'\''
export CONDA_DEFAULT_ENV='\''base'\''
export CONDA_PROMPT_MODIFIER='\''(base) '\''
export CONDA_EXE='\''/opt/miniconda3/bin/conda'\''
export _CE_M='\'''\''
export _CE_CONDA='\'''\''
export CONDA_PYTHON_EXE='\''/opt/miniconda3/bin/python'\'''
++ eval 'PS1='\''(base) '\''
export PATH='\''/opt/miniconda3/bin:/opt/miniconda3/condabin:/opt/miniconda3/bin:/usr/local/sbin:/usr/local/bin:/usr/sbin:/usr/bin:/sbin:/bin'\''
export CONDA_PREFIX='\''/opt/miniconda3'\''
export CONDA_SHLVL='\''1'\''
export CONDA_DEFAULT_ENV='\''base'\''
export CONDA_PROMPT_MODIFIER='\''(base) '\''
export CONDA_EXE='\''/opt/miniconda3/bin/conda'\''
export _CE_M='\'''\''
export _CE_CONDA='\'''\''
export CONDA_PYTHON_EXE='\''/opt/miniconda3/bin/python'\'''
2026-07-19 15:21:59,707 - INFO - +++ PS1='(base) '
+++ export PATH=/opt/miniconda3/bin:/opt/miniconda3/condabin:/opt/miniconda3/bin:/usr/local/sbin:/usr/local/bin:/usr/sbin:/usr/bin:/sbin:/bin
+++ PATH=/opt/miniconda3/bin:/opt/miniconda3/condabin:/opt/miniconda3/bin:/usr/local/sbin:/usr/local/bin:/usr/sbin:/usr/bin:/sbin:/bin
+++ export CONDA_PREFIX=/opt/miniconda3
+++ CONDA_PREFIX=/opt/miniconda3
+++ export CONDA_SHLVL=1
+++ CONDA_SHLVL=1
+++ export CONDA_DEFAULT_ENV=base
+++ CONDA_DEFAULT_ENV=base
2026-07-19 15:21:59,707 - INFO - +++ export 'CONDA_PROMPT_MODIFIER=(base) '
+++ CONDA_PROMPT_MODIFIER='(base) '
2026-07-19 15:21:59,707 - INFO - +++ export CONDA_EXE=/opt/miniconda3/bin/conda
+++ CONDA_EXE=/opt/miniconda3/bin/conda
+++ export _CE_M=
+++ _CE_M=
+++ export _CE_CONDA=
+++ _CE_CONDA=
+++ export CONDA_PYTHON_EXE=/opt/miniconda3/bin/python
+++ CONDA_PYTHON_EXE=/opt/miniconda3/bin/python
++ __conda_hashr
++ '[' -n '' ']'
++ '[' -n '' ']'
2026-07-19 15:21:59,707 - INFO - ++ hash -r
2026-07-19 15:21:59,708 - INFO - + cat
2026-07-19 15:21:59,720 - INFO - + conda env create -f /root/environment.yml
+ local cmd=env
+ case "$cmd" in
+ __conda_exe env create -f /root/environment.yml
2026-07-19 15:21:59,720 - INFO - + /opt/miniconda3/bin/conda env create -f /root/environment.yml
2026-07-19 15:22:00,643 - INFO - Channels:
 - defaults
 - conda-forge
Platform: linux-64
Collecting package metadata (repodata.json): ...working...
2026-07-19 15:22:48,132 - INFO - done
2026-07-19 15:22:48,136 - INFO - Solving environment: ...working...
2026-07-19 15:22:49,269 - INFO - done
2026-07-19 15:22:53,786 - INFO - Downloading and Extracting Packages: ...working... done
Preparing transaction: ...working...
2026-07-19 15:22:54,206 - INFO - done
2026-07-19 15:22:54,206 - INFO - Verifying transaction: ...working...
2026-07-19 15:22:54,995 - INFO - done
2026-07-19 15:22:54,996 - INFO - Executing transaction: ...working...
2026-07-19 15:22:57,611 - INFO - done
2026-07-19 15:22:57,621 - INFO - #
# To activate this environment, use
#
#     $ conda activate testbed
#
# To deactivate an active environment, use
#
#     $ conda deactivate
2026-07-19 15:22:57,717 - INFO - + conda activate testbed
2026-07-19 15:22:57,717 - INFO - + local cmd=activate
+ case "$cmd" in
2026-07-19 15:22:57,717 - INFO - + __conda_activate activate testbed
+ '[' -n '' ']'
+ local ask_conda
2026-07-19 15:22:57,719 - INFO - ++ PS1='(base) '
++ __conda_exe shell.posix activate testbed
2026-07-19 15:22:57,719 - INFO - ++ /opt/miniconda3/bin/conda shell.posix activate testbed
2026-07-19 15:22:57,913 - INFO - + ask_conda='PS1='\''(testbed) '\''
export PATH='\''/opt/miniconda3/envs/testbed/bin:/opt/miniconda3/condabin:/opt/miniconda3/bin:/usr/local/sbin:/usr/local/bin:/usr/sbin:/usr/bin:/sbin:/bin'\''
export CONDA_PREFIX='\''/opt/miniconda3/envs/testbed'\''
export CONDA_SHLVL='\''2'\''
export CONDA_DEFAULT_ENV='\''testbed'\''
export CONDA_PROMPT_MODIFIER='\''(testbed) '\''
export CONDA_PREFIX_1='\''/opt/miniconda3'\''
export CONDA_EXE='\''/opt/miniconda3/bin/conda'\''
export _CE_M='\'''\''
export _CE_CONDA='\'''\''
export CONDA_PYTHON_EXE='\''/opt/miniconda3/bin/python'\'''
+ eval 'PS1='\''(testbed) '\''
export PATH='\''/opt/miniconda3/envs/testbed/bin:/opt/miniconda3/condabin:/opt/miniconda3/bin:/usr/local/sbin:/usr/local/bin:/usr/sbin:/usr/bin:/sbin:/bin'\''
export CONDA_PREFIX='\''/opt/miniconda3/envs/testbed'\''
export CONDA_SHLVL='\''2'\''
export CONDA_DEFAULT_ENV='\''testbed'\''
export CONDA_PROMPT_MODIFIER='\''(testbed) '\''
export CONDA_PREFIX_1='\''/opt/miniconda3'\''
export CONDA_EXE='\''/opt/miniconda3/bin/conda'\''
export _CE_M='\'''\''
export _CE_CONDA='\'''\''
export CONDA_PYTHON_EXE='\''/opt/miniconda3/bin/python'\'''
++ PS1='(testbed) '
++ export PATH=/opt/miniconda3/envs/testbed/bin:/opt/miniconda3/condabin:/opt/miniconda3/bin:/usr/local/sbin:/usr/local/bin:/usr/sbin:/usr/bin:/sbin:/bin
++ PATH=/opt/miniconda3/envs/testbed/bin:/opt/miniconda3/condabin:/opt/miniconda3/bin:/usr/local/sbin:/usr/local/bin:/usr/sbin:/usr/bin:/sbin:/bin
2026-07-19 15:22:57,913 - INFO - ++ export CONDA_PREFIX=/opt/miniconda3/envs/testbed
++ CONDA_PREFIX=/opt/miniconda3/envs/testbed
++ export CONDA_SHLVL=2
++ CONDA_SHLVL=2
2026-07-19 15:22:57,913 - INFO - ++ export CONDA_DEFAULT_ENV=testbed
++ CONDA_DEFAULT_ENV=testbed
++ export 'CONDA_PROMPT_MODIFIER=(testbed) '
++ CONDA_PROMPT_MODIFIER='(testbed) '
++ export CONDA_PREFIX_1=/opt/miniconda3
++ CONDA_PREFIX_1=/opt/miniconda3
++ export CONDA_EXE=/opt/miniconda3/bin/conda
++ CONDA_EXE=/opt/miniconda3/bin/conda
++ export _CE_M=
++ _CE_M=
++ export _CE_CONDA=
++ _CE_CONDA=
++ export CONDA_PYTHON_EXE=/opt/miniconda3/bin/python
++ CONDA_PYTHON_EXE=/opt/miniconda3/bin/python
+ __conda_hashr
+ '[' -n '' ']'
+ '[' -n '' ']'
+ hash -r
