2026-07-19 16:27:33,710 - INFO - Building image sweb.env.py.x86_64.6066c7c15483c5fa2eebd6:latest
Using dockerfile:
FROM --platform=linux/x86_64 sweb.base.py.x86_64:latest

COPY ./setup_env.sh /root/
RUN sed -i -e 's/\r$//' /root/setup_env.sh
RUN chmod +x /root/setup_env.sh
RUN /bin/bash -c "source ~/.bashrc && /root/setup_env.sh"

WORKDIR /testbed/

# Automatically activate the testbed environment
RUN echo "source /opt/miniconda3/etc/profile.d/conda.sh && conda activate testbed" > /root/.bashrc

Adding (1) setup scripts to image build repo
2026-07-19 16:27:33,710 - INFO - [SETUP SCRIPT] setup_env.sh:
#!/bin/bash
set -euxo pipefail
source /opt/miniconda3/bin/activate
cat <<'EOF_59812759871' > /root/environment.yml
name: testbed
channels:
  - defaults
  - conda-forge
dependencies:
  - _libgcc_mutex=0.1=main
  - _openmp_mutex=5.1=1_gnu
  - ca-certificates=2024.9.24=h06a4308_0
  - flake8=7.1.1=py39h06a4308_0
  - ld_impl_linux-64=2.40=h12ee557_0
  - libffi=3.4.4=h6a678d5_1
  - libgcc-ng=11.2.0=h1234567_1
  - libgomp=11.2.0=h1234567_1
  - libstdcxx-ng=11.2.0=h1234567_1
  - mccabe=0.7.0=pyhd3eb1b0_0
  - mpmath=1.3.0=py39h06a4308_0
  - ncurses=6.4=h6a678d5_0
  - openssl=3.0.15=h5eee18b_0
  - pip=24.2=py39h06a4308_0
  - pycodestyle=2.12.1=py39h06a4308_0
  - pyflakes=3.2.0=py39h06a4308_0
  - python=3.9.20=he870216_1
  - readline=8.2=h5eee18b_0
  - setuptools=75.1.0=py39h06a4308_0
  - sqlite=3.45.3=h5eee18b_0
  - tk=8.6.14=h39e8969_0
  - tzdata=2024b=h04d1e81_0
  - wheel=0.44.0=py39h06a4308_0
  - xz=5.4.6=h5eee18b_1
  - zlib=1.2.13=h5eee18b_1
  - pip:
      - flake8-comprehensions==3.15.0
prefix: /opt/miniconda3/envs/testbed

EOF_59812759871
conda env create -f /root/environment.yml
conda activate testbed

2026-07-19 16:27:33,711 - INFO - Building docker image sweb.env.py.x86_64.6066c7c15483c5fa2eebd6:latest in logs/build_images/env/sweb.env.py.x86_64.6066c7c15483c5fa2eebd6__latest with platform linux/x86_64
2026-07-19 16:27:34,338 - INFO - Step 1/7 : FROM --platform=linux/x86_64 sweb.base.py.x86_64:latest
2026-07-19 16:27:34,338 - INFO - 
2026-07-19 16:27:34,346 - INFO - ---> 50d1a44eed7e
2026-07-19 16:27:34,346 - INFO - Step 2/7 : COPY ./setup_env.sh /root/
2026-07-19 16:27:34,346 - INFO - 
2026-07-19 16:27:36,028 - INFO - ---> fe3ab28bbd93
2026-07-19 16:27:36,028 - INFO - Step 3/7 : RUN sed -i -e 's/\r$//' /root/setup_env.sh
2026-07-19 16:27:36,028 - INFO - 
2026-07-19 16:27:36,047 - INFO - ---> [Warning] The requested image's platform (linux/amd64) does not match the detected host platform (linux/arm64/v8) and no specific platform was requested
2026-07-19 16:27:36,047 - INFO - ---> Running in caa70300f176
2026-07-19 16:27:37,381 - INFO - ---> Removed intermediate container caa70300f176
2026-07-19 16:27:37,381 - INFO - ---> 4dbe4a497d81
2026-07-19 16:27:37,381 - INFO - Step 4/7 : RUN chmod +x /root/setup_env.sh
2026-07-19 16:27:37,381 - INFO - 
2026-07-19 16:27:37,396 - INFO - ---> [Warning] The requested image's platform (linux/amd64) does not match the detected host platform (linux/arm64/v8) and no specific platform was requested
2026-07-19 16:27:37,396 - INFO - ---> Running in 1d472ec1a9b4
2026-07-19 16:27:38,623 - INFO - ---> Removed intermediate container 1d472ec1a9b4
2026-07-19 16:27:38,624 - INFO - ---> 4889b58deca6
2026-07-19 16:27:38,624 - INFO - Step 5/7 : RUN /bin/bash -c "source ~/.bashrc && /root/setup_env.sh"
2026-07-19 16:27:38,624 - INFO - 
2026-07-19 16:27:38,638 - INFO - ---> [Warning] The requested image's platform (linux/amd64) does not match the detected host platform (linux/arm64/v8) and no specific platform was requested
2026-07-19 16:27:38,638 - INFO - ---> Running in a40da11c2351
2026-07-19 16:27:38,733 - INFO - + source /opt/miniconda3/bin/activate
2026-07-19 16:27:38,734 - INFO - ++ _CONDA_ROOT=/opt/miniconda3
2026-07-19 16:27:38,735 - INFO - ++ . /opt/miniconda3/etc/profile.d/conda.sh
2026-07-19 16:27:38,735 - INFO - +++ export CONDA_EXE=/opt/miniconda3/bin/conda
2026-07-19 16:27:38,735 - INFO - +++ CONDA_EXE=/opt/miniconda3/bin/conda
2026-07-19 16:27:38,735 - INFO - +++ export _CE_M=
+++ _CE_M=
2026-07-19 16:27:38,735 - INFO - +++ export _CE_CONDA=
+++ _CE_CONDA=
+++ export CONDA_PYTHON_EXE=/opt/miniconda3/bin/python
+++ CONDA_PYTHON_EXE=/opt/miniconda3/bin/python
2026-07-19 16:27:38,737 - INFO - +++ '[' -z '' ']'
2026-07-19 16:27:38,738 - INFO - +++ export CONDA_SHLVL=0
+++ CONDA_SHLVL=0
2026-07-19 16:27:38,738 - INFO - +++ '[' -n '' ']'
2026-07-19 16:27:38,739 - INFO - +++++ dirname /opt/miniconda3/bin/conda
2026-07-19 16:27:38,749 - INFO - ++++ dirname /opt/miniconda3/bin
2026-07-19 16:27:38,759 - INFO - +++ PATH=/opt/miniconda3/condabin:/opt/miniconda3/bin:/usr/local/sbin:/usr/local/bin:/usr/sbin:/usr/bin:/sbin:/bin
+++ export PATH
2026-07-19 16:27:38,760 - INFO - +++ '[' -z '' ']'
+++ PS1=
2026-07-19 16:27:38,760 - INFO - ++ conda activate
2026-07-19 16:27:38,760 - INFO - ++ local cmd=activate
2026-07-19 16:27:38,761 - INFO - ++ case "$cmd" in
2026-07-19 16:27:38,761 - INFO - ++ __conda_activate activate
2026-07-19 16:27:38,761 - INFO - ++ '[' -n '' ']'
++ local ask_conda
2026-07-19 16:27:38,762 - INFO - +++ PS1=
+++ __conda_exe shell.posix activate
2026-07-19 16:27:38,762 - INFO - +++ /opt/miniconda3/bin/conda shell.posix activate
2026-07-19 16:27:38,912 - INFO - ++ ask_conda='PS1='\''(base) '\''
export PATH='\''/opt/miniconda3/bin:/opt/miniconda3/condabin:/opt/miniconda3/bin:/usr/local/sbin:/usr/local/bin:/usr/sbin:/usr/bin:/sbin:/bin'\''
export CONDA_PREFIX='\''/opt/miniconda3'\''
export CONDA_SHLVL='\''1'\''
export CONDA_DEFAULT_ENV='\''base'\''
export CONDA_PROMPT_MODIFIER='\''(base) '\''
export CONDA_EXE='\''/opt/miniconda3/bin/conda'\''
export _CE_M='\'''\''
export _CE_CONDA='\'''\''
export CONDA_PYTHON_EXE='\''/opt/miniconda3/bin/python'\'''
++ eval 'PS1='\''(base) '\''
export PATH='\''/opt/miniconda3/bin:/opt/miniconda3/condabin:/opt/miniconda3/bin:/usr/local/sbin:/usr/local/bin:/usr/sbin:/usr/bin:/sbin:/bin'\''
export CONDA_PREFIX='\''/opt/miniconda3'\''
export CONDA_SHLVL='\''1'\''
export CONDA_DEFAULT_ENV='\''base'\''
export CONDA_PROMPT_MODIFIER='\''(base) '\''
export CONDA_EXE='\''/opt/miniconda3/bin/conda'\''
export _CE_M='\'''\''
export _CE_CONDA='\'''\''
export CONDA_PYTHON_EXE='\''/opt/miniconda3/bin/python'\'''
2026-07-19 16:27:38,912 - INFO - +++ PS1='(base) '
+++ export PATH=/opt/miniconda3/bin:/opt/miniconda3/condabin:/opt/miniconda3/bin:/usr/local/sbin:/usr/local/bin:/usr/sbin:/usr/bin:/sbin:/bin
+++ PATH=/opt/miniconda3/bin:/opt/miniconda3/condabin:/opt/miniconda3/bin:/usr/local/sbin:/usr/local/bin:/usr/sbin:/usr/bin:/sbin:/bin
2026-07-19 16:27:38,912 - INFO - +++ export CONDA_PREFIX=/opt/miniconda3
+++ CONDA_PREFIX=/opt/miniconda3
+++ export CONDA_SHLVL=1
+++ CONDA_SHLVL=1
+++ export CONDA_DEFAULT_ENV=base
+++ CONDA_DEFAULT_ENV=base
+++ export 'CONDA_PROMPT_MODIFIER=(base) '
+++ CONDA_PROMPT_MODIFIER='(base) '
+++ export CONDA_EXE=/opt/miniconda3/bin/conda
+++ CONDA_EXE=/opt/miniconda3/bin/conda
+++ export _CE_M=
+++ _CE_M=
+++ export _CE_CONDA=
+++ _CE_CONDA=
+++ export CONDA_PYTHON_EXE=/opt/miniconda3/bin/python
+++ CONDA_PYTHON_EXE=/opt/miniconda3/bin/python
++ __conda_hashr
2026-07-19 16:27:38,912 - INFO - ++ '[' -n '' ']'
2026-07-19 16:27:38,912 - INFO - ++ '[' -n '' ']'
++ hash -r
2026-07-19 16:27:38,912 - INFO - + cat
2026-07-19 16:27:38,924 - INFO - + conda env create -f /root/environment.yml
+ local cmd=env
2026-07-19 16:27:38,924 - INFO - + case "$cmd" in
2026-07-19 16:27:38,924 - INFO - + __conda_exe env create -f /root/environment.yml
2026-07-19 16:27:38,925 - INFO - + /opt/miniconda3/bin/conda env create -f /root/environment.yml
2026-07-19 16:27:39,779 - INFO - Channels:
 - defaults
 - conda-forge
Platform: linux-64
Collecting package metadata (repodata.json): ...working...
2026-07-19 16:28:25,356 - INFO - done
Solving environment: ...working...
2026-07-19 16:28:26,221 - INFO - done
2026-07-19 16:28:30,288 - INFO - Downloading and Extracting Packages: ...working... done
Preparing transaction: ...working...
2026-07-19 16:28:30,495 - INFO - done
2026-07-19 16:28:30,495 - INFO - Verifying transaction: ...working...
2026-07-19 16:28:31,190 - INFO - done
2026-07-19 16:28:31,190 - INFO - Executing transaction: ...working...
2026-07-19 16:28:32,992 - INFO - done
2026-07-19 16:28:33,011 - INFO - Installing pip dependencies: ...working...
2026-07-19 16:28:33,998 - INFO - Ran pip subprocess with arguments:
['/opt/miniconda3/envs/testbed/bin/python', '-m', 'pip', 'install', '-U', '-r', '/root/condaenv.8ufj9pb2.requirements.txt', '--exists-action=b']
Pip subprocess output:
Collecting flake8-comprehensions==3.15.0 (from -r /root/condaenv.8ufj9pb2.requirements.txt (line 1))
  Downloading flake8_comprehensions-3.15.0-py3-none-any.whl.metadata (12 kB)
Requirement already satisfied: flake8!=3.2,>=3 in /opt/miniconda3/envs/testbed/lib/python3.9/site-packages (from flake8-comprehensions==3.15.0->-r /root/condaenv.8ufj9pb2.requirements.txt (line 1)) (7.1.1)
Requirement already satisfied: mccabe<0.8.0,>=0.7.0 in /opt/miniconda3/envs/testbed/lib/python3.9/site-packages (from flake8!=3.2,>=3->flake8-comprehensions==3.15.0->-r /root/condaenv.8ufj9pb2.requirements.txt (line 1)) (0.7.0)
Requirement already satisfied: pycodestyle<2.13.0,>=2.12.0 in /opt/miniconda3/envs/testbed/lib/python3.9/site-packages (from flake8!=3.2,>=3->flake8-comprehensions==3.15.0->-r /root/condaenv.8ufj9pb2.requirements.txt (line 1)) (2.12.1)
Requirement already satisfied: pyflakes<3.3.0,>=3.2.0 in /opt/miniconda3/envs/testbed/lib/python3.9/site-packages (from flake8!=3.2,>=3->flake8-comprehensions==3.15.0->-r /root/condaenv.8ufj9pb2.requirements.txt (line 1)) (3.2.0)
Downloading flake8_comprehensions-3.15.0-py3-none-any.whl (8.2 kB)
Installing collected packages: flake8-comprehensions
Successfully installed flake8-comprehensions-3.15.0

done
2026-07-19 16:28:33,999 - INFO - #
# To activate this environment, use
#
#     $ conda activate testbed
#
# To deactivate an active environment, use
#
#     $ conda deactivate
2026-07-19 16:28:34,073 - INFO - + conda activate testbed
2026-07-19 16:28:34,073 - INFO - + local cmd=activate
2026-07-19 16:28:34,073 - INFO - + case "$cmd" in
2026-07-19 16:28:34,073 - INFO - + __conda_activate activate testbed
+ '[' -n '' ']'
+ local ask_conda
2026-07-19 16:28:34,074 - INFO - ++ PS1='(base) '
++ __conda_exe shell.posix activate testbed
2026-07-19 16:28:34,075 - INFO - ++ /opt/miniconda3/bin/conda shell.posix activate testbed
2026-07-19 16:28:34,227 - INFO - + ask_conda='PS1='\''(testbed) '\''
export PATH='\''/opt/miniconda3/envs/testbed/bin:/opt/miniconda3/condabin:/opt/miniconda3/bin:/usr/local/sbin:/usr/local/bin:/usr/sbin:/usr/bin:/sbin:/bin'\''
export CONDA_PREFIX='\''/opt/miniconda3/envs/testbed'\''
export CONDA_SHLVL='\''2'\''
export CONDA_DEFAULT_ENV='\''testbed'\''
export CONDA_PROMPT_MODIFIER='\''(testbed) '\''
export CONDA_PREFIX_1='\''/opt/miniconda3'\''
export CONDA_EXE='\''/opt/miniconda3/bin/conda'\''
export _CE_M='\'''\''
export _CE_CONDA='\'''\''
export CONDA_PYTHON_EXE='\''/opt/miniconda3/bin/python'\'''
+ eval 'PS1='\''(testbed) '\''
export PATH='\''/opt/miniconda3/envs/testbed/bin:/opt/miniconda3/condabin:/opt/miniconda3/bin:/usr/local/sbin:/usr/local/bin:/usr/sbin:/usr/bin:/sbin:/bin'\''
export CONDA_PREFIX='\''/opt/miniconda3/envs/testbed'\''
export CONDA_SHLVL='\''2'\''
export CONDA_DEFAULT_ENV='\''testbed'\''
export CONDA_PROMPT_MODIFIER='\''(testbed) '\''
export CONDA_PREFIX_1='\''/opt/miniconda3'\''
export CONDA_EXE='\''/opt/miniconda3/bin/conda'\''
export _CE_M='\'''\''
export _CE_CONDA='\'''\''
export CONDA_PYTHON_EXE='\''/opt/miniconda3/bin/python'\'''
++ PS1='(testbed) '
++ export PATH=/opt/miniconda3/envs/testbed/bin:/opt/miniconda3/condabin:/opt/miniconda3/bin:/usr/local/sbin:/usr/local/bin:/usr/sbin:/usr/bin:/sbin:/bin
++ PATH=/opt/miniconda3/envs/testbed/bin:/opt/miniconda3/condabin:/opt/miniconda3/bin:/usr/local/sbin:/usr/local/bin:/usr/sbin:/usr/bin:/sbin:/bin
2026-07-19 16:28:34,228 - INFO - ++ export CONDA_PREFIX=/opt/miniconda3/envs/testbed
++ CONDA_PREFIX=/opt/miniconda3/envs/testbed
++ export CONDA_SHLVL=2
++ CONDA_SHLVL=2
++ export CONDA_DEFAULT_ENV=testbed
++ CONDA_DEFAULT_ENV=testbed
++ export 'CONDA_PROMPT_MODIFIER=(testbed) '
++ CONDA_PROMPT_MODIFIER='(testbed) '
++ export CONDA_PREFIX_1=/opt/miniconda3
++ CONDA_PREFIX_1=/opt/miniconda3
++ export CONDA_EXE=/opt/miniconda3/bin/conda
++ CONDA_EXE=/opt/miniconda3/bin/conda
++ export _CE_M=
++ _CE_M=
++ export _CE_CONDA=
++ _CE_CONDA=
++ export CONDA_PYTHON_EXE=/opt/miniconda3/bin/python
++ CONDA_PYTHON_EXE=/opt/miniconda3/bin/python
+ __conda_hashr
+ '[' -n '' ']'
2026-07-19 16:28:34,228 - INFO - + '[' -n '' ']'
+ hash -r
2026-07-19 16:28:54,201 - INFO - ---> Removed intermediate container a40da11c2351
2026-07-19 16:28:54,201 - INFO - ---> f31458ff2de9
2026-07-19 16:28:54,201 - INFO - Step 6/7 : WORKDIR /testbed/
2026-07-19 16:28:54,201 - INFO - 
2026-07-19 16:28:54,742 - INFO - ---> [Warning] The requested image's platform (linux/amd64) does not match the detected host platform (linux/arm64/v8) and no specific platform was requested
2026-07-19 16:28:54,743 - INFO - ---> Running in 2a5c15236c9a
2026-07-19 16:28:56,720 - INFO - ---> Removed intermediate container 2a5c15236c9a
2026-07-19 16:28:56,720 - INFO - ---> b9827b37d502
2026-07-19 16:28:56,720 - INFO - Step 7/7 : RUN echo "source /opt/miniconda3/etc/profile.d/conda.sh && conda activate testbed" > /root/.bashrc
2026-07-19 16:28:56,720 - INFO - 
2026-07-19 16:28:56,736 - INFO - ---> [Warning] The requested image's platform (linux/amd64) does not match the detected host platform (linux/arm64/v8) and no specific platform was requested
2026-07-19 16:28:56,736 - INFO - ---> Running in b1aca4552f95
2026-07-19 16:28:58,438 - INFO - ---> Removed intermediate container b1aca4552f95
2026-07-19 16:28:58,438 - INFO - ---> dac58e2e4fa8
2026-07-19 16:28:58,440 - INFO - Successfully built dac58e2e4fa8
2026-07-19 16:28:58,443 - INFO - Successfully tagged sweb.env.py.x86_64.6066c7c15483c5fa2eebd6:latest
2026-07-19 16:28:58,444 - INFO - Image built successfully!
