2026-07-19 16:46:09,857 - INFO - Building image sweb.env.py.x86_64.d47b70b91b6f1eb405c9ba:latest
Using dockerfile:
FROM --platform=linux/x86_64 sweb.base.py.x86_64:latest

COPY ./setup_env.sh /root/
RUN sed -i -e 's/\r$//' /root/setup_env.sh
RUN chmod +x /root/setup_env.sh
RUN /bin/bash -c "source ~/.bashrc && /root/setup_env.sh"

WORKDIR /testbed/

# Automatically activate the testbed environment
RUN echo "source /opt/miniconda3/etc/profile.d/conda.sh && conda activate testbed" > /root/.bashrc

Adding (1) setup scripts to image build repo
2026-07-19 16:46:09,858 - INFO - [SETUP SCRIPT] setup_env.sh:
#!/bin/bash
set -euxo pipefail
source /opt/miniconda3/bin/activate
cat <<'EOF_59812759871' > /root/environment.yml
name: testbed
channels:
  - defaults
  - conda-forge
dependencies:
  - _libgcc_mutex=0.1=main
  - _openmp_mutex=5.1=1_gnu
  - ca-certificates=2024.9.24=h06a4308_0
  - ld_impl_linux-64=2.40=h12ee557_0
  - libffi=3.4.4=h6a678d5_1
  - libgcc-ng=11.2.0=h1234567_1
  - libgomp=11.2.0=h1234567_1
  - libstdcxx-ng=11.2.0=h1234567_1
  - ncurses=6.4=h6a678d5_0
  - openssl=3.0.15=h5eee18b_0
  - pip=24.2=py39h06a4308_0
  - python=3.9.20=he870216_1
  - readline=8.2=h5eee18b_0
  - setuptools=75.1.0=py39h06a4308_0
  - sqlite=3.45.3=h5eee18b_0
  - tk=8.6.14=h39e8969_0
  - tzdata=2024b=h04d1e81_0
  - wheel=0.44.0=py39h06a4308_0
  - xz=5.4.6=h5eee18b_1
  - zlib=1.2.13=h5eee18b_1
  - pip:
      - alabaster==0.7.11
      - babel==2.16.0
      - cachetools==5.5.0
      - certifi==2024.8.30
      - chardet==5.2.0
      - charset-normalizer==3.4.0
      - colorama==0.4.6
      - coverage==7.6.4
      - cython==3.0.11
      - distlib==0.3.9
      - docutils==0.21.2
      - exceptiongroup==1.2.2
      - filelock==3.16.1
      - html5lib==1.1
      - idna==3.10
      - imagesize==1.4.1
      - iniconfig==2.0.0
      - jinja2==2.11.3
      - markupsafe==2.0.1
      - packaging==24.1
      - platformdirs==4.3.6
      - pluggy==1.5.0
      - pygments==2.18.0
      - pyproject-api==1.8.0
      - pytest==8.3.3
      - pytest-cov==5.0.0
      - requests==2.32.3
      - six==1.16.0
      - snowballstemmer==2.2.0
      - tomli==2.0.2
      - tox==4.16.0
      - tox-current-env==0.0.11
      - typed-ast==1.5.5
      - urllib3==2.2.3
      - virtualenv==20.26.6
      - webencodings==0.5.1
prefix: /opt/miniconda3/envs/testbed

EOF_59812759871
conda env create -f /root/environment.yml
conda activate testbed

2026-07-19 16:46:09,859 - INFO - Building docker image sweb.env.py.x86_64.d47b70b91b6f1eb405c9ba:latest in logs/build_images/env/sweb.env.py.x86_64.d47b70b91b6f1eb405c9ba__latest with platform linux/x86_64
2026-07-19 16:46:10,486 - INFO - Step 1/7 : FROM --platform=linux/x86_64 sweb.base.py.x86_64:latest
2026-07-19 16:46:10,486 - INFO - 
2026-07-19 16:46:10,494 - INFO - ---> 50d1a44eed7e
2026-07-19 16:46:10,494 - INFO - Step 2/7 : COPY ./setup_env.sh /root/
2026-07-19 16:46:10,494 - INFO - 
2026-07-19 16:46:12,136 - INFO - ---> 4781d6ee5246
2026-07-19 16:46:12,136 - INFO - Step 3/7 : RUN sed -i -e 's/\r$//' /root/setup_env.sh
2026-07-19 16:46:12,136 - INFO - 
2026-07-19 16:46:12,158 - INFO - ---> [Warning] The requested image's platform (linux/amd64) does not match the detected host platform (linux/arm64/v8) and no specific platform was requested
2026-07-19 16:46:12,158 - INFO - ---> Running in bdd529e0b9ae
2026-07-19 16:46:13,476 - INFO - ---> Removed intermediate container bdd529e0b9ae
2026-07-19 16:46:13,476 - INFO - ---> ce92120eedf6
2026-07-19 16:46:13,476 - INFO - Step 4/7 : RUN chmod +x /root/setup_env.sh
2026-07-19 16:46:13,476 - INFO - 
2026-07-19 16:46:13,494 - INFO - ---> [Warning] The requested image's platform (linux/amd64) does not match the detected host platform (linux/arm64/v8) and no specific platform was requested
2026-07-19 16:46:13,494 - INFO - ---> Running in df559f01970a
2026-07-19 16:46:14,808 - INFO - ---> Removed intermediate container df559f01970a
2026-07-19 16:46:14,808 - INFO - ---> 17405565ced9
2026-07-19 16:46:14,808 - INFO - Step 5/7 : RUN /bin/bash -c "source ~/.bashrc && /root/setup_env.sh"
2026-07-19 16:46:14,808 - INFO - 
2026-07-19 16:46:14,825 - INFO - ---> [Warning] The requested image's platform (linux/amd64) does not match the detected host platform (linux/arm64/v8) and no specific platform was requested
2026-07-19 16:46:14,825 - INFO - ---> Running in 021bc8544144
2026-07-19 16:46:14,930 - INFO - + source /opt/miniconda3/bin/activate
2026-07-19 16:46:14,931 - INFO - ++ _CONDA_ROOT=/opt/miniconda3
2026-07-19 16:46:14,931 - INFO - ++ . /opt/miniconda3/etc/profile.d/conda.sh
2026-07-19 16:46:14,931 - INFO - +++ export CONDA_EXE=/opt/miniconda3/bin/conda
2026-07-19 16:46:14,931 - INFO - +++ CONDA_EXE=/opt/miniconda3/bin/conda
2026-07-19 16:46:14,931 - INFO - +++ export _CE_M=
+++ _CE_M=
+++ export _CE_CONDA=
+++ _CE_CONDA=
+++ export CONDA_PYTHON_EXE=/opt/miniconda3/bin/python
+++ CONDA_PYTHON_EXE=/opt/miniconda3/bin/python
2026-07-19 16:46:14,934 - INFO - +++ '[' -z '' ']'
2026-07-19 16:46:14,934 - INFO - +++ export CONDA_SHLVL=0
+++ CONDA_SHLVL=0
2026-07-19 16:46:14,934 - INFO - +++ '[' -n '' ']'
2026-07-19 16:46:14,936 - INFO - +++++ dirname /opt/miniconda3/bin/conda
2026-07-19 16:46:14,946 - INFO - ++++ dirname /opt/miniconda3/bin
2026-07-19 16:46:14,956 - INFO - +++ PATH=/opt/miniconda3/condabin:/opt/miniconda3/bin:/usr/local/sbin:/usr/local/bin:/usr/sbin:/usr/bin:/sbin:/bin
+++ export PATH
2026-07-19 16:46:14,956 - INFO - +++ '[' -z '' ']'
+++ PS1=
2026-07-19 16:46:14,956 - INFO - ++ conda activate
2026-07-19 16:46:14,956 - INFO - ++ local cmd=activate
2026-07-19 16:46:14,957 - INFO - ++ case "$cmd" in
2026-07-19 16:46:14,957 - INFO - ++ __conda_activate activate
2026-07-19 16:46:14,957 - INFO - ++ '[' -n '' ']'
++ local ask_conda
2026-07-19 16:46:14,958 - INFO - +++ PS1=
+++ __conda_exe shell.posix activate
2026-07-19 16:46:14,959 - INFO - +++ /opt/miniconda3/bin/conda shell.posix activate
2026-07-19 16:46:15,113 - INFO - ++ ask_conda='PS1='\''(base) '\''
export PATH='\''/opt/miniconda3/bin:/opt/miniconda3/condabin:/opt/miniconda3/bin:/usr/local/sbin:/usr/local/bin:/usr/sbin:/usr/bin:/sbin:/bin'\''
export CONDA_PREFIX='\''/opt/miniconda3'\''
export CONDA_SHLVL='\''1'\''
export CONDA_DEFAULT_ENV='\''base'\''
export CONDA_PROMPT_MODIFIER='\''(base) '\''
export CONDA_EXE='\''/opt/miniconda3/bin/conda'\''
export _CE_M='\'''\''
export _CE_CONDA='\'''\''
export CONDA_PYTHON_EXE='\''/opt/miniconda3/bin/python'\'''
++ eval 'PS1='\''(base) '\''
export PATH='\''/opt/miniconda3/bin:/opt/miniconda3/condabin:/opt/miniconda3/bin:/usr/local/sbin:/usr/local/bin:/usr/sbin:/usr/bin:/sbin:/bin'\''
export CONDA_PREFIX='\''/opt/miniconda3'\''
export CONDA_SHLVL='\''1'\''
export CONDA_DEFAULT_ENV='\''base'\''
export CONDA_PROMPT_MODIFIER='\''(base) '\''
export CONDA_EXE='\''/opt/miniconda3/bin/conda'\''
export _CE_M='\'''\''
export _CE_CONDA='\'''\''
export CONDA_PYTHON_EXE='\''/opt/miniconda3/bin/python'\'''
2026-07-19 16:46:15,113 - INFO - +++ PS1='(base) '
+++ export PATH=/opt/miniconda3/bin:/opt/miniconda3/condabin:/opt/miniconda3/bin:/usr/local/sbin:/usr/local/bin:/usr/sbin:/usr/bin:/sbin:/bin
+++ PATH=/opt/miniconda3/bin:/opt/miniconda3/condabin:/opt/miniconda3/bin:/usr/local/sbin:/usr/local/bin:/usr/sbin:/usr/bin:/sbin:/bin
+++ export CONDA_PREFIX=/opt/miniconda3
+++ CONDA_PREFIX=/opt/miniconda3
2026-07-19 16:46:15,113 - INFO - +++ export CONDA_SHLVL=1
+++ CONDA_SHLVL=1
2026-07-19 16:46:15,113 - INFO - +++ export CONDA_DEFAULT_ENV=base
+++ CONDA_DEFAULT_ENV=base
+++ export 'CONDA_PROMPT_MODIFIER=(base) '
+++ CONDA_PROMPT_MODIFIER='(base) '
+++ export CONDA_EXE=/opt/miniconda3/bin/conda
+++ CONDA_EXE=/opt/miniconda3/bin/conda
+++ export _CE_M=
+++ _CE_M=
+++ export _CE_CONDA=
+++ _CE_CONDA=
+++ export CONDA_PYTHON_EXE=/opt/miniconda3/bin/python
+++ CONDA_PYTHON_EXE=/opt/miniconda3/bin/python
++ __conda_hashr
++ '[' -n '' ']'
++ '[' -n '' ']'
2026-07-19 16:46:15,113 - INFO - ++ hash -r
2026-07-19 16:46:15,113 - INFO - + cat
2026-07-19 16:46:15,125 - INFO - + conda env create -f /root/environment.yml
2026-07-19 16:46:15,125 - INFO - + local cmd=env
+ case "$cmd" in
2026-07-19 16:46:15,125 - INFO - + __conda_exe env create -f /root/environment.yml
2026-07-19 16:46:15,126 - INFO - + /opt/miniconda3/bin/conda env create -f /root/environment.yml
2026-07-19 16:46:15,952 - INFO - Channels:
 - defaults
 - conda-forge
Platform: linux-64
Collecting package metadata (repodata.json): ...working...
2026-07-19 16:47:02,530 - INFO - done
Solving environment: ...working...
2026-07-19 16:47:03,357 - INFO - done
2026-07-19 16:47:07,641 - INFO - Downloading and Extracting Packages: ...working... done
Preparing transaction: ...working...
2026-07-19 16:47:07,879 - INFO - done
2026-07-19 16:47:07,880 - INFO - Verifying transaction: ...working...
2026-07-19 16:47:08,572 - INFO - done
2026-07-19 16:47:08,573 - INFO - Executing transaction: ...working...
2026-07-19 16:47:09,716 - INFO - done
2026-07-19 16:47:09,728 - INFO - Installing pip dependencies: ...working...
2026-07-19 16:47:17,754 - INFO - Ran pip subprocess with arguments:
['/opt/miniconda3/envs/testbed/bin/python', '-m', 'pip', 'install', '-U', '-r', '/root/condaenv.j_3pr2d1.requirements.txt', '--exists-action=b']
Pip subprocess output:
Collecting alabaster==0.7.11 (from -r /root/condaenv.j_3pr2d1.requirements.txt (line 1))
  Downloading alabaster-0.7.11-py2.py3-none-any.whl.metadata (2.0 kB)
Collecting babel==2.16.0 (from -r /root/condaenv.j_3pr2d1.requirements.txt (line 2))
  Downloading babel-2.16.0-py3-none-any.whl.metadata (1.5 kB)
Collecting cachetools==5.5.0 (from -r /root/condaenv.j_3pr2d1.requirements.txt (line 3))
  Downloading cachetools-5.5.0-py3-none-any.whl.metadata (5.3 kB)
Collecting certifi==2024.8.30 (from -r /root/condaenv.j_3pr2d1.requirements.txt (line 4))
  Downloading certifi-2024.8.30-py3-none-any.whl.metadata (2.2 kB)
Collecting chardet==5.2.0 (from -r /root/condaenv.j_3pr2d1.requirements.txt (line 5))
  Downloading chardet-5.2.0-py3-none-any.whl.metadata (3.4 kB)
Collecting charset-normalizer==3.4.0 (from -r /root/condaenv.j_3pr2d1.requirements.txt (line 6))
  Downloading charset_normalizer-3.4.0-cp39-cp39-manylinux_2_17_x86_64.manylinux2014_x86_64.whl.metadata (34 kB)
Collecting colorama==0.4.6 (from -r /root/condaenv.j_3pr2d1.requirements.txt (line 7))
  Downloading colorama-0.4.6-py2.py3-none-any.whl.metadata (17 kB)
Collecting coverage==7.6.4 (from -r /root/condaenv.j_3pr2d1.requirements.txt (line 8))
  Downloading coverage-7.6.4-cp39-cp39-manylinux_2_5_x86_64.manylinux1_x86_64.manylinux_2_17_x86_64.manylinux2014_x86_64.whl.metadata (8.2 kB)
Collecting cython==3.0.11 (from -r /root/condaenv.j_3pr2d1.requirements.txt (line 9))
  Downloading Cython-3.0.11-cp39-cp39-manylinux_2_17_x86_64.manylinux2014_x86_64.whl.metadata (3.2 kB)
Collecting distlib==0.3.9 (from -r /root/condaenv.j_3pr2d1.requirements.txt (line 10))
  Downloading distlib-0.3.9-py2.py3-none-any.whl.metadata (5.2 kB)
Collecting docutils==0.21.2 (from -r /root/condaenv.j_3pr2d1.requirements.txt (line 11))
  Downloading docutils-0.21.2-py3-none-any.whl.metadata (2.8 kB)
Collecting exceptiongroup==1.2.2 (from -r /root/condaenv.j_3pr2d1.requirements.txt (line 12))
  Downloading exceptiongroup-1.2.2-py3-none-any.whl.metadata (6.6 kB)
Collecting filelock==3.16.1 (from -r /root/condaenv.j_3pr2d1.requirements.txt (line 13))
  Downloading filelock-3.16.1-py3-none-any.whl.metadata (2.9 kB)
Collecting html5lib==1.1 (from -r /root/condaenv.j_3pr2d1.requirements.txt (line 14))
  Downloading html5lib-1.1-py2.py3-none-any.whl.metadata (16 kB)
Collecting idna==3.10 (from -r /root/condaenv.j_3pr2d1.requirements.txt (line 15))
  Downloading idna-3.10-py3-none-any.whl.metadata (10 kB)
Collecting imagesize==1.4.1 (from -r /root/condaenv.j_3pr2d1.requirements.txt (line 16))
  Downloading imagesize-1.4.1-py2.py3-none-any.whl.metadata (1.5 kB)
Collecting iniconfig==2.0.0 (from -r /root/condaenv.j_3pr2d1.requirements.txt (line 17))
  Downloading iniconfig-2.0.0-py3-none-any.whl.metadata (2.6 kB)
Collecting jinja2==2.11.3 (from -r /root/condaenv.j_3pr2d1.requirements.txt (line 18))
  Downloading Jinja2-2.11.3-py2.py3-none-any.whl.metadata (3.5 kB)
Collecting markupsafe==2.0.1 (from -r /root/condaenv.j_3pr2d1.requirements.txt (line 19))
  Downloading MarkupSafe-2.0.1-cp39-cp39-manylinux_2_5_x86_64.manylinux1_x86_64.manylinux_2_12_x86_64.manylinux2010_x86_64.whl.metadata (3.2 kB)
Collecting packaging==24.1 (from -r /root/condaenv.j_3pr2d1.requirements.txt (line 20))
  Downloading packaging-24.1-py3-none-any.whl.metadata (3.2 kB)
Collecting platformdirs==4.3.6 (from -r /root/condaenv.j_3pr2d1.requirements.txt (line 21))
  Downloading platformdirs-4.3.6-py3-none-any.whl.metadata (11 kB)
Collecting pluggy==1.5.0 (from -r /root/condaenv.j_3pr2d1.requirements.txt (line 22))
  Downloading pluggy-1.5.0-py3-none-any.whl.metadata (4.8 kB)
Collecting pygments==2.18.0 (from -r /root/condaenv.j_3pr2d1.requirements.txt (line 23))
  Downloading pygments-2.18.0-py3-none-any.whl.metadata (2.5 kB)
Collecting pyproject-api==1.8.0 (from -r /root/condaenv.j_3pr2d1.requirements.txt (line 24))
  Downloading pyproject_api-1.8.0-py3-none-any.whl.metadata (2.7 kB)
Collecting pytest==8.3.3 (from -r /root/condaenv.j_3pr2d1.requirements.txt (line 25))
  Downloading pytest-8.3.3-py3-none-any.whl.metadata (7.5 kB)
Collecting pytest-cov==5.0.0 (from -r /root/condaenv.j_3pr2d1.requirements.txt (line 26))
  Downloading pytest_cov-5.0.0-py3-none-any.whl.metadata (27 kB)
Collecting requests==2.32.3 (from -r /root/condaenv.j_3pr2d1.requirements.txt (line 27))
  Downloading requests-2.32.3-py3-none-any.whl.metadata (4.6 kB)
Collecting six==1.16.0 (from -r /root/condaenv.j_3pr2d1.requirements.txt (line 28))
  Downloading six-1.16.0-py2.py3-none-any.whl.metadata (1.8 kB)
Collecting snowballstemmer==2.2.0 (from -r /root/condaenv.j_3pr2d1.requirements.txt (line 29))
  Downloading snowballstemmer-2.2.0-py2.py3-none-any.whl.metadata (6.5 kB)
Collecting tomli==2.0.2 (from -r /root/condaenv.j_3pr2d1.requirements.txt (line 30))
  Downloading tomli-2.0.2-py3-none-any.whl.metadata (10.0 kB)
Collecting tox==4.16.0 (from -r /root/condaenv.j_3pr2d1.requirements.txt (line 31))
  Downloading tox-4.16.0-py3-none-any.whl.metadata (5.0 kB)
Collecting tox-current-env==0.0.11 (from -r /root/condaenv.j_3pr2d1.requirements.txt (line 32))
  Downloading tox_current_env-0.0.11-py3-none-any.whl.metadata (14 kB)
Collecting typed-ast==1.5.5 (from -r /root/condaenv.j_3pr2d1.requirements.txt (line 33))
  Downloading typed_ast-1.5.5-cp39-cp39-manylinux_2_17_x86_64.manylinux2014_x86_64.whl.metadata (1.7 kB)
Collecting urllib3==2.2.3 (from -r /root/condaenv.j_3pr2d1.requirements.txt (line 34))
  Downloading urllib3-2.2.3-py3-none-any.whl.metadata (6.5 kB)
Collecting virtualenv==20.26.6 (from -r /root/condaenv.j_3pr2d1.requirements.txt (line 35))
  Downloading virtualenv-20.26.6-py3-none-any.whl.metadata (4.5 kB)
Collecting webencodings==0.5.1 (from -r /root/condaenv.j_3pr2d1.requirements.txt (line 36))
  Downloading webencodings-0.5.1-py2.py3-none-any.whl.metadata (2.1 kB)
Downloading alabaster-0.7.11-py2.py3-none-any.whl (14 kB)
Downloading babel-2.16.0-py3-none-any.whl (9.6 MB)
   ━━━━━━━━━━━━━━━━━━━━━━━━━━━━━━━━━━━━━━━━ 9.6/9.6 MB 11.7 MB/s eta 0:00:00
Downloading cachetools-5.5.0-py3-none-any.whl (9.5 kB)
Downloading certifi-2024.8.30-py3-none-any.whl (167 kB)
Downloading chardet-5.2.0-py3-none-any.whl (199 kB)
Downloading charset_normalizer-3.4.0-cp39-cp39-manylinux_2_17_x86_64.manylinux2014_x86_64.whl (144 kB)
Downloading colorama-0.4.6-py2.py3-none-any.whl (25 kB)
Downloading coverage-7.6.4-cp39-cp39-manylinux_2_5_x86_64.manylinux1_x86_64.manylinux_2_17_x86_64.manylinux2014_x86_64.whl (234 kB)
Downloading Cython-3.0.11-cp39-cp39-manylinux_2_17_x86_64.manylinux2014_x86_64.whl (3.6 MB)
   ━━━━━━━━━━━━━━━━━━━━━━━━━━━━━━━━━━━━━━━━ 3.6/3.6 MB 11.6 MB/s eta 0:00:00
Downloading distlib-0.3.9-py2.py3-none-any.whl (468 kB)
Downloading docutils-0.21.2-py3-none-any.whl (587 kB)
   ━━━━━━━━━━━━━━━━━━━━━━━━━━━━━━━━━━━━━━━━ 587.4/587.4 kB 9.7 MB/s eta 0:00:00
Downloading exceptiongroup-1.2.2-py3-none-any.whl (16 kB)
Downloading filelock-3.16.1-py3-none-any.whl (16 kB)
Downloading html5lib-1.1-py2.py3-none-any.whl (112 kB)
Downloading idna-3.10-py3-none-any.whl (70 kB)
Downloading imagesize-1.4.1-py2.py3-none-any.whl (8.8 kB)
Downloading iniconfig-2.0.0-py3-none-any.whl (5.9 kB)
Downloading Jinja2-2.11.3-py2.py3-none-any.whl (125 kB)
Downloading MarkupSafe-2.0.1-cp39-cp39-manylinux_2_5_x86_64.manylinux1_x86_64.manylinux_2_12_x86_64.manylinux2010_x86_64.whl (30 kB)
Downloading packaging-24.1-py3-none-any.whl (53 kB)
Downloading platformdirs-4.3.6-py3-none-any.whl (18 kB)
Downloading pluggy-1.5.0-py3-none-any.whl (20 kB)
Downloading pygments-2.18.0-py3-none-any.whl (1.2 MB)
   ━━━━━━━━━━━━━━━━━━━━━━━━━━━━━━━━━━━━━━━━ 1.2/1.2 MB 11.0 MB/s eta 0:00:00
Downloading pyproject_api-1.8.0-py3-none-any.whl (13 kB)
Downloading pytest-8.3.3-py3-none-any.whl (342 kB)
Downloading pytest_cov-5.0.0-py3-none-any.whl (21 kB)
Downloading requests-2.32.3-py3-none-any.whl (64 kB)
Downloading six-1.16.0-py2.py3-none-any.whl (11 kB)
Downloading snowballstemmer-2.2.0-py2.py3-none-any.whl (93 kB)
Downloading tomli-2.0.2-py3-none-any.whl (13 kB)
Downloading tox-4.16.0-py3-none-any.whl (156 kB)
Downloading tox_current_env-0.0.11-py3-none-any.whl (12 kB)
Downloading typed_ast-1.5.5-cp39-cp39-manylinux_2_17_x86_64.manylinux2014_x86_64.whl (823 kB)
   ━━━━━━━━━━━━━━━━━━━━━━━━━━━━━━━━━━━━━━━━ 823.4/823.4 kB 11.6 MB/s eta 0:00:00
Downloading urllib3-2.2.3-py3-none-any.whl (126 kB)
Downloading virtualenv-20.26.6-py3-none-any.whl (6.0 MB)
   ━━━━━━━━━━━━━━━━━━━━━━━━━━━━━━━━━━━━━━━━ 6.0/6.0 MB 9.5 MB/s eta 0:00:00
Downloading webencodings-0.5.1-py2.py3-none-any.whl (11 kB)
Installing collected packages: webencodings, snowballstemmer, distlib, alabaster, urllib3, typed-ast, tomli, six, pygments, pluggy, platformdirs, packaging, markupsafe, iniconfig, imagesize, idna, filelock, exceptiongroup, docutils, cython, coverage, colorama, charset-normalizer, chardet, certifi, cachetools, babel, virtualenv, requests, pytest, pyproject-api, jinja2, html5lib, tox, pytest-cov, tox-current-env
Successfully installed alabaster-0.7.11 babel-2.16.0 cachetools-5.5.0 certifi-2024.8.30 chardet-5.2.0 charset-normalizer-3.4.0 colorama-0.4.6 coverage-7.6.4 cython-3.0.11 distlib-0.3.9 docutils-0.21.2 exceptiongroup-1.2.2 filelock-3.16.1 html5lib-1.1 idna-3.10 imagesize-1.4.1 iniconfig-2.0.0 jinja2-2.11.3 markupsafe-2.0.1 packaging-24.1 platformdirs-4.3.6 pluggy-1.5.0 pygments-2.18.0 pyproject-api-1.8.0 pytest-8.3.3 pytest-cov-5.0.0 requests-2.32.3 six-1.16.0 snowballstemmer-2.2.0 tomli-2.0.2 tox-4.16.0 tox-current-env-0.0.11 typed-ast-1.5.5 urllib3-2.2.3 virtualenv-20.26.6 webencodings-0.5.1
2026-07-19 16:47:17,754 - INFO - done
2026-07-19 16:47:17,755 - INFO - #
# To activate this environment, use
#
#     $ conda activate testbed
#
# To deactivate an active environment, use
#
#     $ conda deactivate
2026-07-19 16:47:17,840 - INFO - + conda activate testbed
+ local cmd=activate
2026-07-19 16:47:17,840 - INFO - + case "$cmd" in
+ __conda_activate activate testbed
2026-07-19 16:47:17,840 - INFO - + '[' -n '' ']'
+ local ask_conda
2026-07-19 16:47:17,841 - INFO - ++ PS1='(base) '
++ __conda_exe shell.posix activate testbed
2026-07-19 16:47:17,842 - INFO - ++ /opt/miniconda3/bin/conda shell.posix activate testbed
2026-07-19 16:47:18,000 - INFO - + ask_conda='PS1='\''(testbed) '\''
export PATH='\''/opt/miniconda3/envs/testbed/bin:/opt/miniconda3/condabin:/opt/miniconda3/bin:/usr/local/sbin:/usr/local/bin:/usr/sbin:/usr/bin:/sbin:/bin'\''
export CONDA_PREFIX='\''/opt/miniconda3/envs/testbed'\''
export CONDA_SHLVL='\''2'\''
export CONDA_DEFAULT_ENV='\''testbed'\''
export CONDA_PROMPT_MODIFIER='\''(testbed) '\''
export CONDA_PREFIX_1='\''/opt/miniconda3'\''
export CONDA_EXE='\''/opt/miniconda3/bin/conda'\''
export _CE_M='\'''\''
export _CE_CONDA='\'''\''
export CONDA_PYTHON_EXE='\''/opt/miniconda3/bin/python'\'''
+ eval 'PS1='\''(testbed) '\''
export PATH='\''/opt/miniconda3/envs/testbed/bin:/opt/miniconda3/condabin:/opt/miniconda3/bin:/usr/local/sbin:/usr/local/bin:/usr/sbin:/usr/bin:/sbin:/bin'\''
export CONDA_PREFIX='\''/opt/miniconda3/envs/testbed'\''
export CONDA_SHLVL='\''2'\''
export CONDA_DEFAULT_ENV='\''testbed'\''
export CONDA_PROMPT_MODIFIER='\''(testbed) '\''
export CONDA_PREFIX_1='\''/opt/miniconda3'\''
export CONDA_EXE='\''/opt/miniconda3/bin/conda'\''
export _CE_M='\'''\''
export _CE_CONDA='\'''\''
export CONDA_PYTHON_EXE='\''/opt/miniconda3/bin/python'\'''
++ PS1='(testbed) '
2026-07-19 16:47:18,001 - INFO - ++ export PATH=/opt/miniconda3/envs/testbed/bin:/opt/miniconda3/condabin:/opt/miniconda3/bin:/usr/local/sbin:/usr/local/bin:/usr/sbin:/usr/bin:/sbin:/bin
++ PATH=/opt/miniconda3/envs/testbed/bin:/opt/miniconda3/condabin:/opt/miniconda3/bin:/usr/local/sbin:/usr/local/bin:/usr/sbin:/usr/bin:/sbin:/bin
2026-07-19 16:47:18,001 - INFO - ++ export CONDA_PREFIX=/opt/miniconda3/envs/testbed
++ CONDA_PREFIX=/opt/miniconda3/envs/testbed
++ export CONDA_SHLVL=2
++ CONDA_SHLVL=2
++ export CONDA_DEFAULT_ENV=testbed
++ CONDA_DEFAULT_ENV=testbed
++ export 'CONDA_PROMPT_MODIFIER=(testbed) '
++ CONDA_PROMPT_MODIFIER='(testbed) '
2026-07-19 16:47:18,001 - INFO - ++ export CONDA_PREFIX_1=/opt/miniconda3
++ CONDA_PREFIX_1=/opt/miniconda3
++ export CONDA_EXE=/opt/miniconda3/bin/conda
++ CONDA_EXE=/opt/miniconda3/bin/conda
++ export _CE_M=
++ _CE_M=
++ export _CE_CONDA=
++ _CE_CONDA=
++ export CONDA_PYTHON_EXE=/opt/miniconda3/bin/python
++ CONDA_PYTHON_EXE=/opt/miniconda3/bin/python
+ __conda_hashr
+ '[' -n '' ']'
+ '[' -n '' ']'
+ hash -r
2026-07-19 16:47:40,728 - INFO - ---> Removed intermediate container 021bc8544144
2026-07-19 16:47:40,729 - INFO - ---> ce8d41192b45
2026-07-19 16:47:40,729 - INFO - Step 6/7 : WORKDIR /testbed/
2026-07-19 16:47:40,729 - INFO - 
2026-07-19 16:47:41,078 - INFO - ---> [Warning] The requested image's platform (linux/amd64) does not match the detected host platform (linux/arm64/v8) and no specific platform was requested
2026-07-19 16:47:41,078 - INFO - ---> Running in f4a0e286f57e
2026-07-19 16:47:43,184 - INFO - ---> Removed intermediate container f4a0e286f57e
2026-07-19 16:47:43,185 - INFO - ---> 8c87d736a5b7
2026-07-19 16:47:43,185 - INFO - Step 7/7 : RUN echo "source /opt/miniconda3/etc/profile.d/conda.sh && conda activate testbed" > /root/.bashrc
2026-07-19 16:47:43,185 - INFO - 
2026-07-19 16:47:43,200 - INFO - ---> [Warning] The requested image's platform (linux/amd64) does not match the detected host platform (linux/arm64/v8) and no specific platform was requested
2026-07-19 16:47:43,200 - INFO - ---> Running in a19293e93275
2026-07-19 16:47:45,272 - INFO - ---> Removed intermediate container a19293e93275
2026-07-19 16:47:45,272 - INFO - ---> 072a5eb22139
2026-07-19 16:47:45,274 - INFO - Successfully built 072a5eb22139
2026-07-19 16:47:45,277 - INFO - Successfully tagged sweb.env.py.x86_64.d47b70b91b6f1eb405c9ba:latest
2026-07-19 16:47:45,277 - INFO - Image built successfully!
