2026-07-19 18:01:23,364 - INFO - Building image sweb.env.py.x86_64.b92cff264c6292f326bc0e:latest
Using dockerfile:
FROM --platform=linux/x86_64 sweb.base.py.x86_64:latest

COPY ./setup_env.sh /root/
RUN sed -i -e 's/\r$//' /root/setup_env.sh
RUN chmod +x /root/setup_env.sh
RUN /bin/bash -c "source ~/.bashrc && /root/setup_env.sh"

WORKDIR /testbed/

# Automatically activate the testbed environment
RUN echo "source /opt/miniconda3/etc/profile.d/conda.sh && conda activate testbed" > /root/.bashrc

Adding (1) setup scripts to image build repo
2026-07-19 18:01:23,365 - INFO - [SETUP SCRIPT] setup_env.sh:
#!/bin/bash
set -euxo pipefail
source /opt/miniconda3/bin/activate
cat <<'EOF_59812759871' > /root/environment.yml
name: testbed
channels:
  - defaults
  - conda-forge
dependencies:
  - _libgcc_mutex=0.1=main
  - _openmp_mutex=5.1=1_gnu
  - ca-certificates=2024.9.24=h06a4308_0
  - ld_impl_linux-64=2.40=h12ee557_0
  - libffi=3.4.4=h6a678d5_1
  - libgcc-ng=11.2.0=h1234567_1
  - libgomp=11.2.0=h1234567_1
  - libstdcxx-ng=11.2.0=h1234567_1
  - ncurses=6.4=h6a678d5_0
  - openssl=3.0.15=h5eee18b_0
  - pip=24.2=py39h06a4308_0
  - python=3.9.20=he870216_1
  - readline=8.2=h5eee18b_0
  - setuptools=75.1.0=py39h06a4308_0
  - sqlite=3.45.3=h5eee18b_0
  - tk=8.6.14=h39e8969_0
  - tzdata=2024b=h04d1e81_0
  - wheel=0.44.0=py39h06a4308_0
  - xz=5.4.6=h5eee18b_1
  - zlib=1.2.13=h5eee18b_1
  - pip:
      - atomicwrites==1.4.1
      - attrs==23.1.0
      - more-itertools==10.1.0
      - packaging==23.1
      - pluggy==0.13.1
      - py==1.11.0
      - wcwidth==0.2.6
prefix: /opt/miniconda3/envs/testbed

EOF_59812759871
conda env create -f /root/environment.yml
conda activate testbed

2026-07-19 18:01:23,366 - INFO - Building docker image sweb.env.py.x86_64.b92cff264c6292f326bc0e:latest in logs/build_images/env/sweb.env.py.x86_64.b92cff264c6292f326bc0e__latest with platform linux/x86_64
2026-07-19 18:01:24,247 - INFO - Step 1/7 : FROM --platform=linux/x86_64 sweb.base.py.x86_64:latest
2026-07-19 18:01:24,247 - INFO - 
2026-07-19 18:01:24,254 - INFO - ---> 50d1a44eed7e
2026-07-19 18:01:24,254 - INFO - Step 2/7 : COPY ./setup_env.sh /root/
2026-07-19 18:01:24,254 - INFO - 
2026-07-19 18:01:25,750 - INFO - ---> 1dce534d45a3
2026-07-19 18:01:25,750 - INFO - Step 3/7 : RUN sed -i -e 's/\r$//' /root/setup_env.sh
2026-07-19 18:01:25,750 - INFO - 
2026-07-19 18:01:25,766 - INFO - ---> [Warning] The requested image's platform (linux/amd64) does not match the detected host platform (linux/arm64/v8) and no specific platform was requested
2026-07-19 18:01:25,767 - INFO - ---> Running in b9b1730516de
2026-07-19 18:01:26,923 - INFO - ---> Removed intermediate container b9b1730516de
2026-07-19 18:01:26,923 - INFO - ---> 845bba6a6527
2026-07-19 18:01:26,923 - INFO - Step 4/7 : RUN chmod +x /root/setup_env.sh
2026-07-19 18:01:26,923 - INFO - 
2026-07-19 18:01:26,938 - INFO - ---> [Warning] The requested image's platform (linux/amd64) does not match the detected host platform (linux/arm64/v8) and no specific platform was requested
2026-07-19 18:01:26,938 - INFO - ---> Running in 6a11f7fabb7c
2026-07-19 18:01:28,132 - INFO - ---> Removed intermediate container 6a11f7fabb7c
2026-07-19 18:01:28,132 - INFO - ---> 23b8de01d52e
2026-07-19 18:01:28,132 - INFO - Step 5/7 : RUN /bin/bash -c "source ~/.bashrc && /root/setup_env.sh"
2026-07-19 18:01:28,132 - INFO - 
2026-07-19 18:01:28,147 - INFO - ---> [Warning] The requested image's platform (linux/amd64) does not match the detected host platform (linux/arm64/v8) and no specific platform was requested
2026-07-19 18:01:28,147 - INFO - ---> Running in 026a63906893
2026-07-19 18:01:28,249 - INFO - + source /opt/miniconda3/bin/activate
2026-07-19 18:01:28,250 - INFO - ++ _CONDA_ROOT=/opt/miniconda3
2026-07-19 18:01:28,251 - INFO - ++ . /opt/miniconda3/etc/profile.d/conda.sh
2026-07-19 18:01:28,251 - INFO - +++ export CONDA_EXE=/opt/miniconda3/bin/conda
2026-07-19 18:01:28,251 - INFO - +++ CONDA_EXE=/opt/miniconda3/bin/conda
2026-07-19 18:01:28,251 - INFO - +++ export _CE_M=
+++ _CE_M=
+++ export _CE_CONDA=
+++ _CE_CONDA=
+++ export CONDA_PYTHON_EXE=/opt/miniconda3/bin/python
+++ CONDA_PYTHON_EXE=/opt/miniconda3/bin/python
2026-07-19 18:01:28,253 - INFO - +++ '[' -z '' ']'
2026-07-19 18:01:28,254 - INFO - +++ export CONDA_SHLVL=0
+++ CONDA_SHLVL=0
2026-07-19 18:01:28,254 - INFO - +++ '[' -n '' ']'
2026-07-19 18:01:28,255 - INFO - +++++ dirname /opt/miniconda3/bin/conda
2026-07-19 18:01:28,265 - INFO - ++++ dirname /opt/miniconda3/bin
2026-07-19 18:01:28,275 - INFO - +++ PATH=/opt/miniconda3/condabin:/opt/miniconda3/bin:/usr/local/sbin:/usr/local/bin:/usr/sbin:/usr/bin:/sbin:/bin
2026-07-19 18:01:28,275 - INFO - +++ export PATH
2026-07-19 18:01:28,275 - INFO - +++ '[' -z '' ']'
+++ PS1=
2026-07-19 18:01:28,276 - INFO - ++ conda activate
2026-07-19 18:01:28,276 - INFO - ++ local cmd=activate
2026-07-19 18:01:28,276 - INFO - ++ case "$cmd" in
2026-07-19 18:01:28,277 - INFO - ++ __conda_activate activate
2026-07-19 18:01:28,277 - INFO - ++ '[' -n '' ']'
++ local ask_conda
2026-07-19 18:01:28,278 - INFO - +++ PS1=
+++ __conda_exe shell.posix activate
2026-07-19 18:01:28,278 - INFO - +++ /opt/miniconda3/bin/conda shell.posix activate
2026-07-19 18:01:28,420 - INFO - ++ ask_conda='PS1='\''(base) '\''
export PATH='\''/opt/miniconda3/bin:/opt/miniconda3/condabin:/opt/miniconda3/bin:/usr/local/sbin:/usr/local/bin:/usr/sbin:/usr/bin:/sbin:/bin'\''
export CONDA_PREFIX='\''/opt/miniconda3'\''
export CONDA_SHLVL='\''1'\''
export CONDA_DEFAULT_ENV='\''base'\''
export CONDA_PROMPT_MODIFIER='\''(base) '\''
export CONDA_EXE='\''/opt/miniconda3/bin/conda'\''
export _CE_M='\'''\''
export _CE_CONDA='\'''\''
export CONDA_PYTHON_EXE='\''/opt/miniconda3/bin/python'\'''
++ eval 'PS1='\''(base) '\''
export PATH='\''/opt/miniconda3/bin:/opt/miniconda3/condabin:/opt/miniconda3/bin:/usr/local/sbin:/usr/local/bin:/usr/sbin:/usr/bin:/sbin:/bin'\''
export CONDA_PREFIX='\''/opt/miniconda3'\''
export CONDA_SHLVL='\''1'\''
export CONDA_DEFAULT_ENV='\''base'\''
export CONDA_PROMPT_MODIFIER='\''(base) '\''
export CONDA_EXE='\''/opt/miniconda3/bin/conda'\''
export _CE_M='\'''\''
export _CE_CONDA='\'''\''
export CONDA_PYTHON_EXE='\''/opt/miniconda3/bin/python'\'''
2026-07-19 18:01:28,420 - INFO - +++ PS1='(base) '
+++ export PATH=/opt/miniconda3/bin:/opt/miniconda3/condabin:/opt/miniconda3/bin:/usr/local/sbin:/usr/local/bin:/usr/sbin:/usr/bin:/sbin:/bin
+++ PATH=/opt/miniconda3/bin:/opt/miniconda3/condabin:/opt/miniconda3/bin:/usr/local/sbin:/usr/local/bin:/usr/sbin:/usr/bin:/sbin:/bin
+++ export CONDA_PREFIX=/opt/miniconda3
+++ CONDA_PREFIX=/opt/miniconda3
2026-07-19 18:01:28,421 - INFO - +++ export CONDA_SHLVL=1
+++ CONDA_SHLVL=1
+++ export CONDA_DEFAULT_ENV=base
+++ CONDA_DEFAULT_ENV=base
+++ export 'CONDA_PROMPT_MODIFIER=(base) '
2026-07-19 18:01:28,421 - INFO - +++ CONDA_PROMPT_MODIFIER='(base) '
+++ export CONDA_EXE=/opt/miniconda3/bin/conda
+++ CONDA_EXE=/opt/miniconda3/bin/conda
+++ export _CE_M=
+++ _CE_M=
+++ export _CE_CONDA=
+++ _CE_CONDA=
+++ export CONDA_PYTHON_EXE=/opt/miniconda3/bin/python
+++ CONDA_PYTHON_EXE=/opt/miniconda3/bin/python
++ __conda_hashr
2026-07-19 18:01:28,421 - INFO - ++ '[' -n '' ']'
++ '[' -n '' ']'
++ hash -r
2026-07-19 18:01:28,421 - INFO - + cat
2026-07-19 18:01:28,433 - INFO - + conda env create -f /root/environment.yml
+ local cmd=env
+ case "$cmd" in
2026-07-19 18:01:28,433 - INFO - + __conda_exe env create -f /root/environment.yml
2026-07-19 18:01:28,433 - INFO - + /opt/miniconda3/bin/conda env create -f /root/environment.yml
2026-07-19 18:01:29,178 - INFO - Channels:
 - defaults
 - conda-forge
Platform: linux-64
Collecting package metadata (repodata.json): ...working...
2026-07-19 18:02:14,032 - INFO - done
Solving environment: ...working...
2026-07-19 18:02:14,861 - INFO - done
2026-07-19 18:02:19,368 - INFO - Downloading and Extracting Packages: ...working... done
Preparing transaction: ...working...
2026-07-19 18:02:19,597 - INFO - done
2026-07-19 18:02:19,598 - INFO - Verifying transaction: ...working...
2026-07-19 18:02:20,279 - INFO - done
2026-07-19 18:02:20,279 - INFO - Executing transaction: ...working...
2026-07-19 18:02:21,560 - INFO - done
2026-07-19 18:02:21,568 - INFO - Installing pip dependencies: ...working...
2026-07-19 18:02:23,254 - INFO - Ran pip subprocess with arguments:
['/opt/miniconda3/envs/testbed/bin/python', '-m', 'pip', 'install', '-U', '-r', '/root/condaenv.qzf1ms1_.requirements.txt', '--exists-action=b']
Pip subprocess output:
Collecting atomicwrites==1.4.1 (from -r /root/condaenv.qzf1ms1_.requirements.txt (line 1))
  Downloading atomicwrites-1.4.1.tar.gz (14 kB)
  Preparing metadata (setup.py): started
  Preparing metadata (setup.py): finished with status 'done'
Collecting attrs==23.1.0 (from -r /root/condaenv.qzf1ms1_.requirements.txt (line 2))
  Downloading attrs-23.1.0-py3-none-any.whl.metadata (11 kB)
Collecting more-itertools==10.1.0 (from -r /root/condaenv.qzf1ms1_.requirements.txt (line 3))
  Downloading more_itertools-10.1.0-py3-none-any.whl.metadata (33 kB)
Collecting packaging==23.1 (from -r /root/condaenv.qzf1ms1_.requirements.txt (line 4))
  Downloading packaging-23.1-py3-none-any.whl.metadata (3.1 kB)
Collecting pluggy==0.13.1 (from -r /root/condaenv.qzf1ms1_.requirements.txt (line 5))
  Downloading pluggy-0.13.1-py2.py3-none-any.whl.metadata (15 kB)
Collecting py==1.11.0 (from -r /root/condaenv.qzf1ms1_.requirements.txt (line 6))
  Downloading py-1.11.0-py2.py3-none-any.whl.metadata (2.8 kB)
Collecting wcwidth==0.2.6 (from -r /root/condaenv.qzf1ms1_.requirements.txt (line 7))
  Downloading wcwidth-0.2.6-py2.py3-none-any.whl.metadata (11 kB)
Downloading attrs-23.1.0-py3-none-any.whl (61 kB)
Downloading more_itertools-10.1.0-py3-none-any.whl (55 kB)
Downloading packaging-23.1-py3-none-any.whl (48 kB)
Downloading pluggy-0.13.1-py2.py3-none-any.whl (18 kB)
Downloading py-1.11.0-py2.py3-none-any.whl (98 kB)
Downloading wcwidth-0.2.6-py2.py3-none-any.whl (29 kB)
Building wheels for collected packages: atomicwrites
  Building wheel for atomicwrites (setup.py): started
  Building wheel for atomicwrites (setup.py): finished with status 'done'
  Created wheel for atomicwrites: filename=atomicwrites-1.4.1-py2.py3-none-any.whl size=6941 sha256=9a11c07ab787d6ce85e45d83ef1395367d5298fc8b784572058a28e0b052c450
  Stored in directory: /root/.cache/pip/wheels/2a/b5/06/d2f34584f352e4af7d1d7ac1baf38b5d24142c8044cd024fd5
Successfully built atomicwrites
Installing collected packages: wcwidth, py, pluggy, packaging, more-itertools, attrs, atomicwrites
Successfully installed atomicwrites-1.4.1 attrs-23.1.0 more-itertools-10.1.0 packaging-23.1 pluggy-0.13.1 py-1.11.0 wcwidth-0.2.6

done
2026-07-19 18:02:23,255 - INFO - #
# To activate this environment, use
#
#     $ conda activate testbed
#
# To deactivate an active environment, use
#
#     $ conda deactivate
2026-07-19 18:02:23,319 - INFO - + conda activate testbed
+ local cmd=activate
+ case "$cmd" in
+ __conda_activate activate testbed
2026-07-19 18:02:23,319 - INFO - + '[' -n '' ']'
+ local ask_conda
2026-07-19 18:02:23,320 - INFO - ++ PS1='(base) '
++ __conda_exe shell.posix activate testbed
2026-07-19 18:02:23,321 - INFO - ++ /opt/miniconda3/bin/conda shell.posix activate testbed
2026-07-19 18:02:23,461 - INFO - + ask_conda='PS1='\''(testbed) '\''
export PATH='\''/opt/miniconda3/envs/testbed/bin:/opt/miniconda3/condabin:/opt/miniconda3/bin:/usr/local/sbin:/usr/local/bin:/usr/sbin:/usr/bin:/sbin:/bin'\''
export CONDA_PREFIX='\''/opt/miniconda3/envs/testbed'\''
export CONDA_SHLVL='\''2'\''
export CONDA_DEFAULT_ENV='\''testbed'\''
export CONDA_PROMPT_MODIFIER='\''(testbed) '\''
export CONDA_PREFIX_1='\''/opt/miniconda3'\''
export CONDA_EXE='\''/opt/miniconda3/bin/conda'\''
export _CE_M='\'''\''
export _CE_CONDA='\'''\''
export CONDA_PYTHON_EXE='\''/opt/miniconda3/bin/python'\'''
+ eval 'PS1='\''(testbed) '\''
export PATH='\''/opt/miniconda3/envs/testbed/bin:/opt/miniconda3/condabin:/opt/miniconda3/bin:/usr/local/sbin:/usr/local/bin:/usr/sbin:/usr/bin:/sbin:/bin'\''
export CONDA_PREFIX='\''/opt/miniconda3/envs/testbed'\''
export CONDA_SHLVL='\''2'\''
export CONDA_DEFAULT_ENV='\''testbed'\''
export CONDA_PROMPT_MODIFIER='\''(testbed) '\''
export CONDA_PREFIX_1='\''/opt/miniconda3'\''
export CONDA_EXE='\''/opt/miniconda3/bin/conda'\''
export _CE_M='\'''\''
export _CE_CONDA='\'''\''
export CONDA_PYTHON_EXE='\''/opt/miniconda3/bin/python'\'''
++ PS1='(testbed) '
2026-07-19 18:02:23,462 - INFO - ++ export PATH=/opt/miniconda3/envs/testbed/bin:/opt/miniconda3/condabin:/opt/miniconda3/bin:/usr/local/sbin:/usr/local/bin:/usr/sbin:/usr/bin:/sbin:/bin
++ PATH=/opt/miniconda3/envs/testbed/bin:/opt/miniconda3/condabin:/opt/miniconda3/bin:/usr/local/sbin:/usr/local/bin:/usr/sbin:/usr/bin:/sbin:/bin
2026-07-19 18:02:23,462 - INFO - ++ export CONDA_PREFIX=/opt/miniconda3/envs/testbed
++ CONDA_PREFIX=/opt/miniconda3/envs/testbed
++ export CONDA_SHLVL=2
++ CONDA_SHLVL=2
++ export CONDA_DEFAULT_ENV=testbed
++ CONDA_DEFAULT_ENV=testbed
++ export 'CONDA_PROMPT_MODIFIER=(testbed) '
++ CONDA_PROMPT_MODIFIER='(testbed) '
++ export CONDA_PREFIX_1=/opt/miniconda3
++ CONDA_PREFIX_1=/opt/miniconda3
++ export CONDA_EXE=/opt/miniconda3/bin/conda
++ CONDA_EXE=/opt/miniconda3/bin/conda
++ export _CE_M=
++ _CE_M=
++ export _CE_CONDA=
++ _CE_CONDA=
++ export CONDA_PYTHON_EXE=/opt/miniconda3/bin/python
++ CONDA_PYTHON_EXE=/opt/miniconda3/bin/python
+ __conda_hashr
2026-07-19 18:02:23,462 - INFO - + '[' -n '' ']'
+ '[' -n '' ']'
+ hash -r
2026-07-19 18:02:43,374 - INFO - ---> Removed intermediate container 026a63906893
2026-07-19 18:02:43,375 - INFO - ---> 2a3f9fa08412
2026-07-19 18:02:43,375 - INFO - Step 6/7 : WORKDIR /testbed/
2026-07-19 18:02:43,375 - INFO - 
2026-07-19 18:02:44,195 - INFO - ---> [Warning] The requested image's platform (linux/amd64) does not match the detected host platform (linux/arm64/v8) and no specific platform was requested
2026-07-19 18:02:44,195 - INFO - ---> Running in 8ec60d86c1c0
2026-07-19 18:02:46,129 - INFO - ---> Removed intermediate container 8ec60d86c1c0
2026-07-19 18:02:46,129 - INFO - ---> b4b1becc65ed
2026-07-19 18:02:46,129 - INFO - Step 7/7 : RUN echo "source /opt/miniconda3/etc/profile.d/conda.sh && conda activate testbed" > /root/.bashrc
2026-07-19 18:02:46,129 - INFO - 
2026-07-19 18:02:46,146 - INFO - ---> [Warning] The requested image's platform (linux/amd64) does not match the detected host platform (linux/arm64/v8) and no specific platform was requested
2026-07-19 18:02:46,146 - INFO - ---> Running in 460fbeb4b8b0
2026-07-19 18:02:47,950 - INFO - ---> Removed intermediate container 460fbeb4b8b0
2026-07-19 18:02:47,950 - INFO - ---> 7be6bd590717
2026-07-19 18:02:47,951 - INFO - Successfully built 7be6bd590717
2026-07-19 18:02:47,955 - INFO - Successfully tagged sweb.env.py.x86_64.b92cff264c6292f326bc0e:latest
2026-07-19 18:02:47,956 - INFO - Image built successfully!
