2026-07-19 14:25:01,767 - INFO - Building image sweb.env.py.x86_64.cd77d16b76895ef2ebb041:latest
Using dockerfile:
FROM --platform=linux/x86_64 sweb.base.py.x86_64:latest

COPY ./setup_env.sh /root/
RUN sed -i -e 's/\r$//' /root/setup_env.sh
RUN chmod +x /root/setup_env.sh
RUN /bin/bash -c "source ~/.bashrc && /root/setup_env.sh"

WORKDIR /testbed/

# Automatically activate the testbed environment
RUN echo "source /opt/miniconda3/etc/profile.d/conda.sh && conda activate testbed" > /root/.bashrc

Adding (1) setup scripts to image build repo
2026-07-19 14:25:01,767 - INFO - [SETUP SCRIPT] setup_env.sh:
#!/bin/bash
set -euxo pipefail
source /opt/miniconda3/bin/activate
cat <<'EOF_59812759871' > /root/environment.yml
name: testbed
channels:
  - defaults
  - conda-forge
dependencies:
  - _libgcc_mutex=0.1=main
  - _openmp_mutex=5.1=1_gnu
  - ca-certificates=2024.9.24=h06a4308_0
  - certifi=2021.5.30=py36h06a4308_0
  - ld_impl_linux-64=2.40=h12ee557_0
  - libffi=3.3=he6710b0_2
  - libgcc-ng=11.2.0=h1234567_1
  - libgomp=11.2.0=h1234567_1
  - libstdcxx-ng=11.2.0=h1234567_1
  - ncurses=6.4=h6a678d5_0
  - openssl=1.1.1w=h7f8727e_0
  - pip=21.2.2=py36h06a4308_0
  - python=3.6.13=h12debd9_1
  - readline=8.2=h5eee18b_0
  - setuptools=38.2.4=py36_0
  - sqlite=3.45.3=h5eee18b_0
  - tk=8.6.14=h39e8969_0
  - wheel=0.37.1=pyhd3eb1b0_0
  - xz=5.4.6=h5eee18b_1
  - zlib=1.2.13=h5eee18b_1
  - pip:
      - apipkg==2.1.1
      - async-generator==1.10
      - attrs==17.3.0
      - contextvars==2.4
      - coverage==6.2
      - cython==0.27.3
      - exceptiongroup==0.0.0a0
      - execnet==1.5.0
      - hypothesis==3.44.2
      - idna==3.10
      - immutables==0.19
      - jinja2==2.10
      - markupsafe==1.0
      - numpy==1.16.0
      - outcome==1.0.0
      - packaging==16.8
      - pluggy==0.6.0
      - psutil==5.4.2
      - py==1.11.0
      - pyerfa==1.7.0
      - pyparsing==3.1.4
      - pytest==3.3.1
      - pytest-arraydiff==0.1
      - pytest-astropy==0.2.1
      - pytest-astropy-header==0.1
      - pytest-cov==2.5.1
      - pytest-doctestplus==0.1.2
      - pytest-filter-subpackage==0.1
      - pytest-forked==0.2
      - pytest-mock==1.6.3
      - pytest-openfiles==0.2.0
      - pytest-remotedata==0.2.0
      - pytest-xdist==1.20.1
      - pyyaml==3.12
      - six==1.16.0
      - sniffio==1.2.0
      - sortedcontainers==1.5.9
      - tomli==0.2.0
      - trio==0.8.0
      - typing-extensions==4.1.1
prefix: /opt/miniconda3/envs/testbed

EOF_59812759871
conda env create -f /root/environment.yml
conda activate testbed

2026-07-19 14:25:01,767 - INFO - Building docker image sweb.env.py.x86_64.cd77d16b76895ef2ebb041:latest in logs/build_images/env/sweb.env.py.x86_64.cd77d16b76895ef2ebb041__latest with platform linux/x86_64
2026-07-19 14:25:06,096 - INFO - Step 1/7 : FROM --platform=linux/x86_64 sweb.base.py.x86_64:latest
2026-07-19 14:25:06,096 - INFO - 
2026-07-19 14:25:06,104 - INFO - ---> 50d1a44eed7e
2026-07-19 14:25:06,104 - INFO - Step 2/7 : COPY ./setup_env.sh /root/
2026-07-19 14:25:06,104 - INFO - 
2026-07-19 14:25:07,964 - INFO - ---> f164b1d83aea
2026-07-19 14:25:07,964 - INFO - Step 3/7 : RUN sed -i -e 's/\r$//' /root/setup_env.sh
2026-07-19 14:25:07,964 - INFO - 
2026-07-19 14:25:07,991 - INFO - ---> [Warning] The requested image's platform (linux/amd64) does not match the detected host platform (linux/arm64/v8) and no specific platform was requested
2026-07-19 14:25:07,991 - INFO - ---> Running in 42cfb8c4cf94
2026-07-19 14:25:09,869 - INFO - ---> Removed intermediate container 42cfb8c4cf94
2026-07-19 14:25:09,870 - INFO - ---> 7150de2b7f15
2026-07-19 14:25:09,870 - INFO - Step 4/7 : RUN chmod +x /root/setup_env.sh
2026-07-19 14:25:09,870 - INFO - 
2026-07-19 14:25:09,885 - INFO - ---> [Warning] The requested image's platform (linux/amd64) does not match the detected host platform (linux/arm64/v8) and no specific platform was requested
2026-07-19 14:25:09,886 - INFO - ---> Running in 5f8a1d7aaa48
2026-07-19 14:25:11,196 - INFO - ---> Removed intermediate container 5f8a1d7aaa48
2026-07-19 14:25:11,196 - INFO - ---> 3f7c11d3b6da
2026-07-19 14:25:11,196 - INFO - Step 5/7 : RUN /bin/bash -c "source ~/.bashrc && /root/setup_env.sh"
2026-07-19 14:25:11,196 - INFO - 
2026-07-19 14:25:11,210 - INFO - ---> [Warning] The requested image's platform (linux/amd64) does not match the detected host platform (linux/arm64/v8) and no specific platform was requested
2026-07-19 14:25:11,210 - INFO - ---> Running in 2ca6dbea25d9
2026-07-19 14:25:11,318 - INFO - + source /opt/miniconda3/bin/activate
2026-07-19 14:25:11,319 - INFO - ++ _CONDA_ROOT=/opt/miniconda3
2026-07-19 14:25:11,320 - INFO - ++ . /opt/miniconda3/etc/profile.d/conda.sh
2026-07-19 14:25:11,320 - INFO - +++ export CONDA_EXE=/opt/miniconda3/bin/conda
2026-07-19 14:25:11,320 - INFO - +++ CONDA_EXE=/opt/miniconda3/bin/conda
2026-07-19 14:25:11,320 - INFO - +++ export _CE_M=
+++ _CE_M=
+++ export _CE_CONDA=
+++ _CE_CONDA=
+++ export CONDA_PYTHON_EXE=/opt/miniconda3/bin/python
+++ CONDA_PYTHON_EXE=/opt/miniconda3/bin/python
2026-07-19 14:25:11,322 - INFO - +++ '[' -z '' ']'
2026-07-19 14:25:11,323 - INFO - +++ export CONDA_SHLVL=0
+++ CONDA_SHLVL=0
2026-07-19 14:25:11,323 - INFO - +++ '[' -n '' ']'
2026-07-19 14:25:11,324 - INFO - +++++ dirname /opt/miniconda3/bin/conda
2026-07-19 14:25:11,334 - INFO - ++++ dirname /opt/miniconda3/bin
2026-07-19 14:25:11,345 - INFO - +++ PATH=/opt/miniconda3/condabin:/opt/miniconda3/bin:/usr/local/sbin:/usr/local/bin:/usr/sbin:/usr/bin:/sbin:/bin
+++ export PATH
2026-07-19 14:25:11,345 - INFO - +++ '[' -z '' ']'
+++ PS1=
2026-07-19 14:25:11,345 - INFO - ++ conda activate
2026-07-19 14:25:11,345 - INFO - ++ local cmd=activate
2026-07-19 14:25:11,346 - INFO - ++ case "$cmd" in
2026-07-19 14:25:11,346 - INFO - ++ __conda_activate activate
2026-07-19 14:25:11,346 - INFO - ++ '[' -n '' ']'
++ local ask_conda
2026-07-19 14:25:11,347 - INFO - +++ PS1=
+++ __conda_exe shell.posix activate
2026-07-19 14:25:11,348 - INFO - +++ /opt/miniconda3/bin/conda shell.posix activate
2026-07-19 14:25:11,501 - INFO - ++ ask_conda='PS1='\''(base) '\''
export PATH='\''/opt/miniconda3/bin:/opt/miniconda3/condabin:/opt/miniconda3/bin:/usr/local/sbin:/usr/local/bin:/usr/sbin:/usr/bin:/sbin:/bin'\''
export CONDA_PREFIX='\''/opt/miniconda3'\''
export CONDA_SHLVL='\''1'\''
export CONDA_DEFAULT_ENV='\''base'\''
export CONDA_PROMPT_MODIFIER='\''(base) '\''
export CONDA_EXE='\''/opt/miniconda3/bin/conda'\''
export _CE_M='\'''\''
export _CE_CONDA='\'''\''
export CONDA_PYTHON_EXE='\''/opt/miniconda3/bin/python'\'''
++ eval 'PS1='\''(base) '\''
export PATH='\''/opt/miniconda3/bin:/opt/miniconda3/condabin:/opt/miniconda3/bin:/usr/local/sbin:/usr/local/bin:/usr/sbin:/usr/bin:/sbin:/bin'\''
export CONDA_PREFIX='\''/opt/miniconda3'\''
export CONDA_SHLVL='\''1'\''
export CONDA_DEFAULT_ENV='\''base'\''
export CONDA_PROMPT_MODIFIER='\''(base) '\''
export CONDA_EXE='\''/opt/miniconda3/bin/conda'\''
export _CE_M='\'''\''
export _CE_CONDA='\'''\''
export CONDA_PYTHON_EXE='\''/opt/miniconda3/bin/python'\'''
2026-07-19 14:25:11,501 - INFO - +++ PS1='(base) '
+++ export PATH=/opt/miniconda3/bin:/opt/miniconda3/condabin:/opt/miniconda3/bin:/usr/local/sbin:/usr/local/bin:/usr/sbin:/usr/bin:/sbin:/bin
+++ PATH=/opt/miniconda3/bin:/opt/miniconda3/condabin:/opt/miniconda3/bin:/usr/local/sbin:/usr/local/bin:/usr/sbin:/usr/bin:/sbin:/bin
+++ export CONDA_PREFIX=/opt/miniconda3
+++ CONDA_PREFIX=/opt/miniconda3
2026-07-19 14:25:11,501 - INFO - +++ export CONDA_SHLVL=1
+++ CONDA_SHLVL=1
+++ export CONDA_DEFAULT_ENV=base
+++ CONDA_DEFAULT_ENV=base
+++ export 'CONDA_PROMPT_MODIFIER=(base) '
+++ CONDA_PROMPT_MODIFIER='(base) '
2026-07-19 14:25:11,501 - INFO - +++ export CONDA_EXE=/opt/miniconda3/bin/conda
+++ CONDA_EXE=/opt/miniconda3/bin/conda
+++ export _CE_M=
+++ _CE_M=
+++ export _CE_CONDA=
+++ _CE_CONDA=
+++ export CONDA_PYTHON_EXE=/opt/miniconda3/bin/python
+++ CONDA_PYTHON_EXE=/opt/miniconda3/bin/python
++ __conda_hashr
2026-07-19 14:25:11,501 - INFO - ++ '[' -n '' ']'
++ '[' -n '' ']'
2026-07-19 14:25:11,501 - INFO - ++ hash -r
2026-07-19 14:25:11,501 - INFO - + cat
2026-07-19 14:25:11,513 - INFO - + conda env create -f /root/environment.yml
+ local cmd=env
2026-07-19 14:25:11,513 - INFO - + case "$cmd" in
+ __conda_exe env create -f /root/environment.yml
2026-07-19 14:25:11,513 - INFO - + /opt/miniconda3/bin/conda env create -f /root/environment.yml
2026-07-19 14:25:12,377 - INFO - Channels:
 - defaults
 - conda-forge
Platform: linux-64
Collecting package metadata (repodata.json): ...working...
2026-07-19 14:26:01,172 - INFO - done
Solving environment: ...working...
2026-07-19 14:26:02,052 - INFO - done
2026-07-19 14:26:08,490 - INFO - Downloading and Extracting Packages: ...working... done
Preparing transaction: ...working...
2026-07-19 14:26:08,719 - INFO - done
2026-07-19 14:26:08,720 - INFO - Verifying transaction: ...working...
2026-07-19 14:26:09,151 - INFO - done
2026-07-19 14:26:09,151 - INFO - Executing transaction: ...working...
2026-07-19 14:26:10,790 - INFO - done
2026-07-19 14:26:10,801 - INFO - Installing pip dependencies: ...working...
2026-07-19 14:26:30,059 - INFO - Ran pip subprocess with arguments:
['/opt/miniconda3/envs/testbed/bin/python', '-m', 'pip', 'install', '-U', '-r', '/root/condaenv.qqi5z_et.requirements.txt', '--exists-action=b']
Pip subprocess output:
Collecting apipkg==2.1.1
  Downloading apipkg-2.1.1-py2.py3-none-any.whl (7.1 kB)
Collecting async-generator==1.10
  Downloading async_generator-1.10-py3-none-any.whl (18 kB)
Collecting attrs==17.3.0
  Downloading attrs-17.3.0-py2.py3-none-any.whl (29 kB)
Collecting contextvars==2.4
  Downloading contextvars-2.4.tar.gz (9.6 kB)
Collecting coverage==6.2
  Downloading coverage-6.2-cp36-cp36m-manylinux_2_5_x86_64.manylinux1_x86_64.manylinux_2_12_x86_64.manylinux2010_x86_64.whl (212 kB)
Collecting cython==0.27.3
  Downloading Cython-0.27.3-cp36-cp36m-manylinux1_x86_64.whl (3.1 MB)
Collecting exceptiongroup==0.0.0a0
  Downloading exceptiongroup-0.0.0a0-py3-none-any.whl (16 kB)
Collecting execnet==1.5.0
  Downloading execnet-1.5.0-py2.py3-none-any.whl (39 kB)
Collecting hypothesis==3.44.2
  Downloading hypothesis-3.44.2-py3-none-any.whl (186 kB)
Collecting idna==3.10
  Downloading idna-3.10-py3-none-any.whl (70 kB)
Collecting immutables==0.19
  Downloading immutables-0.19-cp36-cp36m-manylinux_2_5_x86_64.manylinux1_x86_64.manylinux_2_17_x86_64.manylinux2014_x86_64.whl (116 kB)
Collecting jinja2==2.10
  Downloading Jinja2-2.10-py2.py3-none-any.whl (126 kB)
Collecting markupsafe==1.0
  Downloading MarkupSafe-1.0.tar.gz (14 kB)
Collecting numpy==1.16.0
  Downloading numpy-1.16.0-cp36-cp36m-manylinux1_x86_64.whl (17.3 MB)
Collecting outcome==1.0.0
  Downloading outcome-1.0.0-py2.py3-none-any.whl (5.1 kB)
Collecting packaging==16.8
  Downloading packaging-16.8-py2.py3-none-any.whl (23 kB)
Collecting pluggy==0.6.0
  Downloading pluggy-0.6.0-py3-none-any.whl (13 kB)
Collecting psutil==5.4.2
  Downloading psutil-5.4.2.tar.gz (411 kB)
Collecting py==1.11.0
  Downloading py-1.11.0-py2.py3-none-any.whl (98 kB)
Collecting pyerfa==1.7.0
  Downloading pyerfa-1.7.0-cp36-cp36m-manylinux2010_x86_64.whl (693 kB)
Collecting pyparsing==3.1.4
  Downloading pyparsing-3.1.4-py3-none-any.whl (104 kB)
Collecting pytest==3.3.1
  Downloading pytest-3.3.1-py2.py3-none-any.whl (184 kB)
Collecting pytest-arraydiff==0.1
  Downloading pytest-arraydiff-0.1.tar.gz (8.8 kB)
Collecting pytest-astropy==0.2.1
  Downloading pytest-astropy-0.2.1.tar.gz (3.6 kB)
Collecting pytest-astropy-header==0.1
  Downloading pytest_astropy_header-0.1-py2.py3-none-any.whl (7.3 kB)
Collecting pytest-cov==2.5.1
  Downloading pytest_cov-2.5.1-py2.py3-none-any.whl (21 kB)
Collecting pytest-doctestplus==0.1.2
  Downloading pytest-doctestplus-0.1.2.tar.gz (14 kB)
Collecting pytest-filter-subpackage==0.1
  Downloading pytest_filter_subpackage-0.1-py2.py3-none-any.whl (4.9 kB)
Collecting pytest-forked==0.2
  Downloading pytest_forked-0.2-py2.py3-none-any.whl (6.1 kB)
Collecting pytest-mock==1.6.3
  Downloading pytest_mock-1.6.3-py2.py3-none-any.whl (12 kB)
Collecting pytest-openfiles==0.2.0
  Downloading pytest-openfiles-0.2.0.tar.gz (5.2 kB)
Collecting pytest-remotedata==0.2.0
  Downloading pytest-remotedata-0.2.0.tar.gz (9.5 kB)
Collecting pytest-xdist==1.20.1
  Downloading pytest_xdist-1.20.1-py2.py3-none-any.whl (37 kB)
Collecting pyyaml==3.12
  Downloading PyYAML-3.12.zip (375 kB)
Collecting six==1.16.0
  Downloading six-1.16.0-py2.py3-none-any.whl (11 kB)
Collecting sniffio==1.2.0
  Downloading sniffio-1.2.0-py3-none-any.whl (10 kB)
Collecting sortedcontainers==1.5.9
  Downloading sortedcontainers-1.5.9-py2.py3-none-any.whl (31 kB)
Collecting tomli==0.2.0
  Downloading tomli-0.2.0-py3-none-any.whl (8.6 kB)
Collecting trio==0.8.0
  Downloading trio-0.8.0-py3-none-any.whl (255 kB)
Collecting typing-extensions==4.1.1
  Downloading typing_extensions-4.1.1-py3-none-any.whl (26 kB)
Requirement already satisfied: setuptools in /opt/miniconda3/envs/testbed/lib/python3.6/site-packages (from pytest==3.3.1->-r /root/condaenv.qqi5z_et.requirements.txt (line 22)) (38.2.4)
Building wheels for collected packages: contextvars, markupsafe, psutil, pytest-arraydiff, pytest-astropy, pytest-doctestplus, pytest-openfiles, pytest-remotedata, pyyaml
  Building wheel for contextvars (setup.py): started
  Building wheel for contextvars (setup.py): finished with status 'done'
  Created wheel for contextvars: filename=contextvars-2.4-py3-none-any.whl size=7683 sha256=96330040c5d6925cf0ba0808682dea19a9ffb49bfb2fced68883e1f424b074db
  Stored in directory: /root/.cache/pip/wheels/41/11/53/911724983aa48deb94792432e14e518447212dd6c5477d49d3
  Building wheel for markupsafe (setup.py): started
  Building wheel for markupsafe (setup.py): finished with status 'done'
  Created wheel for markupsafe: filename=MarkupSafe-1.0-cp36-cp36m-linux_x86_64.whl size=26129 sha256=8a01539fe8e71064558125036744e806957a10afb5ea38b8b31aaf7d38fc59ea
  Stored in directory: /root/.cache/pip/wheels/00/5a/67/e7ff93a250c45c5b91636cc8a0660c888bbb7d2829eaa6ca9d
  Building wheel for psutil (setup.py): started
  Building wheel for psutil (setup.py): finished with status 'done'
  Created wheel for psutil: filename=psutil-5.4.2-cp36-cp36m-linux_x86_64.whl size=252905 sha256=f9dde22c2bf00456d30f62e7cc01b377f5e7fdede7d11cb09342d8e26c270dc3
  Stored in directory: /root/.cache/pip/wheels/c5/18/95/569dcfb7e6ef608e2a5f7b874eb54b586e309127eda990022d
  Building wheel for pytest-arraydiff (setup.py): started
  Building wheel for pytest-arraydiff (setup.py): finished with status 'done'
  Created wheel for pytest-arraydiff: filename=pytest_arraydiff-0.1-py3-none-any.whl size=8150 sha256=96df8ad85c9f09854b1d42e2981fd132d1c418e85db96f8a2401c4f29f758749
  Stored in directory: /root/.cache/pip/wheels/c4/33/39/28583fdf07c5692bc1e90f0734aa62023afc885bbee2ef6d43
  Building wheel for pytest-astropy (setup.py): started
  Building wheel for pytest-astropy (setup.py): finished with status 'done'
  Created wheel for pytest-astropy: filename=pytest_astropy-0.2.1-py3-none-any.whl size=3182 sha256=40b36a07f93daf5750bcdccc7fe9de59c89dcaf436bae28a597deaf63a8d372d
  Stored in directory: /root/.cache/pip/wheels/a2/50/0f/5eda04333fc65d224038d57b26fc715369673b5ef43b198742
  Building wheel for pytest-doctestplus (setup.py): started
  Building wheel for pytest-doctestplus (setup.py): finished with status 'done'
  Created wheel for pytest-doctestplus: filename=pytest_doctestplus-0.1.2-py3-none-any.whl size=13564 sha256=4e261f3352ea0d72db8f01b245ea5416cdb9e949a8f91e161a7171db8c55b57a
  Stored in directory: /root/.cache/pip/wheels/45/68/8e/7b95453863efb8d0db3e724fe2de7e150127cd91111248c9b7
  Building wheel for pytest-openfiles (setup.py): started
  Building wheel for pytest-openfiles (setup.py): finished with status 'done'
  Created wheel for pytest-openfiles: filename=pytest_openfiles-0.2.0-py3-none-any.whl size=6143 sha256=ce39ed42e4482e7f477f07f6df62f7b770b6e453af2eebec7af1cb334cc62d15
  Stored in directory: /root/.cache/pip/wheels/7a/a4/77/ce43650175f0007e250b0e632132e16e292923420a11c2c890
  Building wheel for pytest-remotedata (setup.py): started
  Building wheel for pytest-remotedata (setup.py): finished with status 'done'
  Created wheel for pytest-remotedata: filename=pytest_remotedata-0.2.0-py3-none-any.whl size=11313 sha256=0dc25b8cd17113cd6665b876e00d719cb812184103b36e08dae40023ac290665
  Stored in directory: /root/.cache/pip/wheels/82/82/15/e00a2b86dd24ce0e1a315653b10e609567d61465340e3f930a
  Building wheel for pyyaml (setup.py): started
  Building wheel for pyyaml (setup.py): finished with status 'done'
  Created wheel for pyyaml: filename=PyYAML-3.12-cp36-cp36m-linux_x86_64.whl size=43078 sha256=a61c7c2e22757cd0c3e83f2f403962f18c4c67379840d9b623af58a87635d7bf
  Stored in directory: /root/.cache/pip/wheels/58/13/a4/e672e27a1ba3320d443b791c3a1203c64f5cb17f2a69dc7438
Successfully built contextvars markupsafe psutil pytest-arraydiff pytest-astropy pytest-doctestplus pytest-openfiles pytest-remotedata pyyaml
Installing collected packages: typing-extensions, immutables, six, py, pluggy, contextvars, attrs, sortedcontainers, sniffio, pytest, psutil, outcome, numpy, idna, async-generator, apipkg, trio, pytest-remotedata, pytest-openfiles, pytest-forked, pytest-doctestplus, pytest-arraydiff, pyparsing, markupsafe, execnet, coverage, tomli, pyyaml, pytest-xdist, pytest-mock, pytest-filter-subpackage, pytest-cov, pytest-astropy-header, pytest-astropy, pyerfa, packaging, jinja2, hypothesis, exceptiongroup, cython
Successfully installed apipkg-2.1.1 async-generator-1.10 attrs-17.3.0 contextvars-2.4 coverage-6.2 cython-0.27.3 exceptiongroup-0.0.0a0 execnet-1.5.0 hypothesis-3.44.2 idna-3.10 immutables-0.19 jinja2-2.10 markupsafe-1.0 numpy-1.16.0 outcome-1.0.0 packaging-16.8 pluggy-0.6.0 psutil-5.4.2 py-1.11.0 pyerfa-1.7.0 pyparsing-3.1.4 pytest-3.3.1 pytest-arraydiff-0.1 pytest-astropy-0.2.1 pytest-astropy-header-0.1 pytest-cov-2.5.1 pytest-doctestplus-0.1.2 pytest-filter-subpackage-0.1 pytest-forked-0.2 pytest-mock-1.6.3 pytest-openfiles-0.2.0 pytest-remotedata-0.2.0 pytest-xdist-1.20.1 pyyaml-3.12 six-1.16.0 sniffio-1.2.0 sortedcontainers-1.5.9 tomli-0.2.0 trio-0.8.0 typing-extensions-4.1.1
2026-07-19 14:26:30,059 - INFO - done
2026-07-19 14:26:30,060 - INFO - #
# To activate this environment, use
#
#     $ conda activate testbed
#
# To deactivate an active environment, use
#
#     $ conda deactivate
2026-07-19 14:26:30,158 - INFO - + conda activate testbed
2026-07-19 14:26:30,159 - INFO - + local cmd=activate
2026-07-19 14:26:30,159 - INFO - + case "$cmd" in
+ __conda_activate activate testbed
2026-07-19 14:26:30,159 - INFO - + '[' -n '' ']'
+ local ask_conda
2026-07-19 14:26:30,159 - INFO - ++ PS1='(base) '
++ __conda_exe shell.posix activate testbed
2026-07-19 14:26:30,160 - INFO - ++ /opt/miniconda3/bin/conda shell.posix activate testbed
2026-07-19 14:26:30,309 - INFO - + ask_conda='PS1='\''(testbed) '\''
export PATH='\''/opt/miniconda3/envs/testbed/bin:/opt/miniconda3/condabin:/opt/miniconda3/bin:/usr/local/sbin:/usr/local/bin:/usr/sbin:/usr/bin:/sbin:/bin'\''
export CONDA_PREFIX='\''/opt/miniconda3/envs/testbed'\''
export CONDA_SHLVL='\''2'\''
export CONDA_DEFAULT_ENV='\''testbed'\''
export CONDA_PROMPT_MODIFIER='\''(testbed) '\''
export CONDA_PREFIX_1='\''/opt/miniconda3'\''
export CONDA_EXE='\''/opt/miniconda3/bin/conda'\''
export _CE_M='\'''\''
export _CE_CONDA='\'''\''
export CONDA_PYTHON_EXE='\''/opt/miniconda3/bin/python'\'''
+ eval 'PS1='\''(testbed) '\''
export PATH='\''/opt/miniconda3/envs/testbed/bin:/opt/miniconda3/condabin:/opt/miniconda3/bin:/usr/local/sbin:/usr/local/bin:/usr/sbin:/usr/bin:/sbin:/bin'\''
export CONDA_PREFIX='\''/opt/miniconda3/envs/testbed'\''
export CONDA_SHLVL='\''2'\''
export CONDA_DEFAULT_ENV='\''testbed'\''
export CONDA_PROMPT_MODIFIER='\''(testbed) '\''
export CONDA_PREFIX_1='\''/opt/miniconda3'\''
export CONDA_EXE='\''/opt/miniconda3/bin/conda'\''
export _CE_M='\'''\''
export _CE_CONDA='\'''\''
export CONDA_PYTHON_EXE='\''/opt/miniconda3/bin/python'\'''
++ PS1='(testbed) '
++ export PATH=/opt/miniconda3/envs/testbed/bin:/opt/miniconda3/condabin:/opt/miniconda3/bin:/usr/local/sbin:/usr/local/bin:/usr/sbin:/usr/bin:/sbin:/bin
++ PATH=/opt/miniconda3/envs/testbed/bin:/opt/miniconda3/condabin:/opt/miniconda3/bin:/usr/local/sbin:/usr/local/bin:/usr/sbin:/usr/bin:/sbin:/bin
2026-07-19 14:26:30,309 - INFO - ++ export CONDA_PREFIX=/opt/miniconda3/envs/testbed
++ CONDA_PREFIX=/opt/miniconda3/envs/testbed
++ export CONDA_SHLVL=2
++ CONDA_SHLVL=2
++ export CONDA_DEFAULT_ENV=testbed
++ CONDA_DEFAULT_ENV=testbed
++ export 'CONDA_PROMPT_MODIFIER=(testbed) '
++ CONDA_PROMPT_MODIFIER='(testbed) '
++ export CONDA_PREFIX_1=/opt/miniconda3
++ CONDA_PREFIX_1=/opt/miniconda3
++ export CONDA_EXE=/opt/miniconda3/bin/conda
++ CONDA_EXE=/opt/miniconda3/bin/conda
++ export _CE_M=
++ _CE_M=
++ export _CE_CONDA=
++ _CE_CONDA=
++ export CONDA_PYTHON_EXE=/opt/miniconda3/bin/python
++ CONDA_PYTHON_EXE=/opt/miniconda3/bin/python
2026-07-19 14:26:30,309 - INFO - + __conda_hashr
2026-07-19 14:26:30,309 - INFO - + '[' -n '' ']'
+ '[' -n '' ']'
+ hash -r
2026-07-19 14:26:52,554 - INFO - ---> Removed intermediate container 2ca6dbea25d9
2026-07-19 14:26:52,555 - INFO - ---> b27df95afc53
2026-07-19 14:26:52,555 - INFO - Step 6/7 : WORKDIR /testbed/
2026-07-19 14:26:52,555 - INFO - 
2026-07-19 14:26:53,347 - INFO - ---> [Warning] The requested image's platform (linux/amd64) does not match the detected host platform (linux/arm64/v8) and no specific platform was requested
2026-07-19 14:26:53,348 - INFO - ---> Running in e83e1a3defdf
2026-07-19 14:26:55,465 - INFO - ---> Removed intermediate container e83e1a3defdf
2026-07-19 14:26:55,465 - INFO - ---> 43e091663a93
2026-07-19 14:26:55,465 - INFO - Step 7/7 : RUN echo "source /opt/miniconda3/etc/profile.d/conda.sh && conda activate testbed" > /root/.bashrc
2026-07-19 14:26:55,465 - INFO - 
2026-07-19 14:26:55,481 - INFO - ---> [Warning] The requested image's platform (linux/amd64) does not match the detected host platform (linux/arm64/v8) and no specific platform was requested
2026-07-19 14:26:55,481 - INFO - ---> Running in bc5e89dd3ad6
2026-07-19 14:26:57,258 - INFO - ---> Removed intermediate container bc5e89dd3ad6
2026-07-19 14:26:57,259 - INFO - ---> 7acb57324174
2026-07-19 14:26:57,259 - INFO - Successfully built 7acb57324174
2026-07-19 14:26:57,275 - INFO - Successfully tagged sweb.env.py.x86_64.cd77d16b76895ef2ebb041:latest
2026-07-19 14:26:57,277 - INFO - Image built successfully!
